Component: ARM Compiler 5.06 update 7 (build 960) Tool: armlink [4d3601]

==============================================================================

Section Cross References

    main.o(.text) refers to _printf_percent.o(.ARM.Collect$$_printf_percent$$00000000) for _printf_percent
    main.o(.text) refers to _printf_d.o(.ARM.Collect$$_printf_percent$$00000009) for _printf_d
    main.o(.text) refers to _printf_dec.o(.text) for _printf_int_dec
    main.o(.text) refers to stm32f10x_rcc.o(.text) for RCC_APB1PeriphClockCmd
    main.o(.text) refers to stm32f10x_pwr.o(.text) for PWR_BackupAccessCmd
    main.o(.text) refers to stm32f10x_bkp.o(.text) for BKP_DeInit
    main.o(.text) refers to stm32f10x_rtc.o(.text) for RTC_WaitForSynchro
    main.o(.text) refers to delay.o(.text) for delay_init
    main.o(.text) refers to misc.o(.text) for NVIC_PriorityGroupConfig
    main.o(.text) refers to usart.o(.text) for uart_init
    main.o(.text) refers to led.o(.text) for LED_Init
    main.o(.text) refers to usart3.o(.text) for usart3_init
    main.o(.text) refers to __2printf.o(.text) for __2printf
    main.o(.text) refers to usart.o(.data) for tim_bz
    stm32f10x_it.o(.text) refers to stm32f10x_rtc.o(.text) for RTC_GetITStatus
    stm32f10x_it.o(.text) refers to esp8266.o(.text) for esp8266_send_cmd
    stm32f10x_it.o(.text) refers to usart3.o(.text) for u3_printf
    stm32f10x_it.o(.text) refers to stm32f10x_gpio.o(.text) for GPIO_ResetBits
    stm32f10x_it.o(.text) refers to usart.o(.data) for tim_bz
    system_stm32f10x.o(.text) refers to system_stm32f10x.o(.data) for SystemCoreClock
    esp8266.o(.text) refers to _printf_percent.o(.ARM.Collect$$_printf_percent$$00000000) for _printf_percent
    esp8266.o(.text) refers to _printf_s.o(.ARM.Collect$$_printf_percent$$00000014) for _printf_s
    esp8266.o(.text) refers to _printf_str.o(.text) for _printf_str
    esp8266.o(.text) refers to strstr.o(.text) for strstr
    esp8266.o(.text) refers to usart3.o(.text) for u3_printf
    esp8266.o(.text) refers to delay.o(.text) for delay_ms
    esp8266.o(.text) refers to __2printf.o(.text) for __2printf
    esp8266.o(.text) refers to usart3.o(.data) for USART3_RX_STA
    esp8266.o(.text) refers to usart3.o(.bss) for USART3_RX_BUF
    esp8266.o(.text) refers to esp8266.o(.text) for esp8266_send_cmd
    esp8266.o(.text) refers to delay.o(.text) for delay_ms
    timer.o(.text) refers to stm32f10x_tim.o(.text) for TIM_GetITStatus
    timer.o(.text) refers to stm32f10x_rcc.o(.text) for RCC_APB1PeriphClockCmd
    timer.o(.text) refers to misc.o(.text) for NVIC_Init
    timer.o(.text) refers to usart3.o(.data) for USART3_RX_STA
    usart3.o(.text) refers to stm32f10x_usart.o(.text) for USART_GetITStatus
    usart3.o(.text) refers to stm32f10x_tim.o(.text) for TIM_SetCounter
    usart3.o(.text) refers to stm32f10x_rcc.o(.text) for RCC_APB2PeriphClockCmd
    usart3.o(.text) refers to stm32f10x_gpio.o(.text) for GPIO_Init
    usart3.o(.text) refers to misc.o(.text) for NVIC_Init
    usart3.o(.text) refers to timer.o(.text) for TIM3_Int_Init
    usart3.o(.text) refers to c89vsprintf.o(.text) for __c89vsprintf
    usart3.o(.text) refers to strlen.o(.text) for strlen
    usart3.o(.text) refers to usart3.o(.data) for USART3_RX_STA
    usart3.o(.text) refers to usart3.o(.bss) for USART3_RX_BUF
    led.o(.text) refers to stm32f10x_rcc.o(.text) for RCC_APB2PeriphClockCmd
    led.o(.text) refers to stm32f10x_gpio.o(.text) for GPIO_Init
    adc.o(.text) refers to stm32f10x_rcc.o(.text) for RCC_APB2PeriphClockCmd
    adc.o(.text) refers to stm32f10x_rcc.o(.text) for RCC_ADCCLKConfig
    adc.o(.text) refers to stm32f10x_gpio.o(.text) for GPIO_Init
    adc.o(.text) refers to stm32f10x_adc.o(.text) for ADC_Init
    adc.o(.text) refers to stm32f10x_adc.o(.text) for ADC_Cmd
    adc.o(.text) refers to stm32f10x_adc.o(.text) for ADC_ResetCalibration
    adc.o(.text) refers to stm32f10x_adc.o(.text) for ADC_GetResetCalibrationStatus
    adc.o(.text) refers to stm32f10x_adc.o(.text) for ADC_StartCalibration
    adc.o(.text) refers to stm32f10x_adc.o(.text) for ADC_GetCalibrationStatus
    adc.o(.text) refers to stm32f10x_adc.o(.text) for ADC_SoftwareStartConvCmd
    adc.o(.text) refers to stm32f10x_adc.o(.text) for ADC_RegularChannelConfig
    adc.o(.text) refers to stm32f10x_adc.o(.text) for ADC_SoftwareStartConvCmd
    adc.o(.text) refers to stm32f10x_adc.o(.text) for ADC_GetFlagStatus
    adc.o(.text) refers to stm32f10x_adc.o(.text) for ADC_GetConversionValue
    adc.o(.text) refers to delay.o(.text) for delay_ms
    rtc.o(.text) refers to misc.o(.text) for NVIC_PriorityGroupConfig
    rtc.o(.text) refers to stm32f10x_bkp.o(.text) for BKP_DeInit
    rtc.o(.text) refers to stm32f10x_rcc.o(.text) for RCC_LSEConfig
    rtc.o(.text) refers to stm32f10x_rtc.o(.text) for RTC_WaitForSynchro
    rtc.o(.text) refers to stm32f10x_usart.o(.text) for USART_GetFlagStatus
[...]
    ../clib/printf.c                         0x00000000   Number         0  _printf_char_file.o ABSOLUTE
    ../clib/printf.c                         0x00000000   Number         0  _printf_longlong_dec.o ABSOLUTE
    ../clib/printf.c                         0x00000000   Number         0  _printf_dec.o ABSOLUTE
    ../clib/printf.c                         0x00000000   Number         0  _printf_oct_ll.o ABSOLUTE
    ../clib/printf.c                         0x00000000   Number         0  _printf_oct_int.o ABSOLUTE
    ../clib/printf.c                         0x00000000   Number         0  _printf_oct_int_ll.o ABSOLUTE
    ../clib/printf.c                         0x00000000   Number         0  _printf_wchar.o ABSOLUTE
    ../clib/printf.c                         0x00000000   Number         0  _printf_hex_ll.o ABSOLUTE
    ../clib/printf.c                         0x00000000   Number         0  _printf_hex_int.o ABSOLUTE
    ../clib/printf.c                         0x00000000   Number         0  _printf_hex_int_ll.o ABSOLUTE
    ../clib/printf.c                         0x00000000   Number         0  _printf_hex_ptr.o ABSOLUTE
    ../clib/printf.c                         0x00000000   Number         0  _printf_hex_int_ptr.o ABSOLUTE
    ../clib/printf.c                         0x00000000   Number         0  _printf_hex_ll_ptr.o ABSOLUTE
    ../clib/printf.c                         0x00000000   Number         0  _printf_hex_int_ll_ptr.o ABSOLUTE
    ../clib/printf.c                         0x00000000   Number         0  _printf_fp_dec.o ABSOLUTE
    ../clib/printf.c                         0x00000000   Number         0  _printf_wctomb.o ABSOLUTE
    ../clib/printf.c                         0x00000000   Number         0  c89vsprintf.o ABSOLUTE
    ../clib/printf.c                         0x00000000   Number         0  __2printf.o ABSOLUTE
    ../clib/printf.c                         0x00000000   Number         0  noretval__2printf.o ABSOLUTE
    ../clib/printf.c                         0x00000000   Number         0  __printf.o ABSOLUTE
    ../clib/printf_percent.s                 0x00000000   Number         0  _printf_ll.o ABSOLUTE
    ../clib/printf_percent.s                 0x00000000   Number         0  _printf_o.o ABSOLUTE
    ../clib/printf_percent.s                 0x00000000   Number         0  _printf_l.o ABSOLUTE
    ../clib/printf_percent.s                 0x00000000   Number         0  _printf_ls.o ABSOLUTE
    ../clib/printf_percent.s                 0x00000000   Number         0  _printf_i.o ABSOLUTE
    ../clib/printf_percent.s                 0x00000000   Number         0  _printf_p.o ABSOLUTE
    ../clib/printf_percent.s                 0x00000000   Number         0  _printf_percent.o ABSOLUTE
    ../clib/printf_percent.s                 0x00000000   Number         0  _printf_u.o ABSOLUTE
    ../clib/printf_percent.s                 0x00000000   Number         0  _printf_llu.o ABSOLUTE
    ../clib/printf_percent.s                 0x00000000   Number         0  _printf_f.o ABSOLUTE
    ../clib/printf_percent.s                 0x00000000   Number         0  _printf_a.o ABSOLUTE
    ../clib/printf_percent.s                 0x00000000   Number         0  _printf_lld.o ABSOLUTE
    ../clib/printf_percent.s                 0x00000000   Number         0  _printf_c.o ABSOLUTE
    ../clib/printf_percent.s                 0x00000000   Number         0  _printf_e.o ABSOLUTE
    ../clib/printf_percent.s                 0x00000000   Number         0  _printf_d.o ABSOLUTE
    ../clib/printf_percent.s                 0x00000000   Number         0  _printf_lli.o ABSOLUTE
    ../clib/printf_percent.s                 0x00000000   Number         0  _printf_g.o ABSOLUTE
    ../clib/printf_percent.s                 0x00000000   Number         0  _printf_percent_end.o ABSOLUTE
    ../clib/printf_percent.s                 0x00000000   Number         0  _printf_s.o ABSOLUTE
    ../clib/printf_percent.s                 0x00000000   Number         0  _printf_lc.o ABSOLUTE
    ../clib/printf_percent.s                 0x00000000   Number         0  _printf_llx.o ABSOLUTE
    ../clib/printf_percent.s                 0x00000000   Number         0  _printf_n.o ABSOLUTE
    ../clib/printf_percent.s                 0x00000000   Number         0  _printf_llo.o ABSOLUTE
    ../clib/printf_percent.s                 0x00000000   Number         0  _printf_x.o ABSOLUTE
    ../clib/signal.c                         0x00000000   Number         0  defsig_exit.o ABSOLUTE
    ../clib/signal.c                         0x00000000   Number         0  defsig_rtmem_formal.o ABSOLUTE
    ../clib/signal.c                         0x00000000   Number         0  defsig_rtred_inner.o ABSOLUTE
    ../clib/signal.c                         0x00000000   Number         0  defsig_rtmem_outer.o ABSOLUTE
    ../clib/signal.c                         0x00000000   Number         0  defsig_other.o ABSOLUTE
    ../clib/signal.c                         0x00000000   Number         0  defsig_segv_inner.o ABSOLUTE
    ../clib/signal.c                         0x00000000   Number         0  defsig_cppl_inner.o ABSOLUTE
    ../clib/signal.c                         0x00000000   Number         0  defsig_pvfn_inner.o ABSOLUTE
    ../clib/signal.c                         0x00000000   Number         0  defsig_fpe_inner.o ABSOLUTE
    ../clib/signal.c                         0x00000000   Number         0  defsig_rtmem_inner.o ABSOLUTE
    ../clib/signal.c                         0x00000000   Number         0  __raise.o ABSOLUTE
    ../clib/signal.c                         0x00000000   Number         0  defsig_general.o ABSOLUTE
    ../clib/signal.c                         0x00000000   Number         0  defsig_stak_inner.o ABSOLUTE
    ../clib/signal.c                         0x00000000   Number         0  defsig_abrt_inner.o ABSOLUTE
    ../clib/signal.s                         0x00000000   Number         0  defsig.o ABSOLUTE
    ../clib/stdio.c                          0x00000000   Number         0  ferror.o ABSOLUTE
    ../clib/stdio.c                          0x00000000   Number         0  ferror_locked.o ABSOLUTE
    ../clib/stdlib.c                         0x00000000   Number         0  exit.o ABSOLUTE
    ../clib/string.c                         0x00000000   Number         0  strncmp.o ABSOLUTE
    ../clib/string.c                         0x00000000   Number         0  strlen.o ABSOLUTE
    ../clib/string.c                         0x00000000   Number         0  strstr.o ABSOLUTE
    ../fplib/fpinit.s                        0x00000000   Number         0  fpinit.o ABSOLUTE
    ../fplib/istatus.s                       0x00000000   Number         0  istatus.o ABSOLUTE
    ../fplib/printf1.s                       0x00000000   Number         0  printf1.o ABSOLUTE
    ../fplib/usenofp.s                       0x00000000   Number         0  usenofp.o ABSOLUTE
    ../mathlib/fpclassify.c                  0x00000000   Number         0  fpclassify.o ABSOLUTE
    ..\CORE\core_cm3.c                       0x00000000   Number         0  core_cm3.o ABSOLUTE
    ..\CORE\startup_stm32f10x_hd.s           0x00000000   Number         0  startup_stm32f10x_hd.o ABSOLUTE
    ..\HARDWARE\ADC\adc.c                    0x00000000   Number         0  adc.o ABSOLUTE
    ..\HARDWARE\DHT11\DHT11.C                0x00000000   Number         0  dht11.o ABSOLUTE
    ..\HARDWARE\ESP8266\esp8266.c            0x00000000   Number         0  esp8266.o ABSOLUTE
    ..\HARDWARE\LED\led.c                    0x00000000   Number         0  led.o ABSOLUTE
    ..\HARDWARE\RTC\rtc.c                    0x00000000   Number         0  rtc.o ABSOLUTE
    ..\HARDWARE\TIMER\timer.c                0x00000000   Number         0  timer.o ABSOLUTE
    ..\HARDWARE\USART3\usart3.c              0x00000000   Number         0  usart3.o ABSOLUTE
    ..\STM32F10x_FWLib\src\misc.c            0x00000000   Number         0  misc.o ABSOLUTE
    ..\STM32F10x_FWLib\src\stm32f10x_adc.c   0x00000000   Number         0  stm32f10x_adc.o ABSOLUTE
    ..\STM32F10x_FWLib\src\stm32f10x_bkp.c   0x00000000   Number         0  stm32f10x_bkp.o ABSOLUTE
    ..\STM32F10x_FWLib\src\stm32f10x_flash.c 0x00000000   Number         0  stm32f10x_flash.o ABSOLUTE
    ..\STM32F10x_FWLib\src\stm32f10x_gpio.c  0x00000000   Number         0  stm32f10x_gpio.o ABSOLUTE
    ..\STM32F10x_FWLib\src\stm32f10x_pwr.c   0x00000000   Number         0  stm32f10x_pwr.o ABSOLUTE
    ..\STM32F10x_FWLib\src\stm32f10x_rcc.c   0x00000000   Number         0  stm32f10x_rcc.o ABSOLUTE
    ..\STM32F10x_FWLib\src\stm32f10x_rtc.c   0x00000000   Number         0  stm32f10x_rtc.o ABSOLUTE
    ..\STM32F10x_FWLib\src\stm32f10x_tim.c   0x00000000   Number         0  stm32f10x_tim.o ABSOLUTE
    ..\STM32F10x_FWLib\src\stm32f10x_usart.c 0x00000000   Number         0  stm32f10x_usart.o ABSOLUTE
    ..\SYSTEM\delay\delay.c                  0x00000000   Number         0  delay.o ABSOLUTE
    ..\SYSTEM\sys\sys.c                      0x00000000   Number         0  sys.o ABSOLUTE
    ..\SYSTEM\usart\usart.c                  0x00000000   Number         0  usart.o ABSOLUTE
    ..\\CORE\\core_cm3.c                     0x00000000   Number         0  core_cm3.o ABSOLUTE
    ..\\SYSTEM\\sys\\sys.c                   0x00000000   Number         0  sys.o ABSOLUTE
    dc.s                                     0x00000000   Number         0  dc.o ABSOLUTE
    main.c                                   0x00000000   Number         0  main.o ABSOLUTE
    stm32f10x_it.c                           0x00000000   Number         0  stm32f10x_it.o ABSOLUTE
    system_stm32f10x.c                       0x00000000   Number         0  system_stm32f10x.o ABSOLUTE
    RESET                                    0x08000000   Section      304  startup_stm32f10x_hd.o(RESET)
    !!!main                                  0x08000130   Section        8  __main.o(!!!main)
    !!!scatter                               0x08000138   Section       52  __scatter.o(!!!scatter)
    !!handler_copy                           0x0800016c   Section       26  __scatter_copy.o(!!handler_copy)
    !!handler_zi                             0x08000188   Section       28  __scatter_zi.o(!!handler_zi)
    .ARM.Collect$$_printf_percent$$00000000  0x080001a4   Section        0  _printf_percent.o(.ARM.Collect$$_printf_percent$$00000000)
    .ARM.Collect$$_printf_percent$$00000001  0x080001a4   Section        6  _printf_n.o(.ARM.Collect$$_printf_percent$$00000001)
    .ARM.Collect$$_printf_percent$$00000002  0x080001aa   Section        6  _printf_p.o(.ARM.Collect$$_printf_percent$$00000002)
    .ARM.Collect$$_printf_percent$$00000003  0x080001b0   Section        6  _printf_f.o(.ARM.Collect$$_printf_percent$$00000003)
    .ARM.Collect$$_printf_percent$$00000004  0x080001b6   Section        6  _printf_e.o(.ARM.Collect$$_printf_percent$$00000004)
    .ARM.Collect$$_printf_percent$$00000005  0x080001bc   Section        6  _printf_g.o(.ARM.Collect$$_printf_percent$$00000005)
    .ARM.Collect$$_printf_percent$$00000006  0x080001c2   Section        6  _printf_a.o(.ARM.Collect$$_printf_percent$$00000006)
    .ARM.Collect$$_printf_percent$$00000007  0x080001c8   Section       10  _printf_ll.o(.ARM.Collect$$_printf_percent$$00000007)
    .ARM.Collect$$_printf_percent$$00000008  0x080001d2   Section        6  _printf_i.o(.ARM.Collect$$_printf_percent$$00000008)
    .ARM.Collect$$_printf_percent$$00000009  0x080001d8   Section        6  _printf_d.o(.ARM.Collect$$_printf_percent$$00000009)
    .ARM.Collect$$_printf_percent$$0000000A  0x080001de   Section        6  _printf_u.o(.ARM.Collect$$_printf_percent$$0000000A)
    .ARM.Collect$$_printf_percent$$0000000B  0x080001e4   Section        6  _printf_o.o(.ARM.Collect$$_printf_percent$$0000000B)
    .ARM.Collect$$_printf_percent$$0000000C  0x080001ea   Section        6  _printf_x.o(.ARM.Collect$$_printf_percent$$0000000C)
    .ARM.Collect$$_printf_percent$$0000000D  0x080001f0   Section        6  _printf_lli.o(.ARM.Collect$$_printf_percent$$0000000D)
    .ARM.Collect$$_printf_percent$$0000000E  0x080001f6   Section        6  _printf_lld.o(.ARM.Collect$$_printf_percent$$0000000E)
    .ARM.Collect$$_printf_percent$$0000000F  0x080001fc   Section        6  _printf_llu.o(.ARM.Collect$$_printf_percent$$0000000F)
    .ARM.Collect$$_printf_percent$$00000010  0x08000202   Section        6  _printf_llo.o(.ARM.Collect$$_printf_percent$$00000010)
    .ARM.Collect$$_printf_percent$$00000011  0x08000208   Section        6  _printf_llx.o(.ARM.Collect$$_printf_percent$$00000011)
    .ARM.Collect$$_printf_percent$$00000012  0x0800020e   Section       10  _printf_l.o(.ARM.Collect$$_printf_percent$$00000012)
    .ARM.Collect$$_printf_percent$$00000013  0x08000218   Section        6  _printf_c.o(.ARM.Collect$$_printf_percent$$00000013)
    .ARM.Collect$$_printf_percent$$00000014  0x0800021e   Section        6  _printf_s.o(.ARM.Collect$$_printf_percent$$00000014)
    .ARM.Collect$$_printf_percent$$00000015  0x08000224   Section        6  _printf_lc.o(.ARM.Collect$$_printf_percent$$00000015)
    .ARM.Collect$$_printf_percent$$00000016  0x0800022a   Section        6  _printf_ls.o(.ARM.Collect$$_printf_percent$$00000016)
    .ARM.Collect$$_printf_percent$$00000017  0x08000230   Section        4  _printf_percent_end.o(.ARM.Collect$$_printf_percent$$00000017)
    .ARM.Collect$$libinit$$00000000          0x08000234   Section        2  libinit.o(.ARM.Collect$$libinit$$00000000)
    .ARM.Collect$$libinit$$00000002          0x08000236   Section        0  libinit2.o(.ARM.Collect$$libinit$$00000002)
    .ARM.Collect$$libinit$$00000004          0x08000236   Section        0  libinit2.o(.ARM.Collect$$libinit$$00000004)
    .ARM.Collect$$libinit$$0000000A          0x08000236   Section        0  libinit2.o(.ARM.Collect$$libinit$$0000000A)
    .ARM.Collect$$libinit$$0000000C          0x08000236   Section        0  libinit2.o(.ARM.Collect$$libinit$$0000000C)
    .ARM.Collect$$libinit$$0000000E          0x08000236   Section        0  libinit2.o(.ARM.Collect$$libinit$$0000000E)
    .ARM.Collect$$libinit$$0000000F          0x08000236   Section        6  libinit2.o(.ARM.Collect$$libinit$$0000000F)
    .ARM.Collect$$libinit$$00000011          0x0800023c   Section        0  libinit2.o(.ARM.Collect$$libinit$$00000011)
    .ARM.Collect$$libinit$$00000012          0x0800023c   Section       12  libinit2.o(.ARM.Collect$$libinit$$00000012)
    .ARM.Collect$$libinit$$00000013          0x08000248   Section        0  libinit2.o(.ARM.Collect$$libinit$$00000013)
    .ARM.Collect$$libinit$$00000015          0x08000248   Section        0  libinit2.o(.ARM.Collect$$libinit$$00000015)
    .ARM.Collect$$libinit$$00000016          0x08000248   Section       10  libinit2.o(.ARM.Collect$$libinit$$00000016)
    .ARM.Collect$$libinit$$00000017          0x08000252   Section        0  libinit2.o(.ARM.Collect$$libinit$$00000017)
    .ARM.Collect$$libinit$$00000019          0x08000252   Section        0  libinit2.o(.ARM.Collect$$libinit$$00000019)
    .ARM.Collect$$libinit$$0000001B          0x08000252   Section        0  libinit2.o(.ARM.Collect$$libinit$$0000001B)
    .ARM.Collect$$libinit$$0000001D          0x08000252   Section        0  libinit2.o(.ARM.Collect$$libinit$$0000001D)
    .ARM.Collect$$libinit$$0000001F          0x08000252   Section        0  libinit2.o(.ARM.Collect$$libinit$$0000001F)
    .ARM.Collect$$libinit$$00000021          0x08000252   Section        0  libinit2.o(.ARM.Collect$$libinit$$00000021)
    .ARM.Collect$$libinit$$00000023          0x08000252   Section        0  libinit2.o(.ARM.Collect$$libinit$$00000023)
    .ARM.Collect$$libinit$$00000025          0x08000252   Section        0  libinit2.o(.ARM.Collect$$libinit$$00000025)
    .ARM.Collect$$libinit$$0000002C          0x08000252   Section        0  libinit2.o(.ARM.Collect$$libinit$$0000002C)
    .ARM.Collect$$libinit$$0000002E          0x08000252   Section        0  libinit2.o(.ARM.Collect$$libinit$$0000002E)
    .ARM.Collect$$libinit$$00000030          0x08000252   Section        0  libinit2.o(.ARM.Collect$$libinit$$00000030)
    .ARM.Collect$$libinit$$00000032          0x08000252   Section        0  libinit2.o(.ARM.Collect$$libinit$$00000032)
    .ARM.Collect$$libinit$$00000033          0x08000252   Section        2  libinit2.o(.ARM.Collect$$libinit$$00000033)
    .ARM.Collect$$libshutdown$$00000000      0x08000254   Section        2  libshutdown.o(.ARM.Collect$$libshutdown$$00000000)
    .ARM.Collect$$libshutdown$$00000002      0x08000256   Section        0  libshutdown2.o(.ARM.Collect$$libshutdown$$00000002)
    .ARM.Collect$$libshutdown$$00000004      0x08000256   Section        0  libshutdown2.o(.ARM.Collect$$libshutdown$$00000004)
    .ARM.Collect$$libshutdown$$00000006      0x08000256   Section        0  libshutdown2.o(.ARM.Collect$$libshutdown$$00000006)
    .ARM.Collect$$libshutdown$$00000009      0x08000256   Section        0  libshutdown2.o(.ARM.Collect$$libshutdown$$00000009)
    .ARM.Collect$$libshutdown$$0000000C      0x08000256   Section        0  libshutdown2.o(.ARM.Collect$$libshutdown$$0000000C)
    .ARM.Collect$$libshutdown$$0000000E      0x08000256   Section        0  libshutdown2.o(.ARM.Collect$$libshutdown$$0000000E)
    .ARM.Collect$$libshutdown$$00000011      0x08000256   Section        0  libshutdown2.o(.ARM.Collect$$libshutdown$$00000011)
    .ARM.Collect$$libshutdown$$00000012      0x08000256   Section        2  libshutdown2.o(.ARM.Collect$$libshutdown$$00000012)
    .ARM.Collect$$rtentry$$00000000          0x08000258   Section        0  __rtentry.o(.ARM.Collect$$rtentry$$00000000)
    .ARM.Collect$$rtentry$$00000002          0x08000258   Section        0  __rtentry2.o(.ARM.Collect$$rtentry$$00000002)
    .ARM.Collect$$rtentry$$00000004          0x08000258   Section        6  __rtentry4.o(.ARM.Collect$$rtentry$$00000004)
    .ARM.Collect$$rtentry$$00000009          0x0800025e   Section        0  __rtentry2.o(.ARM.Collect$$rtentry$$00000009)
    .ARM.Collect$$rtentry$$0000000A          0x0800025e   Section        4  __rtentry2.o(.ARM.Collect$$rtentry$$0000000A)
    .ARM.Collect$$rtentry$$0000000C          0x08000262   Section        0  __rtentry2.o(.ARM.Collect$$rtentry$$0000000C)
    .ARM.Collect$$rtentry$$0000000D          0x08000262   Section        8  __rtentry2.o(.ARM.Collect$$rtentry$$0000000D)
    .ARM.Collect$$rtexit$$00000000           0x0800026a   Section        2  rtexit.o(.ARM.Collect$$rtexit$$00000000)
    .ARM.Collect$$rtexit$$00000002           0x0800026c   Section        0  rtexit2.o(.ARM.Collect$$rtexit$$00000002)
    .ARM.Collect$$rtexit$$00000003           0x0800026c   Section        4  rtexit2.o(.ARM.Collect$$rtexit$$00000003)
    .ARM.Collect$$rtexit$$00000004           0x08000270   Section        6  rtexit2.o(.ARM.Collect$$rtexit$$00000004)
    .text                                    0x08000278   Section        0  main.o(.text)
    RTC_Configuration                        0x08000279   Thumb Code    94  main.o(.text)
    .text                                    0x080003d8   Section        0  stm32f10x_it.o(.text)
    .text                                    0x08000460   Section        0  system_stm32f10x.o(.text)
    SetSysClockTo72                          0x08000461   Thumb Code   214  system_stm32f10x.o(.text)
    SetSysClock                              0x08000537   Thumb Code     8  system_stm32f10x.o(.text)
    .text                                    0x080005a0   Section        0  esp8266.o(.text)
    .text                                    0x08000644   Section        0  timer.o(.text)
    .text                                    0x080006d0   Section        0  usart3.o(.text)
    .text                                    0x08000868   Section        0  led.o(.text)
    .text                                    0x080008c8   Section        0  delay.o(.text)
    .text                                    0x08000954   Section        0  usart.o(.text)
    .text                                    0x08000a94   Section       64  startup_stm32f10x_hd.o(.text)
    .text                                    0x08000ad4   Section        0  misc.o(.text)
    .text                                    0x08000b7c   Section        0  stm32f10x_gpio.o(.text)
    .text                                    0x08000c9c   Section        0  stm32f10x_rcc.o(.text)
    .text                                    0x08000e70   Section        0  stm32f10x_usart.o(.text)
    .text                                    0x080010c0   Section        0  stm32f10x_tim.o(.text)
    TI4_Config                               0x0800113b   Thumb Code   130  stm32f10x_tim.o(.text)
    TI3_Config                               0x080011bd   Thumb Code   122  stm32f10x_tim.o(.text)
    TI2_Config                               0x08001237   Thumb Code   130  stm32f10x_tim.o(.text)
    TI1_Config                               0x080012b9   Thumb Code   108  stm32f10x_tim.o(.text)
    .text                                    0x080013a4   Section        0  stm32f10x_rtc.o(.text)
    .text                                    0x08001498   Section        0  stm32f10x_bkp.o(.text)
    .text                                    0x080014dc   Section        0  stm32f10x_pwr.o(.text)
    .text                                    0x080014e8   Section        2  use_no_semi_2.o(.text)
    .text                                    0x080014ec   Section        0  c89vsprintf.o(.text)
    .text                                    0x08001510   Section        0  __2printf.o(.text)
    .text                                    0x08001528   Section        0  _printf_str.o(.text)
    .text                                    0x0800157c   Section        0  _printf_dec.o(.text)
    .text                                    0x080015f4   Section        0  __printf_flags_ss_wp.o(.text)
    .text                                    0x0800177c   Section        0  strstr.o(.text)
    .text                                    0x080017a0   Section        0  strlen.o(.text)
    .text                                    0x080017de   Section        0  heapauxi.o(.text)
    .text                                    0x080017e4   Section        2  use_no_semi.o(.text)
    .text                                    0x080017e6   Section        0  _printf_pad.o(.text)
    .text                                    0x08001834   Section        0  _printf_truncate.o(.text)
    .text                                    0x08001858   Section        0  _printf_intcommon.o(.text)
    .text                                    0x0800190a   Section        0  _printf_charcount.o(.text)
    .text                                    0x08001934   Section        0  _printf_char_common.o(.text)
    _printf_input_char                       0x08001935   Thumb Code    10  _printf_char_common.o(.text)
    .text                                    0x08001964   Section        0  _sputc.o(.text)
    .text                                    0x0800196e   Section        0  _printf_char.o(.text)
    .text                                    0x0800199c   Section        0  _printf_char_file.o(.text)
    .text                                    0x080019c0   Section        0  _printf_wctomb.o(.text)
    .text                                    0x08001a7c   Section        0  _printf_longlong_dec.o(.text)
    .text                                    0x08001af8   Section        0  _printf_oct_int_ll.o(.text)
    _printf_longlong_oct_internal            0x08001af9   Thumb Code     0  _printf_oct_int_ll.o(.text)
    .text                                    0x08001b68   Section        0  _printf_hex_int_ll_ptr.o(.text)
    _printf_hex_common                       0x08001b69   Thumb Code     0  _printf_hex_int_ll_ptr.o(.text)
    .text                                    0x08001bfc   Section      138  lludiv10.o(.text)
    .text                                    0x08001c86   Section        0  _printf_fp_dec.o(.text)
    _fp_digits                               0x08001c89   Thumb Code   432  _printf_fp_dec.o(.text)
    .text                                    0x080020a4   Section        0  _printf_wchar.o(.text)
    .text                                    0x080020d0   Section        0  ferror.o(.text)
    .text                                    0x080020d8   Section        0  _wcrtomb.o(.text)
    .text                                    0x08002118   Section       74  sys_stackheap_outer.o(.text)
    .text                                    0x08002164   Section       16  rt_ctype_table.o(.text)
    .text                                    0x08002174   Section        8  rt_locale_intlibspace.o(.text)
    .text                                    0x0800217c   Section        0  _printf_fp_infnan.o(.text)
    .text                                    0x080021fc   Section        0  bigflt0.o(.text)
    .text                                    0x080022e0   Section        0  exit.o(.text)
    .text                                    0x080022f4   Section        8  libspace.o(.text)
    .text                                    0x080022fc   Section      128  strcmpv7m.o(.text)
    CL$$btod_d2e                             0x0800237c   Section       62  btod.o(CL$$btod_d2e)
    CL$$btod_d2e_denorm_low                  0x080023ba   Section       70  btod.o(CL$$btod_d2e_denorm_low)
    CL$$btod_d2e_norm_op1                    0x08002400   Section       96  btod.o(CL$$btod_d2e_norm_op1)
    CL$$btod_div_common                      0x08002460   Section      824  btod.o(CL$$btod_div_common)
    CL$$btod_e2e                             0x08002798   Section      220  btod.o(CL$$btod_e2e)
    CL$$btod_ediv                            0x08002874   Section       42  btod.o(CL$$btod_ediv)
    CL$$btod_emul                            0x0800289e   Section       42  btod.o(CL$$btod_emul)
    CL$$btod_mult_common                     0x080028c8   Section      580  btod.o(CL$$btod_mult_common)
    i.__ARM_fpclassify                       0x08002b0c   Section        0  fpclassify.o(i.__ARM_fpclassify)
    i._is_digit                              0x08002b34   Section        0  __printf_wp.o(i._is_digit)
    locale$$code                             0x08002b44   Section       44  lc_numeric_c.o(locale$$code)
    locale$$code                             0x08002b70   Section       44  lc_ctype_c.o(locale$$code)
    x$fpl$printf1                            0x08002b9c   Section        4  printf1.o(x$fpl$printf1)
    .constdata                               0x08002ba0   Section       17  __printf_flags_ss_wp.o(.constdata)
    x$fpl$usenofp                            0x08002ba0   Section        0  usenofp.o(x$fpl$usenofp)
    maptable                                 0x08002ba0   Data          17  __printf_flags_ss_wp.o(.constdata)
    .constdata                               0x08002bb4   Section        8  _printf_wctomb.o(.constdata)
    initial_mbstate                          0x08002bb4   Data           8  _printf_wctomb.o(.constdata)
    .constdata                               0x08002bbc   Section       40  _printf_hex_int_ll_ptr.o(.constdata)
    uc_hextab                                0x08002bbc   Data          20  _printf_hex_int_ll_ptr.o(.constdata)
    lc_hextab                                0x08002bd0   Data          20  _printf_hex_int_ll_ptr.o(.constdata)
    .constdata                               0x08002be4   Section      148  bigflt0.o(.constdata)
    tenpwrs_x                                0x08002be4   Data          60  bigflt0.o(.constdata)
    tenpwrs_i                                0x08002c20   Data          64  bigflt0.o(.constdata)
    locale$$data                             0x08002c98   Section       28  lc_numeric_c.o(locale$$data)
    __lcnum_c_name                           0x08002c9c   Data           2  lc_numeric_c.o(locale$$data)
    __lcnum_c_start                          0x08002ca4   Data           0  lc_numeric_c.o(locale$$data)
    __lcnum_c_point                          0x08002cb0   Data           0  lc_numeric_c.o(locale$$data)
    __lcnum_c_thousands                      0x08002cb2   Data           0  lc_numeric_c.o(locale$$data)
    __lcnum_c_grouping                       0x08002cb3   Data           0  lc_numeric_c.o(locale$$data)
    locale$$data                             0x08002cb4   Section      272  lc_ctype_c.o(locale$$data)
    __lcnum_c_end                            0x08002cb4   Data           0  lc_numeric_c.o(locale$$data)
    __lcctype_c_name                         0x08002cb8   Data           2  lc_ctype_c.o(locale$$data)
    __lcctype_c_start                        0x08002cc0   Data           0  lc_ctype_c.o(locale$$data)
    __lcctype_c_end                          0x08002dc4   Data           0  lc_ctype_c.o(locale$$data)
    .data                                    0x20000000   Section       20  system_stm32f10x.o(.data)
    .data                                    0x20000014   Section        2  usart3.o(.data)
    .data                                    0x20000016   Section        4  delay.o(.data)
    fac_us                                   0x20000016   Data           1  delay.o(.data)
    fac_ms                                   0x20000018   Data           2  delay.o(.data)
    .data                                    0x2000001c   Section        7  usart.o(.data)
    .data                                    0x20000023   Section       20  stm32f10x_rcc.o(.data)
    APBAHBPrescTable                         0x20000023   Data          16  stm32f10x_rcc.o(.data)
    ADCPrescTable                            0x20000033   Data           4  stm32f10x_rcc.o(.data)
    .bss                                     0x20000038   Section     1200  usart3.o(.bss)
    .bss                                     0x200004e8   Section      200  usart.o(.bss)
    .bss                                     0x200005b0   Section       96  libspace.o(.bss)
    HEAP                                     0x20000610   Section      512  startup_stm32f10x_hd.o(HEAP)
    Heap_Mem                                 0x20000610   Data         512  startup_stm32f10x_hd.o(HEAP)
    STACK                                    0x20000810   Section     1024  startup_stm32f10x_hd.o(STACK)
    Stack_Mem                                0x20000810   Data        1024  startup_stm32f10x_hd.o(STACK)
    __initial_sp                             0x20000c10   Data           0  startup_stm32f10x_hd.o(STACK)

    Global Symbols

    Symbol Name                              Value     Ov Type        Size  Object(Section)

    BuildAttributes$$THM_ISAv4$P$D$K$B$S$PE$A:L22UL41UL21$X:L11$S22US41US21$IEEE1$IW$USESV6$~STKCKD$USESV7$~SHL$OTIME$ROPI$IEEEJ$EBA8$UX$STANDARDLIB$REQ8$PRES8$EABIv2 0x00000000   Number         0  anon$$obj.o ABSOLUTE
    __ARM_use_no_argv                        0x00000000   Number         0  main.o ABSOLUTE
    _printf_flags                            0x00000000   Number         0  printf_stubs.o ABSOLUTE
    _printf_return_value                     0x00000000   Number         0  printf_stubs.o ABSOLUTE
    _printf_sizespec                         0x00000000   Number         0  printf_stubs.o ABSOLUTE
    _printf_widthprec                        0x00000000   Number         0  printf_stubs.o ABSOLUTE
    __ARM_exceptions_init                     - Undefined Weak Reference
    __alloca_initialize                       - Undefined Weak Reference
    __arm_fini_                               - Undefined Weak Reference
    __arm_preinit_                            - Undefined Weak Reference
    __cpp_initialize__aeabi_                  - Undefined Weak Reference
    __cxa_finalize                            - Undefined Weak Reference
    __sigvec_lookup                           - Undefined Weak Reference
    _atexit_init                              - Undefined Weak Reference
    _call_atexit_fns                          - Undefined Weak Reference
    _clock_init                               - Undefined Weak Reference
    _fp_trap_init                             - Undefined Weak Reference
    _fp_trap_shutdown                         - Undefined Weak Reference
    _get_lc_collate                           - Undefined Weak Reference
    _get_lc_monetary                          - Undefined Weak Reference
    _get_lc_time                              - Undefined Weak Reference
    _getenv_init                              - Undefined Weak Reference
    _handle_redirection                       - Undefined Weak Reference
    _init_alloc                               - Undefined Weak Reference
    _init_user_alloc                          - Undefined Weak Reference
    _initio                                   - Undefined Weak Reference
    _mutex_acquire                            - Undefined Weak Reference
    _mutex_release                            - Undefined Weak Reference
    _printf_fp_hex                            - Undefined Weak Reference
    _printf_mbtowc                            - Undefined Weak Reference
    _printf_wc                                - Undefined Weak Reference
    _rand_init                                - Undefined Weak Reference
    _signal_finish                            - Undefined Weak Reference
    _signal_init                              - Undefined Weak Reference
    _terminate_alloc                          - Undefined Weak Reference
    _terminate_user_alloc                     - Undefined Weak Reference
    _terminateio                              - Undefined Weak Reference
    __Vectors_Size                           0x00000130   Number         0  startup_stm32f10x_hd.o ABSOLUTE
    __Vectors                                0x08000000   Data           4  startup_stm32f10x_hd.o(RESET)
    __Vectors_End                            0x08000130   Data           0  startup_stm32f10x_hd.o(RESET)
    __main                                   0x08000131   Thumb Code     8  __main.o(!!!main)
    __scatterload                            0x08000139   Thumb Code     0  __scatter.o(!!!scatter)
    __scatterload_rt2                        0x08000139   Thumb Code    44  __scatter.o(!!!scatter)
    __scatterload_rt2_thumb_only             0x08000139   Thumb Code     0  __scatter.o(!!!scatter)
    __scatterload_null                       0x08000147   Thumb Code     0  __scatter.o(!!!scatter)
    __scatterload_copy                       0x0800016d   Thumb Code    26  __scatter_copy.o(!!handler_copy)
    __scatterload_zeroinit                   0x08000189   Thumb Code    28  __scatter_zi.o(!!handler_zi)
    _printf_n                                0x080001a5   Thumb Code     0  _printf_n.o(.ARM.Collect$$_printf_percent$$00000001)
    _printf_percent                          0x080001a5   Thumb Code     0  _printf_percent.o(.ARM.Collect$$_printf_percent$$00000000)
    _printf_p                                0x080001ab   Thumb Code     0  _printf_p.o(.ARM.Collect$$_printf_percent$$00000002)
    _printf_f                                0x080001b1   Thumb Code     0  _printf_f.o(.ARM.Collect$$_printf_percent$$00000003)
    _printf_e                                0x080001b7   Thumb Code     0  _printf_e.o(.ARM.Collect$$_printf_percent$$00000004)
    _printf_g                                0x080001bd   Thumb Code     0  _printf_g.o(.ARM.Collect$$_printf_percent$$00000005)
    _printf_a                                0x080001c3   Thumb Code     0  _printf_a.o(.ARM.Collect$$_printf_percent$$00000006)
    _printf_ll                               0x080001c9   Thumb Code     0  _printf_ll.o(.ARM.Collect$$_printf_percent$$00000007)
    _printf_i                                0x080001d3   Thumb Code     0  _printf_i.o(.ARM.Collect$$_printf_percent$$00000008)
    _printf_d                                0x080001d9   Thumb Code     0  _printf_d.o(.ARM.Collect$$_printf_percent$$00000009)
    _printf_u                                0x080001df   Thumb Code     0  _printf_u.o(.ARM.Collect$$_printf_percent$$0000000A)
    _printf_o                                0x080001e5   Thumb Code     0  _printf_o.o(.ARM.Collect$$_printf_percent$$0000000B)
    _printf_x                                0x080001eb   Thumb Code     0  _printf_x.o(.ARM.Collect$$_printf_percent$$0000000C)
    _printf_lli                              0x080001f1   Thumb Code     0  _printf_lli.o(.ARM.Collect$$_printf_percent$$0000000D)
    _printf_lld                              0x080001f7   Thumb Code     0  _printf_lld.o(.ARM.Collect$$_printf_percent$$0000000E)
    _printf_llu                              0x080001fd   Thumb Code     0  _printf_llu.o(.ARM.Collect$$_printf_percent$$0000000F)
    _printf_llo                              0x08000203   Thumb Code     0  _printf_llo.o(.ARM.Collect$$_printf_percent$$00000010)
    _printf_llx                              0x08000209   Thumb Code     0  _printf_llx.o(.ARM.Collect$$_printf_percent$$00000011)
    _printf_l                                0x0800020f   Thumb Code     0  _printf_l.o(.ARM.Collect$$_printf_percent$$00000012)
    _printf_c                                0x08000219   Thumb Code     0  _printf_c.o(.ARM.Collect$$_printf_percent$$00000013)
    _printf_s                                0x0800021f   Thumb Code     0  _printf_s.o(.ARM.Collect$$_printf_percent$$00000014)
    _printf_lc                               0x08000225   Thumb Code     0  _printf_lc.o(.ARM.Collect$$_printf_percent$$00000015)
    _printf_ls                               0x0800022b   Thumb Code     0  _printf_ls.o(.ARM.Collect$$_printf_percent$$00000016)
    _printf_percent_end                      0x08000231   Thumb Code     0  _printf_percent_end.o(.ARM.Collect$$_printf_percent$$00000017)
    __rt_lib_init                            0x08000235   Thumb Code     0  libinit.o(.ARM.Collect$$libinit$$00000000)
    __rt_lib_init_fp_1                       0x08000237   Thumb Code     0  libinit2.o(.ARM.Collect$$libinit$$00000002)
    __rt_lib_init_heap_1                     0x08000237   Thumb Code     0  libinit2.o(.ARM.Collect$$libinit$$0000000A)
    __rt_lib_init_lc_common                  0x08000237   Thumb Code     0  libinit2.o(.ARM.Collect$$libinit$$0000000F)
    __rt_lib_init_preinit_1                  0x08000237   Thumb Code     0  libinit2.o(.ARM.Collect$$libinit$$00000004)
    __rt_lib_init_rand_1                     0x08000237   Thumb Code     0  libinit2.o(.ARM.Collect$$libinit$$0000000E)
    __rt_lib_init_user_alloc_1               0x08000237   Thumb Code     0  libinit2.o(.ARM.Collect$$libinit$$0000000C)
    __rt_lib_init_lc_collate_1               0x0800023d   Thumb Code     0  libinit2.o(.ARM.Collect$$libinit$$00000011)
    __rt_lib_init_lc_ctype_2                 0x0800023d   Thumb Code     0  libinit2.o(.ARM.Collect$$libinit$$00000012)
    __rt_lib_init_lc_ctype_1                 0x08000249   Thumb Code     0  libinit2.o(.ARM.Collect$$libinit$$00000013)
    __rt_lib_init_lc_monetary_1              0x08000249   Thumb Code     0  libinit2.o(.ARM.Collect$$libinit$$00000015)
    __rt_lib_init_lc_numeric_2               0x08000249   Thumb Code     0  libinit2.o(.ARM.Collect$$libinit$$00000016)
    __rt_lib_init_alloca_1                   0x08000253   Thumb Code     0  libinit2.o(.ARM.Collect$$libinit$$0000002E)
    __rt_lib_init_argv_1                     0x08000253   Thumb Code     0  libinit2.o(.ARM.Collect$$libinit$$0000002C)
    __rt_lib_init_atexit_1                   0x08000253   Thumb Code     0  libinit2.o(.ARM.Collect$$libinit$$0000001B)
    __rt_lib_init_clock_1                    0x08000253   Thumb Code     0  libinit2.o(.ARM.Collect$$libinit$$00000021)
    __rt_lib_init_cpp_1                      0x08000253   Thumb Code     0  libinit2.o(.ARM.Collect$$libinit$$00000032)
    __rt_lib_init_exceptions_1               0x08000253   Thumb Code     0  libinit2.o(.ARM.Collect$$libinit$$00000030)
    __rt_lib_init_fp_trap_1                  0x08000253   Thumb Code     0  libinit2.o(.ARM.Collect$$libinit$$0000001F)
    __rt_lib_init_getenv_1                   0x08000253   Thumb Code     0  libinit2.o(.ARM.Collect$$libinit$$00000023)
    __rt_lib_init_lc_numeric_1               0x08000253   Thumb Code     0  libinit2.o(.ARM.Collect$$libinit$$00000017)
    __rt_lib_init_lc_time_1                  0x08000253   Thumb Code     0  libinit2.o(.ARM.Collect$$libinit$$00000019)
    __rt_lib_init_return                     0x08000253   Thumb Code     0  libinit2.o(.ARM.Collect$$libinit$$00000033)
    __rt_lib_init_signal_1                   0x08000253   Thumb Code     0  libinit2.o(.ARM.Collect$$libinit$$0000001D)
    __rt_lib_init_stdio_1                    0x08000253   Thumb Code     0  libinit2.o(.ARM.Collect$$libinit$$00000025)
    __rt_lib_shutdown                        0x08000255   Thumb Code     0  libshutdown.o(.ARM.Collect$$libshutdown$$00000000)
    __rt_lib_shutdown_cpp_1                  0x08000257   Thumb Code     0  libshutdown2.o(.ARM.Collect$$libshutdown$$00000004)
    __rt_lib_shutdown_fini_1                 0x08000257   Thumb Code     0  libshutdown2.o(.ARM.Collect$$libshutdown$$00000002)
    __rt_lib_shutdown_fp_trap_1              0x08000257   Thumb Code     0  libshutdown2.o(.ARM.Collect$$libshutdown$$00000009)
    __rt_lib_shutdown_heap_1                 0x08000257   Thumb Code     0  libshutdown2.o(.ARM.Collect$$libshutdown$$00000011)
    __rt_lib_shutdown_return                 0x08000257   Thumb Code     0  libshutdown2.o(.ARM.Collect$$libshutdown$$00000012)
    __rt_lib_shutdown_signal_1               0x08000257   Thumb Code     0  libshutdown2.o(.ARM.Collect$$libshutdown$$0000000C)
    __rt_lib_shutdown_stdio_1                0x08000257   Thumb Code     0  libshutdown2.o(.ARM.Collect$$libshutdown$$00000006)
    __rt_lib_shutdown_user_alloc_1           0x08000257   Thumb Code     0  libshutdown2.o(.ARM.Collect$$libshutdown$$0000000E)
    __rt_entry                               0x08000259   Thumb Code     0  __rtentry.o(.ARM.Collect$$rtentry$$00000000)
    __rt_entry_presh_1                       0x08000259   Thumb Code     0  __rtentry2.o(.ARM.Collect$$rtentry$$00000002)
    __rt_entry_sh                            0x08000259   Thumb Code     0  __rtentry4.o(.ARM.Collect$$rtentry$$00000004)
    __rt_entry_li                            0x0800025f   Thumb Code     0  __rtentry2.o(.ARM.Collect$$rtentry$$0000000A)
    __rt_entry_postsh_1                      0x0800025f   Thumb Code     0  __rtentry2.o(.ARM.Collect$$rtentry$$00000009)
    __rt_entry_main                          0x08000263   Thumb Code     0  __rtentry2.o(.ARM.Collect$$rtentry$$0000000D)
    __rt_entry_postli_1                      0x08000263   Thumb Code     0  __rtentry2.o(.ARM.Collect$$rtentry$$0000000C)
    __rt_exit                                0x0800026b   Thumb Code     0  rtexit.o(.ARM.Collect$$rtexit$$00000000)
    __rt_exit_ls                             0x0800026d   Thumb Code     0  rtexit2.o(.ARM.Collect$$rtexit$$00000003)
    __rt_exit_prels_1                        0x0800026d   Thumb Code     0  rtexit2.o(.ARM.Collect$$rtexit$$00000002)
    __rt_exit_exit                           0x08000271   Thumb Code     0  rtexit2.o(.ARM.Collect$$rtexit$$00000004)
    Clock_Init                               0x080002d7   Thumb Code   102  main.o(.text)
    main                                     0x0800033d   Thumb Code   126  main.o(.text)
    NMI_Handler                              0x080003d9   Thumb Code     2  stm32f10x_it.o(.text)
    HardFault_Handler                        0x080003db   Thumb Code     4  stm32f10x_it.o(.text)
    MemManage_Handler                        0x080003df   Thumb Code     4  stm32f10x_it.o(.text)
    BusFault_Handler                         0x080003e3   Thumb Code     4  stm32f10x_it.o(.text)
    UsageFault_Handler                       0x080003e7   Thumb Code     4  stm32f10x_it.o(.text)
    SVC_Handler                              0x080003eb   Thumb Code     2  stm32f10x_it.o(.text)
    DebugMon_Handler                         0x080003ed   Thumb Code     2  stm32f10x_it.o(.text)
    PendSV_Handler                           0x080003ef   Thumb Code     2  stm32f10x_it.o(.text)
    SysTick_Handler                          0x080003f1   Thumb Code     2  stm32f10x_it.o(.text)
    RTC_IRQHandler                           0x080003f3   Thumb Code    66  stm32f10x_it.o(.text)
    SystemInit                               0x0800053f   Thumb Code    78  system_stm32f10x.o(.text)
    esp8266_check_cmd                        0x080005a1   Thumb Code    44  esp8266.o(.text)
    esp8266_send_cmd                         0x080005cd   Thumb Code    92  esp8266.o(.text)
    TIM3_IRQHandler                          0x08000645   Thumb Code    42  timer.o(.text)
    TIM3_Int_Init                            0x0800066f   Thumb Code    90  timer.o(.text)
    USART3_IRQHandler                        0x080006d1   Thumb Code    94  usart3.o(.text)
    usart3_init                              0x0800072f   Thumb Code   218  usart3.o(.text)
    u3_printf                                0x08000809   Thumb Code    72  usart3.o(.text)
    LED_Init                                 0x08000869   Thumb Code    86  led.o(.text)
    delay_init                               0x080008c9   Thumb Code    50  delay.o(.text)
    delay_ms                                 0x080008fb   Thumb Code    72  delay.o(.text)
    _sys_exit                                0x08000955   Thumb Code     6  usart.o(.text)
    fputc                                    0x0800095b   Thumb Code    24  usart.o(.text)
    uart_init                                0x08000973   Thumb Code   152  usart.o(.text)
    USART1_IRQHandler                        0x08000a0b   Thumb Code   122  usart.o(.text)
    Reset_Handler                            0x08000a95   Thumb Code     8  startup_stm32f10x_hd.o(.text)
    ADC1_2_IRQHandler                        0x08000aaf   Thumb Code     0  startup_stm32f10x_hd.o(.text)
    ADC3_IRQHandler                          0x08000aaf   Thumb Code     0  startup_stm32f10x_hd.o(.text)
    CAN1_RX1_IRQHandler                      0x08000aaf   Thumb Code     0  startup_stm32f10x_hd.o(.text)
    CAN1_SCE_IRQHandler                      0x08000aaf   Thumb Code     0  startup_stm32f10x_hd.o(.text)
    DMA1_Channel1_IRQHandler                 0x08000aaf   Thumb Code     0  startup_stm32f10x_hd.o(.text)
    DMA1_Channel2_IRQHandler                 0x08000aaf   Thumb Code     0  startup_stm32f10x_hd.o(.text)
    DMA1_Channel3_IRQHandler                 0x08000aaf   Thumb Code     0  startup_stm32f10x_hd.o(.text)
    DMA1_Channel4_IRQHandler                 0x08000aaf   Thumb Code     0  startup_stm32f10x_hd.o(.text)
    DMA1_Channel5_IRQHandler                 0x08000aaf   Thumb Code     0  startup_stm32f10x_hd.o(.text)
    DMA1_Channel6_IRQHandler                 0x08000aaf   Thumb Code     0  startup_stm32f10x_hd.o(.text)
    DMA1_Channel7_IRQHandler                 0x08000aaf   Thumb Code     0  startup_stm32f10x_hd.o(.text)
    DMA2_Channel1_IRQHandler                 0x08000aaf   Thumb Code     0  startup_stm32f10x_hd.o(.text)
    DMA2_Channel2_IRQHandler                 0x08000aaf   Thumb Code     0  startup_stm32f10x_hd.o(.text)
    DMA2_Channel3_IRQHandler                 0x08000aaf   Thumb Code     0  startup_stm32f10x_hd.o(.text)
    DMA2_Channel4_5_IRQHandler               0x08000aaf   Thumb Code     0  startup_stm32f10x_hd.o(.text)
    EXTI0_IRQHandler                         0x08000aaf   Thumb Code     0  startup_stm32f10x_hd.o(.text)
    EXTI15_10_IRQHandler                     0x08000aaf   Thumb Code     0  startup_stm32f10x_hd.o(.text)
    EXTI1_IRQHandler                         0x08000aaf   Thumb Code     0  startup_stm32f10x_hd.o(.text)
    EXTI2_IRQHandler                         0x08000aaf   Thumb Code     0  startup_stm32f10x_hd.o(.text)
    EXTI3_IRQHandler                         0x08000aaf   Thumb Code     0  startup_stm32f10x_hd.o(.text)
    EXTI4_IRQHandler                         0x08000aaf   Thumb Code     0  startup_stm32f10x_hd.o(.text)
    EXTI9_5_IRQHandler                       0x08000aaf   Thumb Code     0  startup_stm32f10x_hd.o(.text)
    FLASH_IRQHandler                         0x08000aaf   Thumb Code     0  startup_stm32f10x_hd.o(.text)
    FSMC_IRQHandler                          0x08000aaf   Thumb Code     0  startup_stm32f10x_hd.o(.text)
    I2C1_ER_IRQHandler                       0x08000aaf   Thumb Code     0  startup_stm32f10x_hd.o(.text)
    I2C1_EV_IRQHandler                       0x08000aaf   Thumb Code     0  startup_stm32f10x_hd.o(.text)
    I2C2_ER_IRQHandler                       0x08000aaf   Thumb Code     0  startup_stm32f10x_hd.o(.text)
    I2C2_EV_IRQHandler                       0x08000aaf   Thumb Code     0  startup_stm32f10x_hd.o(.text)
    PVD_IRQHandler                           0x08000aaf   Thumb Code     0  startup_stm32f10x_hd.o(.text)
    RCC_IRQHandler                           0x08000aaf   Thumb Code     0  startup_stm32f10x_hd.o(.text)
    RTCAlarm_IRQHandler                      0x08000aaf   Thumb Code     0  startup_stm32f10x_hd.o(.text)
    SDIO_IRQHandler                          0x08000aaf   Thumb Code     0  startup_stm32f10x_hd.o(.text)
    SPI1_IRQHandler                          0x08000aaf   Thumb Code     0  startup_stm32f10x_hd.o(.text)
    SPI2_IRQHandler                          0x08000aaf   Thumb Code     0  startup_stm32f10x_hd.o(.text)
    SPI3_IRQHandler                          0x08000aaf   Thumb Code     0  startup_stm32f10x_hd.o(.text)
    TAMPER_IRQHandler                        0x08000aaf   Thumb Code     0  startup_stm32f10x_hd.o(.text)
    TIM1_BRK_IRQHandler                      0x08000aaf   Thumb Code     0  startup_stm32f10x_hd.o(.text)
    TIM1_CC_IRQHandler                       0x08000aaf   Thumb Code     0  startup_stm32f10x_hd.o(.text)
    TIM1_TRG_COM_IRQHandler                  0x08000aaf   Thumb Code     0  startup_stm32f10x_hd.o(.text)
    TIM1_UP_IRQHandler                       0x08000aaf   Thumb Code     0  startup_stm32f10x_hd.o(.text)
    TIM2_IRQHandler                          0x08000aaf   Thumb Code     0  startup_stm32f10x_hd.o(.text)
    TIM4_IRQHandler                          0x08000aaf   Thumb Code     0  startup_stm32f10x_hd.o(.text)
    TIM5_IRQHandler                          0x08000aaf   Thumb Code     0  startup_stm32f10x_hd.o(.text)
    TIM6_IRQHandler                          0x08000aaf   Thumb Code     0  startup_stm32f10x_hd.o(.text)
    TIM7_IRQHandler                          0x08000aaf   Thumb Code     0  startup_stm32f10x_hd.o(.text)
    TIM8_BRK_IRQHandler                      0x08000aaf   Thumb Code     0  startup_stm32f10x_hd.o(.text)
    TIM8_CC_IRQHandler                       0x08000aaf   Thumb Code     0  startup_stm32f10x_hd.o(.text)
    TIM8_TRG_COM_IRQHandler                  0x08000aaf   Thumb Code     0  startup_stm32f10x_hd.o(.text)
    TIM8_UP_IRQHandler                       0x08000aaf   Thumb Code     0  startup_stm32f10x_hd.o(.text)
    UART4_IRQHandler                         0x08000aaf   Thumb Code     0  startup_stm32f10x_hd.o(.text)
    UART5_IRQHandler                         0x08000aaf   Thumb Code     0  startup_stm32f10x_hd.o(.text)
    USART2_IRQHandler                        0x08000aaf   Thumb Code     0  startup_stm32f10x_hd.o(.text)
    USBWakeUp_IRQHandler                     0x08000aaf   Thumb Code     0  startup_stm32f10x_hd.o(.text)
    USB_HP_CAN1_TX_IRQHandler                0x08000aaf   Thumb Code     0  startup_stm32f10x_hd.o(.text)
    USB_LP_CAN1_RX0_IRQHandler               0x08000aaf   Thumb Code     0  startup_stm32f10x_hd.o(.text)
    WWDG_IRQHandler                          0x08000aaf   Thumb Code     0  startup_stm32f10x_hd.o(.text)
    __user_initial_stackheap                 0x08000ab1   Thumb Code     0  startup_stm32f10x_hd.o(.text)
    NVIC_PriorityGroupConfig                 0x08000ad5   Thumb Code    10  misc.o(.text)
    NVIC_Init                                0x08000adf   Thumb Code   100  misc.o(.text)
    SysTick_CLKSourceConfig                  0x08000b43   Thumb Code    40  misc.o(.text)
    GPIO_Init                                0x08000b7d   Thumb Code   278  stm32f10x_gpio.o(.text)
    GPIO_SetBits                             0x08000c93   Thumb Code     4  stm32f10x_gpio.o(.text)
    GPIO_ResetBits                           0x08000c97   Thumb Code     4  stm32f10x_gpio.o(.text)
    RCC_GetFlagStatus                        0x08000c9d   Thumb Code    56  stm32f10x_rcc.o(.text)
    RCC_LSEConfig                            0x08000cd5   Thumb Code    50  stm32f10x_rcc.o(.text)
    RCC_RTCCLKConfig                         0x08000d07   Thumb Code    12  stm32f10x_rcc.o(.text)
    RCC_RTCCLKCmd                            0x08000d13   Thumb Code     6  stm32f10x_rcc.o(.text)
    RCC_GetClocksFreq                        0x08000d19   Thumb Code   192  stm32f10x_rcc.o(.text)
    RCC_APB2PeriphClockCmd                   0x08000dd9   Thumb Code    26  stm32f10x_rcc.o(.text)
    RCC_APB1PeriphClockCmd                   0x08000df3   Thumb Code    26  stm32f10x_rcc.o(.text)
    RCC_APB2PeriphResetCmd                   0x08000e0d   Thumb Code    26  stm32f10x_rcc.o(.text)
    RCC_APB1PeriphResetCmd                   0x08000e27   Thumb Code    26  stm32f10x_rcc.o(.text)
    RCC_BackupResetCmd                       0x08000e41   Thumb Code     8  stm32f10x_rcc.o(.text)
    RCC_ClearFlag                            0x08000e49   Thumb Code    14  stm32f10x_rcc.o(.text)
    USART_DeInit                             0x08000e71   Thumb Code   134  stm32f10x_usart.o(.text)
    USART_Init                               0x08000ef7   Thumb Code   210  stm32f10x_usart.o(.text)
    USART_Cmd                                0x08000fc9   Thumb Code    24  stm32f10x_usart.o(.text)
    USART_ITConfig                           0x08000fe1   Thumb Code    74  stm32f10x_usart.o(.text)
    USART_SendData                           0x0800102b   Thumb Code     8  stm32f10x_usart.o(.text)
    USART_ReceiveData                        0x08001033   Thumb Code    10  stm32f10x_usart.o(.text)
    USART_GetFlagStatus                      0x0800103d   Thumb Code    26  stm32f10x_usart.o(.text)
    USART_GetITStatus                        0x08001057   Thumb Code    84  stm32f10x_usart.o(.text)
    TIM_TimeBaseInit                         0x080010c1   Thumb Code   122  stm32f10x_tim.o(.text)
    TIM_Cmd                                  0x08001325   Thumb Code    24  stm32f10x_tim.o(.text)
    TIM_ITConfig                             0x0800133d   Thumb Code    18  stm32f10x_tim.o(.text)
    TIM_SetCounter                           0x0800134f   Thumb Code     4  stm32f10x_tim.o(.text)
    TIM_GetITStatus                          0x08001353   Thumb Code    34  stm32f10x_tim.o(.text)
    TIM_ClearITPendingBit                    0x08001375   Thumb Code     6  stm32f10x_tim.o(.text)
    RTC_ITConfig                             0x080013a5   Thumb Code    26  stm32f10x_rtc.o(.text)
    RTC_EnterConfigMode                      0x080013bf   Thumb Code    18  stm32f10x_rtc.o(.text)
    RTC_ExitConfigMode                       0x080013d1   Thumb Code    20  stm32f10x_rtc.o(.text)
    RTC_GetCounter                           0x080013e5   Thumb Code    18  stm32f10x_rtc.o(.text)
    RTC_SetCounter                           0x080013f7   Thumb Code    26  stm32f10x_rtc.o(.text)
    RTC_SetPrescaler                         0x08001411   Thumb Code    28  stm32f10x_rtc.o(.text)
    RTC_WaitForLastTask                      0x0800142d   Thumb Code    18  stm32f10x_rtc.o(.text)
    RTC_WaitForSynchro                       0x0800143f   Thumb Code    36  stm32f10x_rtc.o(.text)
    RTC_GetITStatus                          0x08001463   Thumb Code    32  stm32f10x_rtc.o(.text)
    RTC_ClearITPendingBit                    0x08001483   Thumb Code    16  stm32f10x_rtc.o(.text)
    BKP_DeInit                               0x08001499   Thumb Code    16  stm32f10x_bkp.o(.text)
    BKP_WriteBackupRegister                  0x080014a9   Thumb Code    22  stm32f10x_bkp.o(.text)
    BKP_ReadBackupRegister                   0x080014bf   Thumb Code    24  stm32f10x_bkp.o(.text)
    PWR_BackupAccessCmd                      0x080014dd   Thumb Code     6  stm32f10x_pwr.o(.text)
    __use_no_semihosting                     0x080014e9   Thumb Code     2  use_no_semi_2.o(.text)
    __c89vsprintf                            0x080014ed   Thumb Code    32  c89vsprintf.o(.text)
    __2printf                                0x08001511   Thumb Code    20  __2printf.o(.text)
    _printf_str                              0x08001529   Thumb Code    82  _printf_str.o(.text)
    _printf_int_dec                          0x0800157d   Thumb Code   104  _printf_dec.o(.text)
    __printf                                 0x080015f5   Thumb Code   388  __printf_flags_ss_wp.o(.text)
    strstr                                   0x0800177d   Thumb Code    36  strstr.o(.text)
    strlen                                   0x080017a1   Thumb Code    62  strlen.o(.text)
    __use_two_region_memory                  0x080017df   Thumb Code     2  heapauxi.o(.text)
    __rt_heap_escrow$2region                 0x080017e1   Thumb Code     2  heapauxi.o(.text)
    __rt_heap_expand$2region                 0x080017e3   Thumb Code     2  heapauxi.o(.text)
    __I$use$semihosting                      0x080017e5   Thumb Code     0  use_no_semi.o(.text)
    __use_no_semihosting_swi                 0x080017e5   Thumb Code     2  use_no_semi.o(.text)
    _printf_pre_padding                      0x080017e7   Thumb Code    44  _printf_pad.o(.text)
    _printf_post_padding                     0x08001813   Thumb Code    34  _printf_pad.o(.text)
    _printf_truncate_signed                  0x08001835   Thumb Code    18  _printf_truncate.o(.text)
    _printf_truncate_unsigned                0x08001847   Thumb Code    18  _printf_truncate.o(.text)
    _printf_int_common                       0x08001859   Thumb Code   178  _printf_intcommon.o(.text)
    _printf_charcount                        0x0800190b   Thumb Code    40  _printf_charcount.o(.text)
    _printf_char_common                      0x0800193f   Thumb Code    32  _printf_char_common.o(.text)
    _sputc                                   0x08001965   Thumb Code    10  _sputc.o(.text)
    _printf_cs_common                        0x0800196f   Thumb Code    20  _printf_char.o(.text)
    _printf_char                             0x08001983   Thumb Code    16  _printf_char.o(.text)
    _printf_string                           0x08001993   Thumb Code     8  _printf_char.o(.text)
    _printf_char_file                        0x0800199d   Thumb Code    32  _printf_char_file.o(.text)
    _printf_wctomb                           0x080019c1   Thumb Code   182  _printf_wctomb.o(.text)
    _printf_longlong_dec                     0x08001a7d   Thumb Code   108  _printf_longlong_dec.o(.text)
    _printf_longlong_oct                     0x08001af9   Thumb Code    66  _printf_oct_int_ll.o(.text)
    _printf_int_oct                          0x08001b3b   Thumb Code    24  _printf_oct_int_ll.o(.text)
    _printf_ll_oct                           0x08001b53   Thumb Code    12  _printf_oct_int_ll.o(.text)
    _printf_longlong_hex                     0x08001b69   Thumb Code    86  _printf_hex_int_ll_ptr.o(.text)
    _printf_int_hex                          0x08001bbf   Thumb Code    28  _printf_hex_int_ll_ptr.o(.text)
    _printf_ll_hex                           0x08001bdb   Thumb Code    12  _printf_hex_int_ll_ptr.o(.text)
    _printf_hex_ptr                          0x08001be7   Thumb Code    18  _printf_hex_int_ll_ptr.o(.text)
    _ll_udiv10                               0x08001bfd   Thumb Code   138  lludiv10.o(.text)
    __lib_sel_fp_printf                      0x08001c87   Thumb Code     2  _printf_fp_dec.o(.text)
    _printf_fp_dec_real                      0x08001e39   Thumb Code   620  _printf_fp_dec.o(.text)
    _printf_lcs_common                       0x080020a5   Thumb Code    20  _printf_wchar.o(.text)
    _printf_wchar                            0x080020b9   Thumb Code    16  _printf_wchar.o(.text)
    _printf_wstring                          0x080020c9   Thumb Code     8  _printf_wchar.o(.text)
    ferror                                   0x080020d1   Thumb Code     8  ferror.o(.text)
    _wcrtomb                                 0x080020d9   Thumb Code    64  _wcrtomb.o(.text)
    __user_setup_stackheap                   0x08002119   Thumb Code    74  sys_stackheap_outer.o(.text)
    __rt_ctype_table                         0x08002165   Thumb Code    16  rt_ctype_table.o(.text)
    __rt_locale                              0x08002175   Thumb Code     8  rt_locale_intlibspace.o(.text)
    _printf_fp_infnan                        0x0800217d   Thumb Code   112  _printf_fp_infnan.o(.text)
    _btod_etento                             0x080021fd   Thumb Code   224  bigflt0.o(.text)
    exit                                     0x080022e1   Thumb Code    18  exit.o(.text)
    __user_libspace                          0x080022f5   Thumb Code     8  libspace.o(.text)
    __user_perproc_libspace                  0x080022f5   Thumb Code     0  libspace.o(.text)
    __user_perthread_libspace                0x080022f5   Thumb Code     0  libspace.o(.text)
    strcmp                                   0x080022fd   Thumb Code   128  strcmpv7m.o(.text)
    _btod_d2e                                0x0800237d   Thumb Code    62  btod.o(CL$$btod_d2e)
    _d2e_denorm_low                          0x080023bb   Thumb Code    70  btod.o(CL$$btod_d2e_denorm_low)
    _d2e_norm_op1                            0x08002401   Thumb Code    96  btod.o(CL$$btod_d2e_norm_op1)
    __btod_div_common                        0x08002461   Thumb Code   696  btod.o(CL$$btod_div_common)
    _e2e                                     0x08002799   Thumb Code   220  btod.o(CL$$btod_e2e)
    _btod_ediv                               0x08002875   Thumb Code    42  btod.o(CL$$btod_ediv)
    _btod_emul                               0x0800289f   Thumb Code    42  btod.o(CL$$btod_emul)
    __btod_mult_common                       0x080028c9   Thumb Code   580  btod.o(CL$$btod_mult_common)
    __ARM_fpclassify                         0x08002b0d   Thumb Code    40  fpclassify.o(i.__ARM_fpclassify)
    _is_digit                                0x08002b35   Thumb Code    14  __printf_wp.o(i._is_digit)
    _get_lc_numeric                          0x08002b45   Thumb Code    44  lc_numeric_c.o(locale$$code)
    _get_lc_ctype                            0x08002b71   Thumb Code    44  lc_ctype_c.o(locale$$code)
    _printf_fp_dec                           0x08002b9d   Thumb Code     4  printf1.o(x$fpl$printf1)
    __I$use$fp                               0x08002ba0   Number         0  usenofp.o(x$fpl$usenofp)
    Region$$Table$$Base                      0x08002c78   Number         0  anon$$obj.o(Region$$Table)
    Region$$Table$$Limit                     0x08002c98   Number         0  anon$$obj.o(Region$$Table)
    __ctype                                  0x08002cc1   Data           0  lc_ctype_c.o(locale$$data)
    SystemCoreClock                          0x20000000   Data           4  system_stm32f10x.o(.data)
    AHBPrescTable                            0x20000004   Data          16  system_stm32f10x.o(.data)
    USART3_RX_STA                            0x20000014   Data           2  usart3.o(.data)
    __stdout                                 0x2000001c   Data           4  usart.o(.data)
    USART_RX_STA                             0x20000020   Data           2  usart.o(.data)
    tim_bz                                   0x20000022   Data           1  usart.o(.data)
    USART3_RX_BUF                            0x20000038   Data         600  usart3.o(.bss)
    USART3_TX_BUF                            0x20000290   Data         600  usart3.o(.bss)
    USART_RX_BUF                             0x200004e8   Data         200  usart.o(.bss)
    __libspace_start                         0x200005b0   Data          96  libspace.o(.bss)
    __temporary_stack_top$libspace           0x20000610   Data           0  libspace.o(.bss)



==============================================================================

Memory Map of the image

  Image Entry point : 0x08000131

  Load Region LR_IROM1 (Base: 0x08000000, Size: 0x00002dfc, Max: 0x00080000, ABSOLUTE)

    Execution Region ER_IROM1 (Exec base: 0x08000000, Load base: 0x08000000, Size: 0x00002dc4, Max: 0x00080000, ABSOLUTE)

    Exec Addr    Load Addr    Size         Type   Attr      Idx    E Section Name        Object

    0x08000000   0x08000000   0x00000130   Data   RO          434    RESET               startup_stm32f10x_hd.o
    0x08000130   0x08000130   0x00000008   Code   RO         1946  * !!!main             c_w.l(__main.o)
    0x08000138   0x08000138   0x00000034   Code   RO         2235    !!!scatter          c_w.l(__scatter.o)
    0x0800016c   0x0800016c   0x0000001a   Code   RO         2237    !!handler_copy      c_w.l(__scatter_copy.o)
    0x08000186   0x08000186   0x00000002   PAD
    0x08000188   0x08000188   0x0000001c   Code   RO         2239    !!handler_zi        c_w.l(__scatter_zi.o)
    0x080001a4   0x080001a4   0x00000000   Code   RO         1937    .ARM.Collect$$_printf_percent$$00000000  c_w.l(_printf_percent.o)
    0x080001a4   0x080001a4   0x00000006   Code   RO         2000    .ARM.Collect$$_printf_percent$$00000001  c_w.l(_printf_n.o)
    0x080001aa   0x080001aa   0x00000006   Code   RO         2002    .ARM.Collect$$_printf_percent$$00000002  c_w.l(_printf_p.o)
    0x080001b0   0x080001b0   0x00000006   Code   RO         2006    .ARM.Collect$$_printf_percent$$00000003  c_w.l(_printf_f.o)
    0x080001b6   0x080001b6   0x00000006   Code   RO         2007    .ARM.Collect$$_printf_percent$$00000004  c_w.l(_printf_e.o)
    0x080001bc   0x080001bc   0x00000006   Code   RO         2008    .ARM.Collect$$_printf_percent$$00000005  c_w.l(_printf_g.o)
    0x080001c2   0x080001c2   0x00000006   Code   RO         2009    .ARM.Collect$$_printf_percent$$00000006  c_w.l(_printf_a.o)
    0x080001c8   0x080001c8   0x0000000a   Code   RO         2014    .ARM.Collect$$_printf_percent$$00000007  c_w.l(_printf_ll.o)
    0x080001d2   0x080001d2   0x00000006   Code   RO         2004    .ARM.Collect$$_printf_percent$$00000008  c_w.l(_printf_i.o)
    0x080001d8   0x080001d8   0x00000006   Code   RO         1936    .ARM.Collect$$_printf_percent$$00000009  c_w.l(_printf_d.o)
    0x080001de   0x080001de   0x00000006   Code   RO         2005    .ARM.Collect$$_printf_percent$$0000000A  c_w.l(_printf_u.o)
    0x080001e4   0x080001e4   0x00000006   Code   RO         2003    .ARM.Collect$$_printf_percent$$0000000B  c_w.l(_printf_o.o)
    0x080001ea   0x080001ea   0x00000006   Code   RO         2001    .ARM.Collect$$_printf_percent$$0000000C  c_w.l(_printf_x.o)
    0x080001f0   0x080001f0   0x00000006   Code   RO         2011    .ARM.Collect$$_printf_percent$$0000000D  c_w.l(_printf_lli.o)
    0x080001f6   0x080001f6   0x00000006   Code   RO         2012    .ARM.Collect$$_printf_percent$$0000000E  c_w.l(_printf_lld.o)
    0x080001fc   0x080001fc   0x00000006   Code   RO         2013    .ARM.Collect$$_printf_percent$$0000000F  c_w.l(_printf_llu.o)
    0x08000202   0x08000202   0x00000006   Code   RO         2018    .ARM.Collect$$_printf_percent$$00000010  c_w.l(_printf_llo.o)
    0x08000208   0x08000208   0x00000006   Code   RO         2019    .ARM.Collect$$_printf_percent$$00000011  c_w.l(_printf_llx.o)
    0x0800020e   0x0800020e   0x0000000a   Code   RO         2015    .ARM.Collect$$_printf_percent$$00000012  c_w.l(_printf_l.o)
    0x08000218   0x08000218   0x00000006   Code   RO         1999    .ARM.Collect$$_printf_percent$$00000013  c_w.l(_printf_c.o)
    0x0800021e   0x0800021e   0x00000006   Code   RO         1935    .ARM.Collect$$_printf_percent$$00000014  c_w.l(_printf_s.o)
    0x08000224   0x08000224   0x00000006   Code   RO         2016    .ARM.Collect$$_printf_percent$$00000015  c_w.l(_printf_lc.o)
    0x0800022a   0x0800022a   0x00000006   Code   RO         2017    .ARM.Collect$$_printf_percent$$00000016  c_w.l(_printf_ls.o)
    0x08000230   0x08000230   0x00000004   Code   RO         2010    .ARM.Collect$$_printf_percent$$00000017  c_w.l(_printf_percent_end.o)
    0x08000234   0x08000234   0x00000002   Code   RO         2097    .ARM.Collect$$libinit$$00000000  c_w.l(libinit.o)
    0x08000236   0x08000236   0x00000000   Code   RO         2114    .ARM.Collect$$libinit$$00000002  c_w.l(libinit2.o)
    0x08000236   0x08000236   0x00000000   Code   RO         2116    .ARM.Collect$$libinit$$00000004  c_w.l(libinit2.o)
    0x08000236   0x08000236   0x00000000   Code   RO         2119    .ARM.Collect$$libinit$$0000000A  c_w.l(libinit2.o)
    0x08000236   0x08000236   0x00000000   Code   RO         2121    .ARM.Collect$$libinit$$0000000C  c_w.l(libinit2.o)
    0x08000236   0x08000236   0x00000000   Code   RO         2123    .ARM.Collect$$libinit$$0000000E  c_w.l(libinit2.o)
    0x08000236   0x08000236   0x00000006   Code   RO         2124    .ARM.Collect$$libinit$$0000000F  c_w.l(libinit2.o)
    0x0800023c   0x0800023c   0x00000000   Code   RO         2126    .ARM.Collect$$libinit$$00000011  c_w.l(libinit2.o)
    0x0800023c   0x0800023c   0x0000000c   Code   RO         2127    .ARM.Collect$$libinit$$00000012  c_w.l(libinit2.o)
    0x08000248   0x08000248   0x00000000   Code   RO         2128    .ARM.Collect$$libinit$$00000013  c_w.l(libinit2.o)
    0x08000248   0x08000248   0x00000000   Code   RO         2130    .ARM.Collect$$libinit$$00000015  c_w.l(libinit2.o)
    0x08000248   0x08000248   0x0000000a   Code   RO         2131    .ARM.Collect$$libinit$$00000016  c_w.l(libinit2.o)
    0x08000252   0x08000252   0x00000000   Code   RO         2132    .ARM.Collect$$libinit$$00000017  c_w.l(libinit2.o)
    0x08000252   0x08000252   0x00000000   Code   RO         2134    .ARM.Collect$$libinit$$00000019  c_w.l(libinit2.o)
    0x08000252   0x08000252   0x00000000   Code   RO         2136    .ARM.Collect$$libinit$$0000001B  c_w.l(libinit2.o)
    0x08000252   0x08000252   0x00000000   Code   RO         2138    .ARM.Collect$$libinit$$0000001D  c_w.l(libinit2.o)
    0x08000252   0x08000252   0x00000000   Code   RO         2140    .ARM.Collect$$libinit$$0000001F  c_w.l(libinit2.o)
    0x08000252   0x08000252   0x00000000   Code   RO         2142    .ARM.Collect$$libinit$$00000021  c_w.l(libinit2.o)
    0x08000252   0x08000252   0x00000000   Code   RO         2144    .ARM.Collect$$libinit$$00000023  c_w.l(libinit2.o)
    0x08000252   0x08000252   0x00000000   Code   RO         2146    .ARM.Collect$$libinit$$00000025  c_w.l(libinit2.o)
    0x08000252   0x08000252   0x00000000   Code   RO         2150    .ARM.Collect$$libinit$$0000002C  c_w.l(libinit2.o)
    0x08000252   0x08000252   0x00000000   Code   RO         2152    .ARM.Collect$$libinit$$0000002E  c_w.l(libinit2.o)
    0x08000252   0x08000252   0x00000000   Code   RO         2154    .ARM.Collect$$libinit$$00000030  c_w.l(libinit2.o)
    0x08000252   0x08000252   0x00000000   Code   RO         2156    .ARM.Collect$$libinit$$00000032  c_w.l(libinit2.o)
    0x08000252   0x08000252   0x00000002   Code   RO         2157    .ARM.Collect$$libinit$$00000033  c_w.l(libinit2.o)
    0x08000254   0x08000254   0x00000002   Code   RO         2175    .ARM.Collect$$libshutdown$$00000000  c_w.l(libshutdown.o)
    0x08000256   0x08000256   0x00000000   Code   RO         2185    .ARM.Collect$$libshutdown$$00000002  c_w.l(libshutdown2.o)
    0x08000256   0x08000256   0x00000000   Code   RO         2187    .ARM.Collect$$libshutdown$$00000004  c_w.l(libshutdown2.o)
    0x08000256   0x08000256   0x00000000   Code   RO         2189    .ARM.Collect$$libshutdown$$00000006  c_w.l(libshutdown2.o)
    0x08000256   0x08000256   0x00000000   Code   RO         2192    .ARM.Collect$$libshutdown$$00000009  c_w.l(libshutdown2.o)
    0x08000256   0x08000256   0x00000000   Code   RO         2195    .ARM.Collect$$libshutdown$$0000000C  c_w.l(libshutdown2.o)
    0x08000256   0x08000256   0x00000000   Code   RO         2197    .ARM.Collect$$libshutdown$$0000000E  c_w.l(libshutdown2.o)
    0x08000256   0x08000256   0x00000000   Code   RO         2200    .ARM.Collect$$libshutdown$$00000011  c_w.l(libshutdown2.o)
    0x08000256   0x08000256   0x00000002   Code   RO         2201    .ARM.Collect$$libshutdown$$00000012  c_w.l(libshutdown2.o)
    0x08000258   0x08000258   0x00000000   Code   RO         1950    .ARM.Collect$$rtentry$$00000000  c_w.l(__rtentry.o)
    0x08000258   0x08000258   0x00000000   Code   RO         2023    .ARM.Collect$$rtentry$$00000002  c_w.l(__rtentry2.o)
    0x08000258   0x08000258   0x00000006   Code   RO         2035    .ARM.Collect$$rtentry$$00000004  c_w.l(__rtentry4.o)
    0x0800025e   0x0800025e   0x00000000   Code   RO         2025    .ARM.Collect$$rtentry$$00000009  c_w.l(__rtentry2.o)
    0x0800025e   0x0800025e   0x00000004   Code   RO         2026    .ARM.Collect$$rtentry$$0000000A  c_w.l(__rtentry2.o)
    0x08000262   0x08000262   0x00000000   Code   RO         2028    .ARM.Collect$$rtentry$$0000000C  c_w.l(__rtentry2.o)
    0x08000262   0x08000262   0x00000008   Code   RO         2029    .ARM.Collect$$rtentry$$0000000D  c_w.l(__rtentry2.o)
    0x0800026a   0x0800026a   0x00000002   Code   RO         2106    .ARM.Collect$$rtexit$$00000000  c_w.l(rtexit.o)
    0x0800026c   0x0800026c   0x00000000   Code   RO         2159    .ARM.Collect$$rtexit$$00000002  c_w.l(rtexit2.o)
    0x0800026c   0x0800026c   0x00000004   Code   RO         2160    .ARM.Collect$$rtexit$$00000003  c_w.l(rtexit2.o)
    0x08000270   0x08000270   0x00000006   Code   RO         2161    .ARM.Collect$$rtexit$$00000004  c_w.l(rtexit2.o)
    0x08000276   0x08000276   0x00000002   PAD
    0x08000278   0x08000278   0x00000160   Code   RO            1    .text               main.o
    0x080003d8   0x080003d8   0x00000088   Code   RO          143    .text               stm32f10x_it.o
    0x08000460   0x08000460   0x00000140   Code   RO          188    .text               system_stm32f10x.o
    0x080005a0   0x080005a0   0x000000a4   Code   RO          212    .text               esp8266.o
    0x08000644   0x08000644   0x0000008c   Code   RO          230    .text               timer.o
    0x080006d0   0x080006d0   0x00000198   Code   RO          243    .text               usart3.o
    0x08000868   0x08000868   0x00000060   Code   RO          270    .text               led.o
    0x080008c8   0x080008c8   0x0000008c   Code   RO          350    .text               delay.o
    0x08000954   0x08000954   0x00000140   Code   RO          399    .text               usart.o
    0x08000a94   0x08000a94   0x00000040   Code   RO          435    .text               startup_stm32f10x_hd.o
    0x08000ad4   0x08000ad4   0x000000a8   Code   RO          439    .text               misc.o
    0x08000b7c   0x08000b7c   0x0000011e   Code   RO          465    .text               stm32f10x_gpio.o
    0x08000c9a   0x08000c9a   0x00000002   PAD
    0x08000c9c   0x08000c9c   0x000001d4   Code   RO          567    .text               stm32f10x_rcc.o
    0x08000e70   0x08000e70   0x00000250   Code   RO          705    .text               stm32f10x_usart.o
    0x080010c0   0x080010c0   0x000002e4   Code   RO          844    .text               stm32f10x_tim.o
    0x080013a4   0x080013a4   0x000000f4   Code   RO         1563    .text               stm32f10x_rtc.o
    0x08001498   0x08001498   0x00000044   Code   RO         1599    .text               stm32f10x_bkp.o
    0x080014dc   0x080014dc   0x0000000c   Code   RO         1666    .text               stm32f10x_pwr.o
    0x080014e8   0x080014e8   0x00000002   Code   RO         1901    .text               c_w.l(use_no_semi_2.o)
    0x080014ea   0x080014ea   0x00000002   PAD
    0x080014ec   0x080014ec   0x00000024   Code   RO         1903    .text               c_w.l(c89vsprintf.o)
    0x08001510   0x08001510   0x00000018   Code   RO         1905    .text               c_w.l(__2printf.o)
    0x08001528   0x08001528   0x00000052   Code   RO         1911    .text               c_w.l(_printf_str.o)
    0x0800157a   0x0800157a   0x00000002   PAD
    0x0800157c   0x0800157c   0x00000078   Code   RO         1913    .text               c_w.l(_printf_dec.o)
    0x080015f4   0x080015f4   0x00000188   Code   RO         1932    .text               c_w.l(__printf_flags_ss_wp.o)
    0x0800177c   0x0800177c   0x00000024   Code   RO         1938    .text               c_w.l(strstr.o)
    0x080017a0   0x080017a0   0x0000003e   Code   RO         1940    .text               c_w.l(strlen.o)
    0x080017de   0x080017de   0x00000006   Code   RO         1944    .text               c_w.l(heapauxi.o)
    0x080017e4   0x080017e4   0x00000002   Code   RO         1948    .text               c_w.l(use_no_semi.o)
    0x080017e6   0x080017e6   0x0000004e   Code   RO         1951    .text               c_w.l(_printf_pad.o)
    0x08001834   0x08001834   0x00000024   Code   RO         1953    .text               c_w.l(_printf_truncate.o)
    0x08001858   0x08001858   0x000000b2   Code   RO         1955    .text               c_w.l(_printf_intcommon.o)
    0x0800190a   0x0800190a   0x00000028   Code   RO         1957    .text               c_w.l(_printf_charcount.o)
    0x08001932   0x08001932   0x00000002   PAD
    0x08001934   0x08001934   0x00000030   Code   RO         1959    .text               c_w.l(_printf_char_common.o)
    0x08001964   0x08001964   0x0000000a   Code   RO         1961    .text               c_w.l(_sputc.o)
    0x0800196e   0x0800196e   0x0000002c   Code   RO         1963    .text               c_w.l(_printf_char.o)
    0x0800199a   0x0800199a   0x00000002   PAD
    0x0800199c   0x0800199c   0x00000024   Code   RO         1965    .text               c_w.l(_printf_char_file.o)
    0x080019c0   0x080019c0   0x000000bc   Code   RO         1967    .text               c_w.l(_printf_wctomb.o)
    0x08001a7c   0x08001a7c   0x0000007c   Code   RO         1970    .text               c_w.l(_printf_longlong_dec.o)
    0x08001af8   0x08001af8   0x00000070   Code   RO         1976    .text               c_w.l(_printf_oct_int_ll.o)
    0x08001b68   0x08001b68   0x00000094   Code   RO         1996    .text               c_w.l(_printf_hex_int_ll_ptr.o)
    0x08001bfc   0x08001bfc   0x0000008a   Code   RO         2037    .text               c_w.l(lludiv10.o)
    0x08001c86   0x08001c86   0x0000041e   Code   RO         2039    .text               c_w.l(_printf_fp_dec.o)
    0x080020a4   0x080020a4   0x0000002c   Code   RO         2043    .text               c_w.l(_printf_wchar.o)
    0x080020d0   0x080020d0   0x00000008   Code   RO         2045    .text               c_w.l(ferror.o)
    0x080020d8   0x080020d8   0x00000040   Code   RO         2049    .text               c_w.l(_wcrtomb.o)
    0x08002118   0x08002118   0x0000004a   Code   RO         2051    .text               c_w.l(sys_stackheap_outer.o)
    0x08002162   0x08002162   0x00000002   PAD
    0x08002164   0x08002164   0x00000010   Code   RO         2053    .text               c_w.l(rt_ctype_table.o)
    0x08002174   0x08002174   0x00000008   Code   RO         2058    .text               c_w.l(rt_locale_intlibspace.o)
    0x0800217c   0x0800217c   0x00000080   Code   RO         2060    .text               c_w.l(_printf_fp_infnan.o)
    0x080021fc   0x080021fc   0x000000e4   Code   RO         2062    .text               c_w.l(bigflt0.o)
    0x080022e0   0x080022e0   0x00000012   Code   RO         2090    .text               c_w.l(exit.o)
    0x080022f2   0x080022f2   0x00000002   PAD
    0x080022f4   0x080022f4   0x00000008   Code   RO         2103    .text               c_w.l(libspace.o)
    0x080022fc   0x080022fc   0x00000080   Code   RO         2111    .text               c_w.l(strcmpv7m.o)
    0x0800237c   0x0800237c   0x0000003e   Code   RO         2065    CL$$btod_d2e        c_w.l(btod.o)
    0x080023ba   0x080023ba   0x00000046   Code   RO         2067    CL$$btod_d2e_denorm_low  c_w.l(btod.o)
    0x08002400   0x08002400   0x00000060   Code   RO         2066    CL$$btod_d2e_norm_op1  c_w.l(btod.o)
    0x08002460   0x08002460   0x00000338   Code   RO         2075    CL$$btod_div_common  c_w.l(btod.o)
    0x08002798   0x08002798   0x000000dc   Code   RO         2072    CL$$btod_e2e        c_w.l(btod.o)
    0x08002874   0x08002874   0x0000002a   Code   RO         2069    CL$$btod_ediv       c_w.l(btod.o)
    0x0800289e   0x0800289e   0x0000002a   Code   RO         2068    CL$$btod_emul       c_w.l(btod.o)
    0x080028c8   0x080028c8   0x00000244   Code   RO         2074    CL$$btod_mult_common  c_w.l(btod.o)
    0x08002b0c   0x08002b0c   0x00000028   Code   RO         2101    i.__ARM_fpclassify  m_ws.l(fpclassify.o)
    0x08002b34   0x08002b34   0x0000000e   Code   RO         1925    i._is_digit         c_w.l(__printf_wp.o)
    0x08002b42   0x08002b42   0x00000002   PAD
    0x08002b44   0x08002b44   0x0000002c   Code   RO         2088    locale$$code        c_w.l(lc_numeric_c.o)
    0x08002b70   0x08002b70   0x0000002c   Code   RO         2109    locale$$code        c_w.l(lc_ctype_c.o)
    0x08002b9c   0x08002b9c   0x00000004   Code   RO         2020    x$fpl$printf1       fz_ws.l(printf1.o)
    0x08002ba0   0x08002ba0   0x00000000   Code   RO         2100    x$fpl$usenofp       fz_ws.l(usenofp.o)
    0x08002ba0   0x08002ba0   0x00000011   Data   RO         1933    .constdata          c_w.l(__printf_flags_ss_wp.o)
    0x08002bb1   0x08002bb1   0x00000003   PAD
    0x08002bb4   0x08002bb4   0x00000008   Data   RO         1968    .constdata          c_w.l(_printf_wctomb.o)
    0x08002bbc   0x08002bbc   0x00000028   Data   RO         1997    .constdata          c_w.l(_printf_hex_int_ll_ptr.o)
    0x08002be4   0x08002be4   0x00000094   Data   RO         2063    .constdata          c_w.l(bigflt0.o)
    0x08002c78   0x08002c78   0x00000020   Data   RO         2233    Region$$Table       anon$$obj.o
    0x08002c98   0x08002c98   0x0000001c   Data   RO         2087    locale$$data        c_w.l(lc_numeric_c.o)
    0x08002cb4   0x08002cb4   0x00000110   Data   RO         2108    locale$$data        c_w.l(lc_ctype_c.o)


    Execution Region RW_IRAM1 (Exec base: 0x20000000, Load base: 0x08002dc4, Size: 0x00000c10, Max: 0x00010000, ABSOLUTE)

    Exec Addr    Load Addr    Size         Type   Attr      Idx    E Section Name        Object

    0x20000000   0x08002dc4   0x00000014   Data   RW          190    .data               system_stm32f10x.o
    0x20000014   0x08002dd8   0x00000002   Data   RW          245    .data               usart3.o
    0x20000016   0x08002dda   0x00000004   Data   RW          352    .data               delay.o
    0x2000001a   0x08002dde   0x00000002   PAD
    0x2000001c   0x08002de0   0x00000007   Data   RW          401    .data               usart.o
    0x20000023   0x08002de7   0x00000014   Data   RW          587    .data               stm32f10x_rcc.o
    0x20000037   0x08002dfb   0x00000001   PAD
    0x20000038        -       0x000004b0   Zero   RW          244    .bss                usart3.o
    0x200004e8        -       0x000000c8   Zero   RW          400    .bss                usart.o
    0x200005b0        -       0x00000060   Zero   RW         2104    .bss                c_w.l(libspace.o)
    0x20000610        -       0x00000200   Zero   RW          433    HEAP                startup_stm32f10x_hd.o
    0x20000810        -       0x00000400   Zero   RW          432    STACK               startup_stm32f10x_hd.o


==============================================================================

Image component sizes


      Code (inc. data)   RO Data    RW Data    ZI Data      Debug   Object Name

       140         18          0          4          0        850   delay.o
       164         28          0          0          0       1505   esp8266.o
        96         10          0          0          0        503   led.o
       352         30          0          0          0     253742   main.o
       168         18          0          0          0       1401   misc.o
        64         26        304          0       1536        788   startup_stm32f10x_hd.o
        68          6          0          0          0       1992   stm32f10x_bkp.o
       286          0          0          0          0       2336   stm32f10x_gpio.o
       136         44          0          0          0       1393   stm32f10x_it.o
        12          6          0          0          0        502   stm32f10x_pwr.o
       468         26          0         20          0       5212   stm32f10x_rcc.o
       244          6          0          0          0       2038   stm32f10x_rtc.o
       740         42          0          0          0       4045   stm32f10x_tim.o
       592         22          0          0          0       4286   stm32f10x_usart.o
         0          0          0          0          0         32   sys.o
       320         20          0         20          0       1445   system_stm32f10x.o
       140          8          0          0          0        788   timer.o
       320         16          0          7        200       3189   usart.o
       408         24          0          2       1200       2574   usart3.o

    ----------------------------------------------------------------------
      4720        350        336         56       2936     288621   Object Totals
         0          0         32          0          0          0   (incl. Generated)
         2          0          0          3          0          0   (incl. Padding)

    ----------------------------------------------------------------------

      Code (inc. data)   RO Data    RW Data    ZI Data      Debug   Library Member Name

        24          4          0          0          0         84   __2printf.o
         8          0          0          0          0         68   __main.o
       392          4         17          0          0         92   __printf_flags_ss_wp.o
        14          0          0          0          0         68   __printf_wp.o
         0          0          0          0          0          0   __rtentry.o
        12          0          0          0          0          0   __rtentry2.o
         6          0          0          0          0          0   __rtentry4.o
        52          8          0          0          0          0   __scatter.o
        26          0          0          0          0          0   __scatter_copy.o
        28          0          0          0          0          0   __scatter_zi.o
         6          0          0          0          0          0   _printf_a.o
         6          0          0          0          0          0   _printf_c.o
        44          0          0          0          0        108   _printf_char.o
        48          6          0          0          0         96   _printf_char_common.o
        36          4          0          0          0         80   _printf_char_file.o
        40          0          0          0          0         68   _printf_charcount.o
         6          0          0          0          0          0   _printf_d.o
       120         16          0          0          0         92   _printf_dec.o
         6          0          0          0          0          0   _printf_e.o
         6          0          0          0          0          0   _printf_f.o
      1054          0          0          0          0        216   _printf_fp_dec.o
       128         16          0          0          0         84   _printf_fp_infnan.o
         6          0          0          0          0          0   _printf_g.o
       148          4         40          0          0        160   _printf_hex_int_ll_ptr.o
         6          0          0          0          0          0   _printf_i.o
       178          0          0          0          0         88   _printf_intcommon.o
        10          0          0          0          0          0   _printf_l.o
         6          0          0          0          0          0   _printf_lc.o
        10          0          0          0          0          0   _printf_ll.o
         6          0          0          0          0          0   _printf_lld.o
         6          0          0          0          0          0   _printf_lli.o
         6          0          0          0          0          0   _printf_llo.o
         6          0          0          0          0          0   _printf_llu.o
         6          0          0          0          0          0   _printf_llx.o
       124         16          0          0          0         92   _printf_longlong_dec.o
         6          0          0          0          0          0   _printf_ls.o
         6          0          0          0          0          0   _printf_n.o
         6          0          0          0          0          0   _printf_o.o
       112         10          0          0          0        124   _printf_oct_int_ll.o
         6          0          0          0          0          0   _printf_p.o
        78          0          0          0          0        108   _printf_pad.o
         0          0          0          0          0          0   _printf_percent.o
         4          0          0          0          0          0   _printf_percent_end.o
         6          0          0          0          0          0   _printf_s.o
        82          0          0          0          0         80   _printf_str.o
        36          0          0          0          0         84   _printf_truncate.o
         6          0          0          0          0          0   _printf_u.o
        44          0          0          0          0        108   _printf_wchar.o
       188          6          8          0          0         92   _printf_wctomb.o
         6          0          0          0          0          0   _printf_x.o
        10          0          0          0          0         68   _sputc.o
        64          0          0          0          0         92   _wcrtomb.o
       228          4        148          0          0         96   bigflt0.o
      1936        128          0          0          0        672   btod.o
        36          4          0          0          0         76   c89vsprintf.o
        18          0          0          0          0         80   exit.o
         8          0          0          0          0         68   ferror.o
         6          0          0          0          0        152   heapauxi.o
        44         10        272          0          0         76   lc_ctype_c.o
        44         10         28          0          0         76   lc_numeric_c.o
         2          0          0          0          0          0   libinit.o
        30          0          0          0          0          0   libinit2.o
         2          0          0          0          0          0   libshutdown.o
         2          0          0          0          0          0   libshutdown2.o
         8          4          0          0         96         68   libspace.o
       138          0          0          0          0         80   lludiv10.o
        16          4          0          0          0         76   rt_ctype_table.o
         8          4          0          0          0         68   rt_locale_intlibspace.o
         2          0          0          0          0          0   rtexit.o
        10          0          0          0          0          0   rtexit2.o
       128          0          0          0          0         68   strcmpv7m.o
        62          0          0          0          0         76   strlen.o
        36          0          0          0          0         80   strstr.o
        74          0          0          0          0         80   sys_stackheap_outer.o
         2          0          0          0          0         68   use_no_semi.o
         2          0          0          0          0         68   use_no_semi_2.o
         4          0          0          0          0         68   printf1.o
         0          0          0          0          0          0   usenofp.o
        40          0          0          0          0         68   fpclassify.o

    ----------------------------------------------------------------------
      6144        262        516          0         96       4316   Library Totals
        18          0          3          0          0          0   (incl. Padding)

    ----------------------------------------------------------------------

      Code (inc. data)   RO Data    RW Data    ZI Data      Debug   Library Name

      6082        262        513          0         96       4180   c_w.l
         4          0          0          0          0         68   fz_ws.l
        40          0          0          0          0         68   m_ws.l

    ----------------------------------------------------------------------
      6144        262        516          0         96       4316   Library Totals

    ----------------------------------------------------------------------

==============================================================================


      Code (inc. data)   RO Data    RW Data    ZI Data      Debug   

     10864        612        852         56       3032     289241   Grand Totals
     10864        612        852         56       3032     289241   ELF Image Totals
     10864        612        852         56          0          0   ROM Totals

==============================================================================

    Total RO  Size (Code + RO Data)                11716 (  11.44kB)
    Total RW  Size (RW Data + ZI Data)              3088 (   3.02kB)
    Total ROM Size (Code + RO Data + RW Data)      11772 (  11.50kB)

==============================================================================

