Component: ARM Compiler 5.06 update 7 (build 960) Tool: armlink [4d3601]

==============================================================================

Section Cross References

    startup_stm32f103xb.o(STACK) refers (Special) to heapauxi.o(.text) for __use_two_region_memory
    startup_stm32f103xb.o(HEAP) refers (Special) to heapauxi.o(.text) for __use_two_region_memory
    startup_stm32f103xb.o(RESET) refers (Special) to heapauxi.o(.text) for __use_two_region_memory
    startup_stm32f103xb.o(RESET) refers to startup_stm32f103xb.o(STACK) for __initial_sp
    startup_stm32f103xb.o(RESET) refers to startup_stm32f103xb.o(.text) for Reset_Handler
    startup_stm32f103xb.o(RESET) refers to stm32f1xx_it.o(i.NMI_Handler) for NMI_Handler
    startup_stm32f103xb.o(RESET) refers to stm32f1xx_it.o(i.HardFault_Handler) for HardFault_Handler
    startup_stm32f103xb.o(RESET) refers to stm32f1xx_it.o(i.MemManage_Handler) for MemManage_Handler
    startup_stm32f103xb.o(RESET) refers to stm32f1xx_it.o(i.BusFault_Handler) for BusFault_Handler
    startup_stm32f103xb.o(RESET) refers to stm32f1xx_it.o(i.UsageFault_Handler) for UsageFault_Handler
    startup_stm32f103xb.o(RESET) refers to stm32f1xx_it.o(i.SVC_Handler) for SVC_Handler
    startup_stm32f103xb.o(RESET) refers to stm32f1xx_it.o(i.DebugMon_Handler) for DebugMon_Handler
    startup_stm32f103xb.o(RESET) refers to stm32f1xx_it.o(i.PendSV_Handler) for PendSV_Handler
    startup_stm32f103xb.o(RESET) refers to stm32f1xx_it.o(i.SysTick_Handler) for SysTick_Handler
    startup_stm32f103xb.o(RESET) refers to stm32f1xx_it.o(i.USART1_IRQHandler) for USART1_IRQHandler
    startup_stm32f103xb.o(.text) refers (Special) to heapauxi.o(.text) for __use_two_region_memory
    startup_stm32f103xb.o(.text) refers to system_stm32f1xx.o(i.SystemInit) for SystemInit
    startup_stm32f103xb.o(.text) refers to __main.o(!!!main) for __main
    startup_stm32f103xb.o(.text) refers to startup_stm32f103xb.o(HEAP) for Heap_Mem
    startup_stm32f103xb.o(.text) refers to startup_stm32f103xb.o(STACK) for Stack_Mem
    mpu6050.o(i.MPU6050_Init) refers to stm32f1xx_hal_i2c.o(i.HAL_I2C_Mem_Read) for HAL_I2C_Mem_Read
    mpu6050.o(i.MPU6050_Init) refers to stm32f1xx_hal_i2c.o(i.HAL_I2C_Mem_Write) for HAL_I2C_Mem_Write
    mpu6050.o(i.MPU6050_Init) refers to i2c.o(.bss) for hi2c1
    main.o(i.MPU6050_Read_Accel) refers to stm32f1xx_hal_i2c.o(i.HAL_I2C_Mem_Read) for HAL_I2C_Mem_Read
    main.o(i.MPU6050_Read_Accel) refers to dflt_clz.o(x$fpl$dflt) for __aeabi_i2d
    main.o(i.MPU6050_Read_Accel) refers to scalbn.o(x$fpl$scalbn) for __ARM_scalbn
    main.o(i.MPU6050_Read_Accel) refers to d2f.o(x$fpl$d2f) for __aeabi_d2f
    main.o(i.MPU6050_Read_Accel) refers to i2c.o(.bss) for hi2c1
    main.o(i.MPU6050_Read_Accel) refers to main.o(.data) for .data
    main.o(i.MPU6050_Read_Gyro) refers to stm32f1xx_hal_i2c.o(i.HAL_I2C_Mem_Read) for HAL_I2C_Mem_Read
    main.o(i.MPU6050_Read_Gyro) refers to dflt_clz.o(x$fpl$dflt) for __aeabi_i2d
    main.o(i.MPU6050_Read_Gyro) refers to ddiv.o(x$fpl$ddiv) for __aeabi_ddiv
    main.o(i.MPU6050_Read_Gyro) refers to d2f.o(x$fpl$d2f) for __aeabi_d2f
    main.o(i.MPU6050_Read_Gyro) refers to i2c.o(.bss) for hi2c1
    main.o(i.MPU6050_Read_Gyro) refers to main.o(.data) for .data
    main.o(i.MPU6050_Read_Temp) refers to stm32f1xx_hal_i2c.o(i.HAL_I2C_Mem_Read) for HAL_I2C_Mem_Read
    main.o(i.MPU6050_Read_Temp) refers to dflt_clz.o(x$fpl$dflt) for __aeabi_i2d
    main.o(i.MPU6050_Read_Temp) refers to daddsub_clz.o(x$fpl$dadd) for __aeabi_dadd
    main.o(i.MPU6050_Read_Temp) refers to d2f.o(x$fpl$d2f) for __aeabi_d2f
    main.o(i.MPU6050_Read_Temp) refers to i2c.o(.bss) for hi2c1
    main.o(i.MPU6050_Read_Temp) refers to main.o(.data) for .data
    main.o(i.SystemClock_Config) refers to rt_memclr_w.o(.text) for __aeabi_memclr4
    main.o(i.SystemClock_Config) refers to stm32f1xx_hal_rcc.o(i.HAL_RCC_OscConfig) for HAL_RCC_OscConfig
    main.o(i.SystemClock_Config) refers to stm32f1xx_hal_rcc.o(i.HAL_RCC_ClockConfig) for HAL_RCC_ClockConfig
    main.o(i.check) refers to sqrt.o(i.sqrt) for sqrt
    main.o(i.check) refers to dflt_clz.o(x$fpl$dflt) for __aeabi_i2d
    main.o(i.check) refers to main.o(i.MPU6050_Read_Accel) for MPU6050_Read_Accel
    main.o(i.check) refers to main.o(i.MPU6050_Read_Gyro) for MPU6050_Read_Gyro
    main.o(i.check) refers to fmul.o(x$fpl$fmul) for __aeabi_fmul
    main.o(i.check) refers to faddsub_clz.o(x$fpl$fadd) for __aeabi_fadd
    main.o(i.check) refers to f2d.o(x$fpl$f2d) for __aeabi_f2d
    main.o(i.check) refers to ddiv.o(x$fpl$ddiv) for __aeabi_ddiv
    main.o(i.check) refers to acos.o(i.acos) for acos
    main.o(i.check) refers to fdiv.o(x$fpl$fdiv) for __aeabi_fdiv
    main.o(i.check) refers to dmul.o(x$fpl$dmul) for __aeabi_dmul
    main.o(i.check) refers to deqf.o(x$fpl$deqf) for __aeabi_cdcmpeq
    main.o(i.check) refers to drleqf.o(x$fpl$drleqf) for __aeabi_cdrcmple
[...]
    i.HAL_UART_RxCpltCallback                0x080038b8   Section        0  usart.o(i.HAL_UART_RxCpltCallback)
    i.HAL_UART_Transmit                      0x08003984   Section        0  stm32f1xx_hal_uart.o(i.HAL_UART_Transmit)
    i.HAL_UART_TxCpltCallback                0x08003a36   Section        0  stm32f1xx_hal_uart.o(i.HAL_UART_TxCpltCallback)
    i.HardFault_Handler                      0x08003a38   Section        0  stm32f1xx_it.o(i.HardFault_Handler)
    i.I2C_IsAcknowledgeFailed                0x08003a3a   Section        0  stm32f1xx_hal_i2c.o(i.I2C_IsAcknowledgeFailed)
    I2C_IsAcknowledgeFailed                  0x08003a3b   Thumb Code    46  stm32f1xx_hal_i2c.o(i.I2C_IsAcknowledgeFailed)
    i.I2C_RequestMemoryRead                  0x08003a68   Section        0  stm32f1xx_hal_i2c.o(i.I2C_RequestMemoryRead)
    I2C_RequestMemoryRead                    0x08003a69   Thumb Code   246  stm32f1xx_hal_i2c.o(i.I2C_RequestMemoryRead)
    i.I2C_RequestMemoryWrite                 0x08003b64   Section        0  stm32f1xx_hal_i2c.o(i.I2C_RequestMemoryWrite)
    I2C_RequestMemoryWrite                   0x08003b65   Thumb Code   162  stm32f1xx_hal_i2c.o(i.I2C_RequestMemoryWrite)
    i.I2C_WaitOnBTFFlagUntilTimeout          0x08003c0c   Section        0  stm32f1xx_hal_i2c.o(i.I2C_WaitOnBTFFlagUntilTimeout)
    I2C_WaitOnBTFFlagUntilTimeout            0x08003c0d   Thumb Code    76  stm32f1xx_hal_i2c.o(i.I2C_WaitOnBTFFlagUntilTimeout)
    i.I2C_WaitOnFlagUntilTimeout             0x08003c58   Section        0  stm32f1xx_hal_i2c.o(i.I2C_WaitOnFlagUntilTimeout)
    I2C_WaitOnFlagUntilTimeout               0x08003c59   Thumb Code   104  stm32f1xx_hal_i2c.o(i.I2C_WaitOnFlagUntilTimeout)
    i.I2C_WaitOnMasterAddressFlagUntilTimeout 0x08003cc0   Section        0  stm32f1xx_hal_i2c.o(i.I2C_WaitOnMasterAddressFlagUntilTimeout)
    I2C_WaitOnMasterAddressFlagUntilTimeout  0x08003cc1   Thumb Code   150  stm32f1xx_hal_i2c.o(i.I2C_WaitOnMasterAddressFlagUntilTimeout)
    i.I2C_WaitOnRXNEFlagUntilTimeout         0x08003d56   Section        0  stm32f1xx_hal_i2c.o(i.I2C_WaitOnRXNEFlagUntilTimeout)
    I2C_WaitOnRXNEFlagUntilTimeout           0x08003d57   Thumb Code   102  stm32f1xx_hal_i2c.o(i.I2C_WaitOnRXNEFlagUntilTimeout)
    i.I2C_WaitOnTXEFlagUntilTimeout          0x08003dbc   Section        0  stm32f1xx_hal_i2c.o(i.I2C_WaitOnTXEFlagUntilTimeout)
    I2C_WaitOnTXEFlagUntilTimeout            0x08003dbd   Thumb Code    76  stm32f1xx_hal_i2c.o(i.I2C_WaitOnTXEFlagUntilTimeout)
    i.MPU6050_Init                           0x08003e08   Section        0  mpu6050.o(i.MPU6050_Init)
    i.MX_GPIO_Init                           0x08003e94   Section        0  gpio.o(i.MX_GPIO_Init)
    i.MX_I2C1_Init                           0x08003ed0   Section        0  i2c.o(i.MX_I2C1_Init)
    i.MX_USART1_UART_Init                    0x08003f10   Section        0  usart.o(i.MX_USART1_UART_Init)
    i.MX_USART2_UART_Init                    0x08003f54   Section        0  usart.o(i.MX_USART2_UART_Init)
    i.MemManage_Handler                      0x08003f8c   Section        0  stm32f1xx_it.o(i.MemManage_Handler)
    i.NMI_Handler                            0x08003f8e   Section        0  stm32f1xx_it.o(i.NMI_Handler)
    i.PendSV_Handler                         0x08003f90   Section        0  stm32f1xx_it.o(i.PendSV_Handler)
    i.SVC_Handler                            0x08003f92   Section        0  stm32f1xx_it.o(i.SVC_Handler)
    i.SysTick_Handler                        0x08003f94   Section        0  stm32f1xx_it.o(i.SysTick_Handler)
    i.SystemClock_Config                     0x08003f98   Section        0  main.o(i.SystemClock_Config)
    i.SystemInit                             0x08003ff6   Section        0  system_stm32f1xx.o(i.SystemInit)
    i.UART_DMAAbortOnError                   0x08003ff8   Section        0  stm32f1xx_hal_uart.o(i.UART_DMAAbortOnError)
    UART_DMAAbortOnError                     0x08003ff9   Thumb Code    16  stm32f1xx_hal_uart.o(i.UART_DMAAbortOnError)
    i.UART_EndRxTransfer                     0x08004008   Section        0  stm32f1xx_hal_uart.o(i.UART_EndRxTransfer)
    UART_EndRxTransfer                       0x08004009   Thumb Code    48  stm32f1xx_hal_uart.o(i.UART_EndRxTransfer)
    i.UART_Receive_IT                        0x08004038   Section        0  stm32f1xx_hal_uart.o(i.UART_Receive_IT)
    UART_Receive_IT                          0x08004039   Thumb Code   182  stm32f1xx_hal_uart.o(i.UART_Receive_IT)
    i.UART_SetConfig                         0x080040f0   Section        0  stm32f1xx_hal_uart.o(i.UART_SetConfig)
    UART_SetConfig                           0x080040f1   Thumb Code   178  stm32f1xx_hal_uart.o(i.UART_SetConfig)
    i.UART_Start_Receive_IT                  0x080041a8   Section        0  stm32f1xx_hal_uart.o(i.UART_Start_Receive_IT)
    i.UART_WaitOnFlagUntilTimeout            0x080041de   Section        0  stm32f1xx_hal_uart.o(i.UART_WaitOnFlagUntilTimeout)
    UART_WaitOnFlagUntilTimeout              0x080041df   Thumb Code   100  stm32f1xx_hal_uart.o(i.UART_WaitOnFlagUntilTimeout)
    i.USART1_IRQHandler                      0x08004244   Section        0  stm32f1xx_it.o(i.USART1_IRQHandler)
    i.UsageFault_Handler                     0x08004250   Section        0  stm32f1xx_it.o(i.UsageFault_Handler)
    i.__ARM_fpclassify                       0x08004252   Section        0  fpclassify.o(i.__ARM_fpclassify)
    i.__NVIC_SetPriority                     0x0800427a   Section        0  stm32f1xx_hal_cortex.o(i.__NVIC_SetPriority)
    __NVIC_SetPriority                       0x0800427b   Thumb Code    32  stm32f1xx_hal_cortex.o(i.__NVIC_SetPriority)
    i._is_digit                              0x0800429a   Section        0  __printf_wp.o(i._is_digit)
    i.errorLog                               0x080042a8   Section        0  main.o(i.errorLog)
    i.fputc                                  0x080042c0   Section        0  fputc.o(i.fputc)
    i.main                                   0x080042dc   Section        0  main.o(i.main)
    i.parseGpsBuffer                         0x08004330   Section        0  main.o(i.parseGpsBuffer)
    i.usart2_printf                          0x0800443c   Section        0  usart.o(i.usart2_printf)
    locale$$code                             0x08004478   Section       44  lc_numeric_c.o(locale$$code)
    locale$$code                             0x080044a4   Section       44  lc_ctype_c.o(locale$$code)
    x$fpl$printf1                            0x080044d0   Section        4  printf1.o(x$fpl$printf1)
    x$fpl$printf2                            0x080044d4   Section        4  printf2.o(x$fpl$printf2)
    .constdata                               0x080044d8   Section       16  system_stm32f1xx.o(.constdata)
    x$fpl$usenofp                            0x080044d8   Section        0  usenofp.o(x$fpl$usenofp)
    .constdata                               0x080044e8   Section        8  system_stm32f1xx.o(.constdata)
    .constdata                               0x080044f0   Section       17  __printf_flags_ss_wp.o(.constdata)
    maptable                                 0x080044f0   Data          17  __printf_flags_ss_wp.o(.constdata)
    .constdata                               0x08004504   Section        8  _printf_wctomb.o(.constdata)
    initial_mbstate                          0x08004504   Data           8  _printf_wctomb.o(.constdata)
    .constdata                               0x0800450c   Section       40  _printf_hex_int_ll_ptr.o(.constdata)
    uc_hextab                                0x0800450c   Data          20  _printf_hex_int_ll_ptr.o(.constdata)
    lc_hextab                                0x08004520   Data          20  _printf_hex_int_ll_ptr.o(.constdata)
    .constdata                               0x08004534   Section       38  _printf_fp_hex.o(.constdata)
    lc_hextab                                0x08004534   Data          19  _printf_fp_hex.o(.constdata)
    uc_hextab                                0x08004547   Data          19  _printf_fp_hex.o(.constdata)
    .constdata                               0x0800455a   Section        4  sys_io.o(.constdata)
    .constdata                               0x0800455e   Section        4  sys_io.o(.constdata)
    .constdata                               0x08004562   Section        4  sys_io.o(.constdata)
    .constdata                               0x08004568   Section      148  bigflt0.o(.constdata)
    tenpwrs_x                                0x08004568   Data          60  bigflt0.o(.constdata)
    tenpwrs_i                                0x080045a4   Data          64  bigflt0.o(.constdata)
    locale$$data                             0x0800461c   Section       28  lc_numeric_c.o(locale$$data)
    __lcnum_c_name                           0x08004620   Data           2  lc_numeric_c.o(locale$$data)
    __lcnum_c_start                          0x08004628   Data           0  lc_numeric_c.o(locale$$data)
    __lcnum_c_point                          0x08004634   Data           0  lc_numeric_c.o(locale$$data)
    __lcnum_c_thousands                      0x08004636   Data           0  lc_numeric_c.o(locale$$data)
    __lcnum_c_grouping                       0x08004637   Data           0  lc_numeric_c.o(locale$$data)
    locale$$data                             0x08004638   Section      272  lc_ctype_c.o(locale$$data)
    __lcnum_c_end                            0x08004638   Data           0  lc_numeric_c.o(locale$$data)
    __lcctype_c_name                         0x0800463c   Data           2  lc_ctype_c.o(locale$$data)
    __lcctype_c_start                        0x08004644   Data           0  lc_ctype_c.o(locale$$data)
    __lcctype_c_end                          0x08004748   Data           0  lc_ctype_c.o(locale$$data)
    .data                                    0x20000000   Section        6  usart.o(.data)
    .data                                    0x20000008   Section       12  stm32f1xx_hal.o(.data)
    .data                                    0x20000014   Section        4  system_stm32f1xx.o(.data)
    .data                                    0x20000018   Section        4  stdio_streams.o(.data)
    .data                                    0x2000001c   Section        4  stdio_streams.o(.data)
    .data                                    0x20000020   Section        4  stdio_streams.o(.data)
    .bss                                     0x20000024   Section       84  i2c.o(.bss)
    .bss                                     0x20000078   Section      660  usart.o(.bss)
    .bss                                     0x2000030c   Section       84  stdio_streams.o(.bss)
    .bss                                     0x20000360   Section       84  stdio_streams.o(.bss)
    .bss                                     0x200003b4   Section       84  stdio_streams.o(.bss)
    .bss                                     0x20000408   Section       96  libspace.o(.bss)
    HEAP                                     0x20000468   Section      512  startup_stm32f103xb.o(HEAP)
    Heap_Mem                                 0x20000468   Data         512  startup_stm32f103xb.o(HEAP)
    STACK                                    0x20000668   Section     1024  startup_stm32f103xb.o(STACK)
    Stack_Mem                                0x20000668   Data        1024  startup_stm32f103xb.o(STACK)
    __initial_sp                             0x20000a68   Data           0  startup_stm32f103xb.o(STACK)

    Global Symbols

    Symbol Name                              Value     Ov Type        Size  Object(Section)

    BuildAttributes$$THM_ISAv4$P$D$K$B$S$PE$A:L22UL41UL21$X:L11$S22US41US21$IEEE1$IW$USESV6$~STKCKD$USESV7$~SHL$OTIME$ROPI$IEEEX$EBA8$UX$STANDARDLIB$REQ8$PRES8$EABIv2 0x00000000   Number         0  anon$$obj.o ABSOLUTE
    __ARM_use_no_argv                        0x00000000   Number         0  main.o ABSOLUTE
    _printf_flags                            0x00000000   Number         0  printf_stubs.o ABSOLUTE
    _printf_return_value                     0x00000000   Number         0  printf_stubs.o ABSOLUTE
    _printf_sizespec                         0x00000000   Number         0  printf_stubs.o ABSOLUTE
    _printf_widthprec                        0x00000000   Number         0  printf_stubs.o ABSOLUTE
    __ARM_exceptions_init                     - Undefined Weak Reference
    __alloca_initialize                       - Undefined Weak Reference
    __arm_fini_                               - Undefined Weak Reference
    __arm_preinit_                            - Undefined Weak Reference
    __cpp_initialize__aeabi_                  - Undefined Weak Reference
    __cxa_finalize                            - Undefined Weak Reference
    __sigvec_lookup                           - Undefined Weak Reference
    __user_heap_extent                        - Undefined Weak Reference
    _atexit_init                              - Undefined Weak Reference
    _call_atexit_fns                          - Undefined Weak Reference
    _clock_init                               - Undefined Weak Reference
    _fp_trap_init                             - Undefined Weak Reference
    _fp_trap_shutdown                         - Undefined Weak Reference
    _get_lc_collate                           - Undefined Weak Reference
    _get_lc_monetary                          - Undefined Weak Reference
    _get_lc_time                              - Undefined Weak Reference
    _getenv_init                              - Undefined Weak Reference
    _handle_redirection                       - Undefined Weak Reference
    _mutex_acquire                            - Undefined Weak Reference
    _mutex_free                               - Undefined Weak Reference
    _mutex_release                            - Undefined Weak Reference
    _printf_mbtowc                            - Undefined Weak Reference
    _printf_wc                                - Undefined Weak Reference
    _rand_init                                - Undefined Weak Reference
    _signal_finish                            - Undefined Weak Reference
    _signal_init                              - Undefined Weak Reference
    __Vectors_Size                           0x000000ec   Number         0  startup_stm32f103xb.o ABSOLUTE
    __Vectors                                0x08000000   Data           4  startup_stm32f103xb.o(RESET)
    __Vectors_End                            0x080000ec   Data           0  startup_stm32f103xb.o(RESET)
    __main                                   0x080000ed   Thumb Code     8  __main.o(!!!main)
    __scatterload                            0x080000f5   Thumb Code     0  __scatter.o(!!!scatter)
    __scatterload_rt2                        0x080000f5   Thumb Code    44  __scatter.o(!!!scatter)
    __scatterload_rt2_thumb_only             0x080000f5   Thumb Code     0  __scatter.o(!!!scatter)
    __scatterload_null                       0x08000103   Thumb Code     0  __scatter.o(!!!scatter)
    __scatterload_copy                       0x08000129   Thumb Code    26  __scatter_copy.o(!!handler_copy)
    __scatterload_zeroinit                   0x08000145   Thumb Code    28  __scatter_zi.o(!!handler_zi)
    _printf_n                                0x08000161   Thumb Code     0  _printf_n.o(.ARM.Collect$$_printf_percent$$00000001)
    _printf_percent                          0x08000161   Thumb Code     0  _printf_percent.o(.ARM.Collect$$_printf_percent$$00000000)
    _printf_p                                0x08000167   Thumb Code     0  _printf_p.o(.ARM.Collect$$_printf_percent$$00000002)
    _printf_f                                0x0800016d   Thumb Code     0  _printf_f.o(.ARM.Collect$$_printf_percent$$00000003)
    _printf_e                                0x08000173   Thumb Code     0  _printf_e.o(.ARM.Collect$$_printf_percent$$00000004)
    _printf_g                                0x08000179   Thumb Code     0  _printf_g.o(.ARM.Collect$$_printf_percent$$00000005)
    _printf_a                                0x0800017f   Thumb Code     0  _printf_a.o(.ARM.Collect$$_printf_percent$$00000006)
    _printf_ll                               0x08000185   Thumb Code     0  _printf_ll.o(.ARM.Collect$$_printf_percent$$00000007)
    _printf_i                                0x0800018f   Thumb Code     0  _printf_i.o(.ARM.Collect$$_printf_percent$$00000008)
    _printf_d                                0x08000195   Thumb Code     0  _printf_d.o(.ARM.Collect$$_printf_percent$$00000009)
    _printf_u                                0x0800019b   Thumb Code     0  _printf_u.o(.ARM.Collect$$_printf_percent$$0000000A)
    _printf_o                                0x080001a1   Thumb Code     0  _printf_o.o(.ARM.Collect$$_printf_percent$$0000000B)
    _printf_x                                0x080001a7   Thumb Code     0  _printf_x.o(.ARM.Collect$$_printf_percent$$0000000C)
    _printf_lli                              0x080001ad   Thumb Code     0  _printf_lli.o(.ARM.Collect$$_printf_percent$$0000000D)
    _printf_lld                              0x080001b3   Thumb Code     0  _printf_lld.o(.ARM.Collect$$_printf_percent$$0000000E)
    _printf_llu                              0x080001b9   Thumb Code     0  _printf_llu.o(.ARM.Collect$$_printf_percent$$0000000F)
    _printf_llo                              0x080001bf   Thumb Code     0  _printf_llo.o(.ARM.Collect$$_printf_percent$$00000010)
    _printf_llx                              0x080001c5   Thumb Code     0  _printf_llx.o(.ARM.Collect$$_printf_percent$$00000011)
    _printf_l                                0x080001cb   Thumb Code     0  _printf_l.o(.ARM.Collect$$_printf_percent$$00000012)
    _printf_c                                0x080001d5   Thumb Code     0  _printf_c.o(.ARM.Collect$$_printf_percent$$00000013)
    _printf_s                                0x080001db   Thumb Code     0  _printf_s.o(.ARM.Collect$$_printf_percent$$00000014)
    _printf_lc                               0x080001e1   Thumb Code     0  _printf_lc.o(.ARM.Collect$$_printf_percent$$00000015)
    _printf_ls                               0x080001e7   Thumb Code     0  _printf_ls.o(.ARM.Collect$$_printf_percent$$00000016)
    _printf_percent_end                      0x080001ed   Thumb Code     0  _printf_percent_end.o(.ARM.Collect$$_printf_percent$$00000017)
    __rt_lib_init                            0x080001f1   Thumb Code     0  libinit.o(.ARM.Collect$$libinit$$00000000)
    __rt_lib_init_fp_1                       0x080001f3   Thumb Code     0  libinit2.o(.ARM.Collect$$libinit$$00000002)
    __rt_lib_init_heap_2                     0x080001f3   Thumb Code     0  libinit2.o(.ARM.Collect$$libinit$$00000005)
    __rt_lib_init_preinit_1                  0x080001f3   Thumb Code     0  libinit2.o(.ARM.Collect$$libinit$$00000004)
    __rt_lib_init_heap_1                     0x080001fb   Thumb Code     0  libinit2.o(.ARM.Collect$$libinit$$0000000A)
    __rt_lib_init_lc_common                  0x080001fb   Thumb Code     0  libinit2.o(.ARM.Collect$$libinit$$0000000F)
    __rt_lib_init_rand_1                     0x080001fb   Thumb Code     0  libinit2.o(.ARM.Collect$$libinit$$0000000E)
    __rt_lib_init_user_alloc_1               0x080001fb   Thumb Code     0  libinit2.o(.ARM.Collect$$libinit$$0000000C)
    __rt_lib_init_lc_collate_1               0x08000201   Thumb Code     0  libinit2.o(.ARM.Collect$$libinit$$00000011)
    __rt_lib_init_lc_ctype_2                 0x08000201   Thumb Code     0  libinit2.o(.ARM.Collect$$libinit$$00000012)
    __rt_lib_init_lc_ctype_1                 0x0800020d   Thumb Code     0  libinit2.o(.ARM.Collect$$libinit$$00000013)
    __rt_lib_init_lc_monetary_1              0x0800020d   Thumb Code     0  libinit2.o(.ARM.Collect$$libinit$$00000015)
    __rt_lib_init_lc_numeric_2               0x0800020d   Thumb Code     0  libinit2.o(.ARM.Collect$$libinit$$00000016)
    __rt_lib_init_atexit_1                   0x08000217   Thumb Code     0  libinit2.o(.ARM.Collect$$libinit$$0000001B)
    __rt_lib_init_clock_1                    0x08000217   Thumb Code     0  libinit2.o(.ARM.Collect$$libinit$$00000021)
    __rt_lib_init_fp_trap_1                  0x08000217   Thumb Code     0  libinit2.o(.ARM.Collect$$libinit$$0000001F)
    __rt_lib_init_getenv_1                   0x08000217   Thumb Code     0  libinit2.o(.ARM.Collect$$libinit$$00000023)
    __rt_lib_init_lc_numeric_1               0x08000217   Thumb Code     0  libinit2.o(.ARM.Collect$$libinit$$00000017)
    __rt_lib_init_lc_time_1                  0x08000217   Thumb Code     0  libinit2.o(.ARM.Collect$$libinit$$00000019)
    __rt_lib_init_signal_1                   0x08000217   Thumb Code     0  libinit2.o(.ARM.Collect$$libinit$$0000001D)
    __rt_lib_init_stdio_2                    0x08000217   Thumb Code     0  libinit2.o(.ARM.Collect$$libinit$$00000024)
    __rt_lib_init_alloca_1                   0x0800021b   Thumb Code     0  libinit2.o(.ARM.Collect$$libinit$$0000002E)
    __rt_lib_init_argv_1                     0x0800021b   Thumb Code     0  libinit2.o(.ARM.Collect$$libinit$$0000002C)
    __rt_lib_init_cpp_1                      0x0800021b   Thumb Code     0  libinit2.o(.ARM.Collect$$libinit$$00000032)
    __rt_lib_init_exceptions_1               0x0800021b   Thumb Code     0  libinit2.o(.ARM.Collect$$libinit$$00000030)
    __rt_lib_init_return                     0x0800021b   Thumb Code     0  libinit2.o(.ARM.Collect$$libinit$$00000033)
    __rt_lib_init_stdio_1                    0x0800021b   Thumb Code     0  libinit2.o(.ARM.Collect$$libinit$$00000025)
    __rt_lib_shutdown                        0x0800021d   Thumb Code     0  libshutdown.o(.ARM.Collect$$libshutdown$$00000000)
    __rt_lib_shutdown_cpp_1                  0x0800021f   Thumb Code     0  libshutdown2.o(.ARM.Collect$$libshutdown$$00000004)
    __rt_lib_shutdown_fini_1                 0x0800021f   Thumb Code     0  libshutdown2.o(.ARM.Collect$$libshutdown$$00000002)
    __rt_lib_shutdown_stdio_2                0x0800021f   Thumb Code     0  libshutdown2.o(.ARM.Collect$$libshutdown$$00000005)
    __rt_lib_shutdown_fp_trap_1              0x08000223   Thumb Code     0  libshutdown2.o(.ARM.Collect$$libshutdown$$00000009)
    __rt_lib_shutdown_heap_1                 0x08000223   Thumb Code     0  libshutdown2.o(.ARM.Collect$$libshutdown$$00000011)
    __rt_lib_shutdown_return                 0x08000223   Thumb Code     0  libshutdown2.o(.ARM.Collect$$libshutdown$$00000012)
    __rt_lib_shutdown_signal_1               0x08000223   Thumb Code     0  libshutdown2.o(.ARM.Collect$$libshutdown$$0000000C)
    __rt_lib_shutdown_stdio_1                0x08000223   Thumb Code     0  libshutdown2.o(.ARM.Collect$$libshutdown$$00000006)
    __rt_lib_shutdown_user_alloc_1           0x08000223   Thumb Code     0  libshutdown2.o(.ARM.Collect$$libshutdown$$0000000E)
    __rt_entry                               0x08000225   Thumb Code     0  __rtentry.o(.ARM.Collect$$rtentry$$00000000)
    __rt_entry_presh_1                       0x08000225   Thumb Code     0  __rtentry2.o(.ARM.Collect$$rtentry$$00000002)
    __rt_entry_sh                            0x08000225   Thumb Code     0  __rtentry4.o(.ARM.Collect$$rtentry$$00000004)
    __rt_entry_li                            0x0800022b   Thumb Code     0  __rtentry2.o(.ARM.Collect$$rtentry$$0000000A)
    __rt_entry_postsh_1                      0x0800022b   Thumb Code     0  __rtentry2.o(.ARM.Collect$$rtentry$$00000009)
    __rt_entry_main                          0x0800022f   Thumb Code     0  __rtentry2.o(.ARM.Collect$$rtentry$$0000000D)
    __rt_entry_postli_1                      0x0800022f   Thumb Code     0  __rtentry2.o(.ARM.Collect$$rtentry$$0000000C)
    __rt_exit                                0x08000237   Thumb Code     0  rtexit.o(.ARM.Collect$$rtexit$$00000000)
    __rt_exit_ls                             0x08000239   Thumb Code     0  rtexit2.o(.ARM.Collect$$rtexit$$00000003)
    __rt_exit_prels_1                        0x08000239   Thumb Code     0  rtexit2.o(.ARM.Collect$$rtexit$$00000002)
    __rt_exit_exit                           0x0800023d   Thumb Code     0  rtexit2.o(.ARM.Collect$$rtexit$$00000004)
    Reset_Handler                            0x08000245   Thumb Code     8  startup_stm32f103xb.o(.text)
    _maybe_terminate_alloc                   0x08000245   Thumb Code     0  maybetermalloc1.o(.emb_text)
    ADC1_2_IRQHandler                        0x0800025f   Thumb Code     0  startup_stm32f103xb.o(.text)
    CAN1_RX1_IRQHandler                      0x0800025f   Thumb Code     0  startup_stm32f103xb.o(.text)
    CAN1_SCE_IRQHandler                      0x0800025f   Thumb Code     0  startup_stm32f103xb.o(.text)
    DMA1_Channel1_IRQHandler                 0x0800025f   Thumb Code     0  startup_stm32f103xb.o(.text)
    DMA1_Channel2_IRQHandler                 0x0800025f   Thumb Code     0  startup_stm32f103xb.o(.text)
    DMA1_Channel3_IRQHandler                 0x0800025f   Thumb Code     0  startup_stm32f103xb.o(.text)
    DMA1_Channel4_IRQHandler                 0x0800025f   Thumb Code     0  startup_stm32f103xb.o(.text)
    DMA1_Channel5_IRQHandler                 0x0800025f   Thumb Code     0  startup_stm32f103xb.o(.text)
    DMA1_Channel6_IRQHandler                 0x0800025f   Thumb Code     0  startup_stm32f103xb.o(.text)
    DMA1_Channel7_IRQHandler                 0x0800025f   Thumb Code     0  startup_stm32f103xb.o(.text)
    EXTI0_IRQHandler                         0x0800025f   Thumb Code     0  startup_stm32f103xb.o(.text)
    EXTI15_10_IRQHandler                     0x0800025f   Thumb Code     0  startup_stm32f103xb.o(.text)
    EXTI1_IRQHandler                         0x0800025f   Thumb Code     0  startup_stm32f103xb.o(.text)
    EXTI2_IRQHandler                         0x0800025f   Thumb Code     0  startup_stm32f103xb.o(.text)
    EXTI3_IRQHandler                         0x0800025f   Thumb Code     0  startup_stm32f103xb.o(.text)
    EXTI4_IRQHandler                         0x0800025f   Thumb Code     0  startup_stm32f103xb.o(.text)
    EXTI9_5_IRQHandler                       0x0800025f   Thumb Code     0  startup_stm32f103xb.o(.text)
    FLASH_IRQHandler                         0x0800025f   Thumb Code     0  startup_stm32f103xb.o(.text)
    I2C1_ER_IRQHandler                       0x0800025f   Thumb Code     0  startup_stm32f103xb.o(.text)
    I2C1_EV_IRQHandler                       0x0800025f   Thumb Code     0  startup_stm32f103xb.o(.text)
    I2C2_ER_IRQHandler                       0x0800025f   Thumb Code     0  startup_stm32f103xb.o(.text)
    I2C2_EV_IRQHandler                       0x0800025f   Thumb Code     0  startup_stm32f103xb.o(.text)
    PVD_IRQHandler                           0x0800025f   Thumb Code     0  startup_stm32f103xb.o(.text)
    RCC_IRQHandler                           0x0800025f   Thumb Code     0  startup_stm32f103xb.o(.text)
    RTC_Alarm_IRQHandler                     0x0800025f   Thumb Code     0  startup_stm32f103xb.o(.text)
    RTC_IRQHandler                           0x0800025f   Thumb Code     0  startup_stm32f103xb.o(.text)
    SPI1_IRQHandler                          0x0800025f   Thumb Code     0  startup_stm32f103xb.o(.text)
    SPI2_IRQHandler                          0x0800025f   Thumb Code     0  startup_stm32f103xb.o(.text)
    TAMPER_IRQHandler                        0x0800025f   Thumb Code     0  startup_stm32f103xb.o(.text)
    TIM1_BRK_IRQHandler                      0x0800025f   Thumb Code     0  startup_stm32f103xb.o(.text)
    TIM1_CC_IRQHandler                       0x0800025f   Thumb Code     0  startup_stm32f103xb.o(.text)
    TIM1_TRG_COM_IRQHandler                  0x0800025f   Thumb Code     0  startup_stm32f103xb.o(.text)
    TIM1_UP_IRQHandler                       0x0800025f   Thumb Code     0  startup_stm32f103xb.o(.text)
    TIM2_IRQHandler                          0x0800025f   Thumb Code     0  startup_stm32f103xb.o(.text)
    TIM3_IRQHandler                          0x0800025f   Thumb Code     0  startup_stm32f103xb.o(.text)
    TIM4_IRQHandler                          0x0800025f   Thumb Code     0  startup_stm32f103xb.o(.text)
    USART2_IRQHandler                        0x0800025f   Thumb Code     0  startup_stm32f103xb.o(.text)
    USART3_IRQHandler                        0x0800025f   Thumb Code     0  startup_stm32f103xb.o(.text)
    USBWakeUp_IRQHandler                     0x0800025f   Thumb Code     0  startup_stm32f103xb.o(.text)
    USB_HP_CAN1_TX_IRQHandler                0x0800025f   Thumb Code     0  startup_stm32f103xb.o(.text)
    USB_LP_CAN1_RX0_IRQHandler               0x0800025f   Thumb Code     0  startup_stm32f103xb.o(.text)
    WWDG_IRQHandler                          0x0800025f   Thumb Code     0  startup_stm32f103xb.o(.text)
    __user_initial_stackheap                 0x08000261   Thumb Code     0  startup_stm32f103xb.o(.text)
    vsnprintf                                0x08000285   Thumb Code    48  vsnprintf.o(.text)
    __2printf                                0x080002b9   Thumb Code    20  __2printf.o(.text)
    _printf_int_dec                          0x080002d1   Thumb Code   104  _printf_dec.o(.text)
    __printf                                 0x08000349   Thumb Code   388  __printf_flags_ss_wp.o(.text)
    strstr                                   0x080004d1   Thumb Code    36  strstr.o(.text)
    __aeabi_memcpy                           0x080004f5   Thumb Code     0  rt_memcpy_v6.o(.text)
    __rt_memcpy                              0x080004f5   Thumb Code   138  rt_memcpy_v6.o(.text)
    _memcpy_lastbytes                        0x0800055b   Thumb Code     0  rt_memcpy_v6.o(.text)
    __aeabi_memcpy4                          0x0800057f   Thumb Code     0  rt_memcpy_w.o(.text)
    __aeabi_memcpy8                          0x0800057f   Thumb Code     0  rt_memcpy_w.o(.text)
    __rt_memcpy_w                            0x0800057f   Thumb Code   100  rt_memcpy_w.o(.text)
    _memcpy_lastbytes_aligned                0x080005c7   Thumb Code     0  rt_memcpy_w.o(.text)
    __aeabi_memclr4                          0x080005e3   Thumb Code     0  rt_memclr_w.o(.text)
    __aeabi_memclr8                          0x080005e3   Thumb Code     0  rt_memclr_w.o(.text)
    __rt_memclr_w                            0x080005e3   Thumb Code    78  rt_memclr_w.o(.text)
    _memset_w                                0x080005e7   Thumb Code     0  rt_memclr_w.o(.text)
    __use_two_region_memory                  0x08000631   Thumb Code     2  heapauxi.o(.text)
    __rt_heap_escrow                         0x08000633   Thumb Code     2  heapauxi.o(.text)
    __rt_heap_expand                         0x08000635   Thumb Code     2  heapauxi.o(.text)
    _printf_pre_padding                      0x08000637   Thumb Code    44  _printf_pad.o(.text)
    _printf_post_padding                     0x08000663   Thumb Code    34  _printf_pad.o(.text)
    _printf_truncate_signed                  0x08000685   Thumb Code    18  _printf_truncate.o(.text)
    _printf_truncate_unsigned                0x08000697   Thumb Code    18  _printf_truncate.o(.text)
    _printf_str                              0x080006a9   Thumb Code    82  _printf_str.o(.text)
    _printf_int_common                       0x080006fb   Thumb Code   178  _printf_intcommon.o(.text)
    _printf_charcount                        0x080007ad   Thumb Code    40  _printf_charcount.o(.text)
    _printf_char_common                      0x080007df   Thumb Code    32  _printf_char_common.o(.text)
    _sputc                                   0x08000805   Thumb Code    10  _sputc.o(.text)
    _snputc                                  0x0800080f   Thumb Code    16  _snputc.o(.text)
    _printf_char_file                        0x08000821   Thumb Code    32  _printf_char_file.o(.text)
    _printf_wctomb                           0x08000845   Thumb Code   182  _printf_wctomb.o(.text)
    _printf_longlong_dec                     0x08000901   Thumb Code   108  _printf_longlong_dec.o(.text)
    _printf_longlong_oct                     0x0800097d   Thumb Code    66  _printf_oct_int_ll.o(.text)
    _printf_int_oct                          0x080009bf   Thumb Code    24  _printf_oct_int_ll.o(.text)
    _printf_ll_oct                           0x080009d7   Thumb Code    12  _printf_oct_int_ll.o(.text)
    _printf_longlong_hex                     0x080009ed   Thumb Code    86  _printf_hex_int_ll_ptr.o(.text)
    _printf_int_hex                          0x08000a43   Thumb Code    28  _printf_hex_int_ll_ptr.o(.text)
    _printf_ll_hex                           0x08000a5f   Thumb Code    12  _printf_hex_int_ll_ptr.o(.text)
    _printf_hex_ptr                          0x08000a6b   Thumb Code    18  _printf_hex_int_ll_ptr.o(.text)
    __aeabi_errno_addr                       0x08000a81   Thumb Code     8  rt_errno_addr_intlibspace.o(.text)
    __errno$intlibspace                      0x08000a81   Thumb Code     0  rt_errno_addr_intlibspace.o(.text)
    __rt_errno_addr$intlibspace              0x08000a81   Thumb Code     0  rt_errno_addr_intlibspace.o(.text)
    _ll_udiv10                               0x08000a89   Thumb Code   138  lludiv10.o(.text)
    __lib_sel_fp_printf                      0x08000b13   Thumb Code     2  _printf_fp_dec.o(.text)
    _printf_fp_dec_real                      0x08000cc5   Thumb Code   620  _printf_fp_dec.o(.text)
    _printf_fp_hex_real                      0x08000f31   Thumb Code   756  _printf_fp_hex.o(.text)
    _printf_cs_common                        0x0800122d   Thumb Code    20  _printf_char.o(.text)
    _printf_char                             0x08001241   Thumb Code    16  _printf_char.o(.text)
    _printf_string                           0x08001251   Thumb Code     8  _printf_char.o(.text)
    _printf_lcs_common                       0x08001259   Thumb Code    20  _printf_wchar.o(.text)
    _printf_wchar                            0x0800126d   Thumb Code    16  _printf_wchar.o(.text)
    _printf_wstring                          0x0800127d   Thumb Code     8  _printf_wchar.o(.text)
    ferror                                   0x08001285   Thumb Code     8  ferror.o(.text)
    _initio                                  0x0800128d   Thumb Code   210  initio.o(.text)
    _terminateio                             0x0800135f   Thumb Code    56  initio.o(.text)
    _wcrtomb                                 0x080013c5   Thumb Code    64  _wcrtomb.o(.text)
    _sys_open                                0x08001405   Thumb Code    20  sys_io.o(.text)
    _sys_close                               0x08001419   Thumb Code    12  sys_io.o(.text)
    _sys_write                               0x08001425   Thumb Code    16  sys_io.o(.text)
    _sys_read                                0x08001435   Thumb Code    14  sys_io.o(.text)
    _sys_istty                               0x08001443   Thumb Code    12  sys_io.o(.text)
    _sys_seek                                0x0800144f   Thumb Code    14  sys_io.o(.text)
    _sys_ensure                              0x0800145d   Thumb Code     2  sys_io.o(.text)
    _sys_flen                                0x0800145f   Thumb Code    12  sys_io.o(.text)
    __user_libspace                          0x0800146d   Thumb Code     8  libspace.o(.text)
    __user_perproc_libspace                  0x0800146d   Thumb Code     0  libspace.o(.text)
    __user_perthread_libspace                0x0800146d   Thumb Code     0  libspace.o(.text)
    __user_setup_stackheap                   0x08001475   Thumb Code    74  sys_stackheap_outer.o(.text)
    __rt_ctype_table                         0x080014c1   Thumb Code    16  rt_ctype_table.o(.text)
    __rt_locale                              0x080014d1   Thumb Code     8  rt_locale_intlibspace.o(.text)
    free                                     0x080014d9   Thumb Code    78  h1_free.o(.text)
    _printf_fp_infnan                        0x08001529   Thumb Code   112  _printf_fp_infnan.o(.text)
    _btod_etento                             0x080015a9   Thumb Code   224  bigflt0.o(.text)
    __flsbuf                                 0x0800168d   Thumb Code   470  flsbuf.o(.text)
    __flsbuf_byte                            0x0800168d   Thumb Code     0  flsbuf.o(.text)
    __flsbuf_wide                            0x0800168d   Thumb Code     0  flsbuf.o(.text)
    setvbuf                                  0x08001863   Thumb Code    70  setvbuf.o(.text)
    freopen                                  0x080018a9   Thumb Code   158  fopen.o(.text)
    fopen                                    0x08001947   Thumb Code    74  fopen.o(.text)
    _fclose_internal                         0x08001995   Thumb Code    76  fclose.o(.text)
    fclose                                   0x08001995   Thumb Code     0  fclose.o(.text)
    exit                                     0x080019e1   Thumb Code    18  exit.o(.text)
    __rt_SIGRTRED                            0x080019f3   Thumb Code    14  defsig_rtred_outer.o(.text)
    __I$use$semihosting                      0x08001a01   Thumb Code     0  use_no_semi.o(.text)
    __use_no_semihosting_swi                 0x08001a01   Thumb Code     2  use_no_semi.o(.text)
    __semihosting_library_function           0x08001a03   Thumb Code     0  indicate_semi.o(.text)
    __rt_heap_descriptor                     0x08001a05   Thumb Code     8  rt_heap_descriptor_intlibspace.o(.text)
    __use_no_heap                            0x08001a0d   Thumb Code     2  hguard.o(.text)
    __heap$guard                             0x08001a0f   Thumb Code     2  hguard.o(.text)
    _terminate_user_alloc                    0x08001a11   Thumb Code     2  init_alloc.o(.text)
    _init_user_alloc                         0x08001a13   Thumb Code     2  init_alloc.o(.text)
    __Heap_Full                              0x08001a15   Thumb Code    34  init_alloc.o(.text)
    __Heap_Broken                            0x08001a37   Thumb Code     6  init_alloc.o(.text)
    _init_alloc                              0x08001a3d   Thumb Code    94  init_alloc.o(.text)
    malloc                                   0x08001a9b   Thumb Code    94  h1_alloc.o(.text)
    _fseek                                   0x08001af9   Thumb Code   242  fseek.o(.text)
    fseek                                    0x08001af9   Thumb Code     0  fseek.o(.text)
    _seterr                                  0x08001bf1   Thumb Code    20  stdio.o(.text)
    _writebuf                                0x08001c05   Thumb Code    84  stdio.o(.text)
    _fflush                                  0x08001c59   Thumb Code    70  stdio.o(.text)
    _deferredlazyseek                        0x08001c9f   Thumb Code    60  stdio.o(.text)
    __sig_exit                               0x08001ce1   Thumb Code    10  defsig_exit.o(.text)
    __rt_SIGRTRED_inner                      0x08001ced   Thumb Code    14  defsig_rtred_inner.o(.text)
    strlen                                   0x08001d21   Thumb Code    62  strlen.o(.text)
    strcmp                                   0x08001d61   Thumb Code   128  strcmpv7m.o(.text)
    _sys_exit                                0x08001de1   Thumb Code     8  sys_exit.o(.text)
    __Heap_Initialize                        0x08001ded   Thumb Code    10  h1_init.o(.text)
    __Heap_DescSize                          0x08001df7   Thumb Code     4  h1_init.o(.text)
    __Heap_ProvideMemory                     0x08001dfb   Thumb Code    52  h1_extend.o(.text)
    _ftell_internal                          0x08001e2f   Thumb Code    66  ftell.o(.text)
    ftell                                    0x08001e2f   Thumb Code     0  ftell.o(.text)
    __default_signal_display                 0x08001e71   Thumb Code    50  defsig_general.o(.text)
    __rt_SIGRTMEM                            0x08001ea3   Thumb Code    14  defsig_rtmem_outer.o(.text)
    _ttywrch                                 0x08001eb1   Thumb Code    14  sys_wrch.o(.text)
    __rt_SIGRTMEM_inner                      0x08001ec1   Thumb Code    22  defsig_rtmem_inner.o(.text)
    _btod_d2e                                0x08001f11   Thumb Code    62  btod.o(CL$$btod_d2e)
    _d2e_denorm_low                          0x08001f4f   Thumb Code    70  btod.o(CL$$btod_d2e_denorm_low)
    _d2e_norm_op1                            0x08001f95   Thumb Code    96  btod.o(CL$$btod_d2e_norm_op1)
    __btod_div_common                        0x08001ff5   Thumb Code   696  btod.o(CL$$btod_div_common)
    _e2e                                     0x0800232d   Thumb Code   220  btod.o(CL$$btod_e2e)
    _btod_ediv                               0x08002409   Thumb Code    42  btod.o(CL$$btod_ediv)
    _btod_emul                               0x08002433   Thumb Code    42  btod.o(CL$$btod_emul)
    __btod_mult_common                       0x0800245d   Thumb Code   580  btod.o(CL$$btod_mult_common)
    BusFault_Handler                         0x080026a1   Thumb Code     2  stm32f1xx_it.o(i.BusFault_Handler)
    DebugMon_Handler                         0x080026a3   Thumb Code     2  stm32f1xx_it.o(i.DebugMon_Handler)
    Error_Handler                            0x080026a5   Thumb Code     4  main.o(i.Error_Handler)
    HAL_DMA_Abort                            0x080026a9   Thumb Code    70  stm32f1xx_hal_dma.o(i.HAL_DMA_Abort)
    HAL_DMA_Abort_IT                         0x080026f1   Thumb Code   148  stm32f1xx_hal_dma.o(i.HAL_DMA_Abort_IT)
    HAL_Delay                                0x08002789   Thumb Code    32  stm32f1xx_hal.o(i.HAL_Delay)
    HAL_GPIO_Init                            0x080027ad   Thumb Code   446  stm32f1xx_hal_gpio.o(i.HAL_GPIO_Init)
    HAL_GetTick                              0x0800298d   Thumb Code     6  stm32f1xx_hal.o(i.HAL_GetTick)
    HAL_I2C_Init                             0x08002999   Thumb Code   376  stm32f1xx_hal_i2c.o(i.HAL_I2C_Init)
    HAL_I2C_Mem_Read                         0x08002b21   Thumb Code   574  stm32f1xx_hal_i2c.o(i.HAL_I2C_Mem_Read)
    HAL_I2C_Mem_Write                        0x08002d71   Thumb Code   294  stm32f1xx_hal_i2c.o(i.HAL_I2C_Mem_Write)
    HAL_I2C_MspInit                          0x08002ea1   Thumb Code    80  i2c.o(i.HAL_I2C_MspInit)
    HAL_IncTick                              0x08002efd   Thumb Code    12  stm32f1xx_hal.o(i.HAL_IncTick)
    HAL_Init                                 0x08002f0d   Thumb Code    32  stm32f1xx_hal.o(i.HAL_Init)
    HAL_InitTick                             0x08002f31   Thumb Code    54  stm32f1xx_hal.o(i.HAL_InitTick)
    HAL_MspInit                              0x08002f71   Thumb Code    52  stm32f1xx_hal_msp.o(i.HAL_MspInit)
    HAL_NVIC_EnableIRQ                       0x08002fad   Thumb Code    26  stm32f1xx_hal_cortex.o(i.HAL_NVIC_EnableIRQ)
    HAL_NVIC_SetPriority                     0x08002fc9   Thumb Code    60  stm32f1xx_hal_cortex.o(i.HAL_NVIC_SetPriority)
    HAL_NVIC_SetPriorityGrouping             0x08003009   Thumb Code    26  stm32f1xx_hal_cortex.o(i.HAL_NVIC_SetPriorityGrouping)
    HAL_RCC_ClockConfig                      0x0800302d   Thumb Code   280  stm32f1xx_hal_rcc.o(i.HAL_RCC_ClockConfig)
    HAL_RCC_GetPCLK1Freq                     0x08003159   Thumb Code    20  stm32f1xx_hal_rcc.o(i.HAL_RCC_GetPCLK1Freq)
    HAL_RCC_GetPCLK2Freq                     0x08003179   Thumb Code    20  stm32f1xx_hal_rcc.o(i.HAL_RCC_GetPCLK2Freq)
    HAL_RCC_GetSysClockFreq                  0x08003199   Thumb Code    74  stm32f1xx_hal_rcc.o(i.HAL_RCC_GetSysClockFreq)
    HAL_RCC_OscConfig                        0x08003205   Thumb Code   778  stm32f1xx_hal_rcc.o(i.HAL_RCC_OscConfig)
    HAL_SYSTICK_Config                       0x08003525   Thumb Code    40  stm32f1xx_hal_cortex.o(i.HAL_SYSTICK_Config)
    HAL_UARTEx_RxEventCallback               0x0800354d   Thumb Code     2  stm32f1xx_hal_uart.o(i.HAL_UARTEx_RxEventCallback)
    HAL_UART_ErrorCallback                   0x0800354f   Thumb Code     2  stm32f1xx_hal_uart.o(i.HAL_UART_ErrorCallback)
    HAL_UART_IRQHandler                      0x08003551   Thumb Code   520  stm32f1xx_hal_uart.o(i.HAL_UART_IRQHandler)
    HAL_UART_Init                            0x0800375d   Thumb Code    98  stm32f1xx_hal_uart.o(i.HAL_UART_Init)
    HAL_UART_MspInit                         0x080037c1   Thumb Code   186  usart.o(i.HAL_UART_MspInit)
    HAL_UART_Receive_IT                      0x0800388d   Thumb Code    42  stm32f1xx_hal_uart.o(i.HAL_UART_Receive_IT)
    HAL_UART_RxCpltCallback                  0x080038b9   Thumb Code   186  usart.o(i.HAL_UART_RxCpltCallback)
    HAL_UART_Transmit                        0x08003985   Thumb Code   178  stm32f1xx_hal_uart.o(i.HAL_UART_Transmit)
    HAL_UART_TxCpltCallback                  0x08003a37   Thumb Code     2  stm32f1xx_hal_uart.o(i.HAL_UART_TxCpltCallback)
    HardFault_Handler                        0x08003a39   Thumb Code     2  stm32f1xx_it.o(i.HardFault_Handler)
    MPU6050_Init                             0x08003e09   Thumb Code   136  mpu6050.o(i.MPU6050_Init)
    MX_GPIO_Init                             0x08003e95   Thumb Code    54  gpio.o(i.MX_GPIO_Init)
    MX_I2C1_Init                             0x08003ed1   Thumb Code    50  i2c.o(i.MX_I2C1_Init)
    MX_USART1_UART_Init                      0x08003f11   Thumb Code    54  usart.o(i.MX_USART1_UART_Init)
    MX_USART2_UART_Init                      0x08003f55   Thumb Code    48  usart.o(i.MX_USART2_UART_Init)
    MemManage_Handler                        0x08003f8d   Thumb Code     2  stm32f1xx_it.o(i.MemManage_Handler)
    NMI_Handler                              0x08003f8f   Thumb Code     2  stm32f1xx_it.o(i.NMI_Handler)
    PendSV_Handler                           0x08003f91   Thumb Code     2  stm32f1xx_it.o(i.PendSV_Handler)
    SVC_Handler                              0x08003f93   Thumb Code     2  stm32f1xx_it.o(i.SVC_Handler)
    SysTick_Handler                          0x08003f95   Thumb Code     4  stm32f1xx_it.o(i.SysTick_Handler)
    SystemClock_Config                       0x08003f99   Thumb Code    94  main.o(i.SystemClock_Config)
    SystemInit                               0x08003ff7   Thumb Code     2  system_stm32f1xx.o(i.SystemInit)
    UART_Start_Receive_IT                    0x080041a9   Thumb Code    54  stm32f1xx_hal_uart.o(i.UART_Start_Receive_IT)
    USART1_IRQHandler                        0x08004245   Thumb Code     6  stm32f1xx_it.o(i.USART1_IRQHandler)
    UsageFault_Handler                       0x08004251   Thumb Code     2  stm32f1xx_it.o(i.UsageFault_Handler)
    __ARM_fpclassify                         0x08004253   Thumb Code    40  fpclassify.o(i.__ARM_fpclassify)
    _is_digit                                0x0800429b   Thumb Code    14  __printf_wp.o(i._is_digit)
    errorLog                                 0x080042a9   Thumb Code    12  main.o(i.errorLog)
    fputc                                    0x080042c1   Thumb Code    26  fputc.o(i.fputc)
    main                                     0x080042dd   Thumb Code    62  main.o(i.main)
    parseGpsBuffer                           0x08004331   Thumb Code   236  main.o(i.parseGpsBuffer)
    usart2_printf                            0x0800443d   Thumb Code    54  usart.o(i.usart2_printf)
    _get_lc_numeric                          0x08004479   Thumb Code    44  lc_numeric_c.o(locale$$code)
    _get_lc_ctype                            0x080044a5   Thumb Code    44  lc_ctype_c.o(locale$$code)
    _printf_fp_dec                           0x080044d1   Thumb Code     4  printf1.o(x$fpl$printf1)
    _printf_fp_hex                           0x080044d5   Thumb Code     4  printf2.o(x$fpl$printf2)
    AHBPrescTable                            0x080044d8   Data          16  system_stm32f1xx.o(.constdata)
    __I$use$fp                               0x080044d8   Number         0  usenofp.o(x$fpl$usenofp)
    APBPrescTable                            0x080044e8   Data           8  system_stm32f1xx.o(.constdata)
    __stdin_name                             0x0800455a   Data           4  sys_io.o(.constdata)
    __stdout_name                            0x0800455e   Data           4  sys_io.o(.constdata)
    __stderr_name                            0x08004562   Data           4  sys_io.o(.constdata)
    Region$$Table$$Base                      0x080045fc   Number         0  anon$$obj.o(Region$$Table)
    Region$$Table$$Limit                     0x0800461c   Number         0  anon$$obj.o(Region$$Table)
    __ctype                                  0x08004645   Data           0  lc_ctype_c.o(locale$$data)
    Res                                      0x20000000   Data           1  usart.o(.data)
    point1                                   0x20000002   Data           2  usart.o(.data)
    USART1_RX_STA                            0x20000004   Data           2  usart.o(.data)
    uwTickFreq                               0x20000008   Data           1  stm32f1xx_hal.o(.data)
    uwTickPrio                               0x2000000c   Data           4  stm32f1xx_hal.o(.data)
    uwTick                                   0x20000010   Data           4  stm32f1xx_hal.o(.data)
    SystemCoreClock                          0x20000014   Data           4  system_stm32f1xx.o(.data)
    __aeabi_stdin                            0x20000018   Data           4  stdio_streams.o(.data)
    __aeabi_stdout                           0x2000001c   Data           4  stdio_streams.o(.data)
    __aeabi_stderr                           0x20000020   Data           4  stdio_streams.o(.data)
    hi2c1                                    0x20000024   Data          84  i2c.o(.bss)
    aRxBuffer                                0x20000078   Data         200  usart.o(.bss)
    USART_RX_BUF                             0x20000140   Data         200  usart.o(.bss)
    Save_Data                                0x20000208   Data         121  usart.o(.bss)
    huart1                                   0x20000284   Data          68  usart.o(.bss)
    huart2                                   0x200002c8   Data          68  usart.o(.bss)
    __stdin                                  0x2000030c   Data          84  stdio_streams.o(.bss)
    __stdout                                 0x20000360   Data          84  stdio_streams.o(.bss)
    __stderr                                 0x200003b4   Data          84  stdio_streams.o(.bss)
    __libspace_start                         0x20000408   Data          96  libspace.o(.bss)
    __temporary_stack_top$libspace           0x20000468   Data           0  libspace.o(.bss)



==============================================================================

Memory Map of the image

  Image Entry point : 0x080000ed

  Load Region LR_IROM1 (Base: 0x08000000, Size: 0x0000476c, Max: 0x00010000, ABSOLUTE)

    Execution Region ER_IROM1 (Exec base: 0x08000000, Load base: 0x08000000, Size: 0x00004748, Max: 0x00010000, ABSOLUTE)

    Exec Addr    Load Addr    Size         Type   Attr      Idx    E Section Name        Object

    0x08000000   0x08000000   0x000000ec   Data   RO            3    RESET               startup_stm32f103xb.o
    0x080000ec   0x080000ec   0x00000008   Code   RO         2461  * !!!main             c_w.l(__main.o)
    0x080000f4   0x080000f4   0x00000034   Code   RO         3037    !!!scatter          c_w.l(__scatter.o)
    0x08000128   0x08000128   0x0000001a   Code   RO         3039    !!handler_copy      c_w.l(__scatter_copy.o)
    0x08000142   0x08000142   0x00000002   PAD
    0x08000144   0x08000144   0x0000001c   Code   RO         3041    !!handler_zi        c_w.l(__scatter_zi.o)
    0x08000160   0x08000160   0x00000000   Code   RO         2450    .ARM.Collect$$_printf_percent$$00000000  c_w.l(_printf_percent.o)
    0x08000160   0x08000160   0x00000006   Code   RO         2576    .ARM.Collect$$_printf_percent$$00000001  c_w.l(_printf_n.o)
    0x08000166   0x08000166   0x00000006   Code   RO         2578    .ARM.Collect$$_printf_percent$$00000002  c_w.l(_printf_p.o)
    0x0800016c   0x0800016c   0x00000006   Code   RO         2582    .ARM.Collect$$_printf_percent$$00000003  c_w.l(_printf_f.o)
    0x08000172   0x08000172   0x00000006   Code   RO         2583    .ARM.Collect$$_printf_percent$$00000004  c_w.l(_printf_e.o)
    0x08000178   0x08000178   0x00000006   Code   RO         2584    .ARM.Collect$$_printf_percent$$00000005  c_w.l(_printf_g.o)
    0x0800017e   0x0800017e   0x00000006   Code   RO         2585    .ARM.Collect$$_printf_percent$$00000006  c_w.l(_printf_a.o)
    0x08000184   0x08000184   0x0000000a   Code   RO         2590    .ARM.Collect$$_printf_percent$$00000007  c_w.l(_printf_ll.o)
    0x0800018e   0x0800018e   0x00000006   Code   RO         2580    .ARM.Collect$$_printf_percent$$00000008  c_w.l(_printf_i.o)
    0x08000194   0x08000194   0x00000006   Code   RO         2449    .ARM.Collect$$_printf_percent$$00000009  c_w.l(_printf_d.o)
    0x0800019a   0x0800019a   0x00000006   Code   RO         2581    .ARM.Collect$$_printf_percent$$0000000A  c_w.l(_printf_u.o)
    0x080001a0   0x080001a0   0x00000006   Code   RO         2579    .ARM.Collect$$_printf_percent$$0000000B  c_w.l(_printf_o.o)
    0x080001a6   0x080001a6   0x00000006   Code   RO         2577    .ARM.Collect$$_printf_percent$$0000000C  c_w.l(_printf_x.o)
    0x080001ac   0x080001ac   0x00000006   Code   RO         2587    .ARM.Collect$$_printf_percent$$0000000D  c_w.l(_printf_lli.o)
    0x080001b2   0x080001b2   0x00000006   Code   RO         2588    .ARM.Collect$$_printf_percent$$0000000E  c_w.l(_printf_lld.o)
    0x080001b8   0x080001b8   0x00000006   Code   RO         2589    .ARM.Collect$$_printf_percent$$0000000F  c_w.l(_printf_llu.o)
    0x080001be   0x080001be   0x00000006   Code   RO         2594    .ARM.Collect$$_printf_percent$$00000010  c_w.l(_printf_llo.o)
    0x080001c4   0x080001c4   0x00000006   Code   RO         2595    .ARM.Collect$$_printf_percent$$00000011  c_w.l(_printf_llx.o)
    0x080001ca   0x080001ca   0x0000000a   Code   RO         2591    .ARM.Collect$$_printf_percent$$00000012  c_w.l(_printf_l.o)
    0x080001d4   0x080001d4   0x00000006   Code   RO         2574    .ARM.Collect$$_printf_percent$$00000013  c_w.l(_printf_c.o)
    0x080001da   0x080001da   0x00000006   Code   RO         2575    .ARM.Collect$$_printf_percent$$00000014  c_w.l(_printf_s.o)
    0x080001e0   0x080001e0   0x00000006   Code   RO         2592    .ARM.Collect$$_printf_percent$$00000015  c_w.l(_printf_lc.o)
    0x080001e6   0x080001e6   0x00000006   Code   RO         2593    .ARM.Collect$$_printf_percent$$00000016  c_w.l(_printf_ls.o)
    0x080001ec   0x080001ec   0x00000004   Code   RO         2586    .ARM.Collect$$_printf_percent$$00000017  c_w.l(_printf_percent_end.o)
    0x080001f0   0x080001f0   0x00000002   Code   RO         2823    .ARM.Collect$$libinit$$00000000  c_w.l(libinit.o)
    0x080001f2   0x080001f2   0x00000000   Code   RO         2825    .ARM.Collect$$libinit$$00000002  c_w.l(libinit2.o)
    0x080001f2   0x080001f2   0x00000000   Code   RO         2827    .ARM.Collect$$libinit$$00000004  c_w.l(libinit2.o)
    0x080001f2   0x080001f2   0x00000008   Code   RO         2828    .ARM.Collect$$libinit$$00000005  c_w.l(libinit2.o)
    0x080001fa   0x080001fa   0x00000000   Code   RO         2830    .ARM.Collect$$libinit$$0000000A  c_w.l(libinit2.o)
    0x080001fa   0x080001fa   0x00000000   Code   RO         2832    .ARM.Collect$$libinit$$0000000C  c_w.l(libinit2.o)
    0x080001fa   0x080001fa   0x00000000   Code   RO         2834    .ARM.Collect$$libinit$$0000000E  c_w.l(libinit2.o)
    0x080001fa   0x080001fa   0x00000006   Code   RO         2835    .ARM.Collect$$libinit$$0000000F  c_w.l(libinit2.o)
    0x08000200   0x08000200   0x00000000   Code   RO         2837    .ARM.Collect$$libinit$$00000011  c_w.l(libinit2.o)
    0x08000200   0x08000200   0x0000000c   Code   RO         2838    .ARM.Collect$$libinit$$00000012  c_w.l(libinit2.o)
    0x0800020c   0x0800020c   0x00000000   Code   RO         2839    .ARM.Collect$$libinit$$00000013  c_w.l(libinit2.o)
    0x0800020c   0x0800020c   0x00000000   Code   RO         2841    .ARM.Collect$$libinit$$00000015  c_w.l(libinit2.o)
    0x0800020c   0x0800020c   0x0000000a   Code   RO         2842    .ARM.Collect$$libinit$$00000016  c_w.l(libinit2.o)
    0x08000216   0x08000216   0x00000000   Code   RO         2843    .ARM.Collect$$libinit$$00000017  c_w.l(libinit2.o)
    0x08000216   0x08000216   0x00000000   Code   RO         2845    .ARM.Collect$$libinit$$00000019  c_w.l(libinit2.o)
    0x08000216   0x08000216   0x00000000   Code   RO         2847    .ARM.Collect$$libinit$$0000001B  c_w.l(libinit2.o)
    0x08000216   0x08000216   0x00000000   Code   RO         2849    .ARM.Collect$$libinit$$0000001D  c_w.l(libinit2.o)
    0x08000216   0x08000216   0x00000000   Code   RO         2851    .ARM.Collect$$libinit$$0000001F  c_w.l(libinit2.o)
    0x08000216   0x08000216   0x00000000   Code   RO         2853    .ARM.Collect$$libinit$$00000021  c_w.l(libinit2.o)
    0x08000216   0x08000216   0x00000000   Code   RO         2855    .ARM.Collect$$libinit$$00000023  c_w.l(libinit2.o)
    0x08000216   0x08000216   0x00000004   Code   RO         2856    .ARM.Collect$$libinit$$00000024  c_w.l(libinit2.o)
    0x0800021a   0x0800021a   0x00000000   Code   RO         2857    .ARM.Collect$$libinit$$00000025  c_w.l(libinit2.o)
    0x0800021a   0x0800021a   0x00000000   Code   RO         2861    .ARM.Collect$$libinit$$0000002C  c_w.l(libinit2.o)
    0x0800021a   0x0800021a   0x00000000   Code   RO         2863    .ARM.Collect$$libinit$$0000002E  c_w.l(libinit2.o)
    0x0800021a   0x0800021a   0x00000000   Code   RO         2865    .ARM.Collect$$libinit$$00000030  c_w.l(libinit2.o)
    0x0800021a   0x0800021a   0x00000000   Code   RO         2867    .ARM.Collect$$libinit$$00000032  c_w.l(libinit2.o)
    0x0800021a   0x0800021a   0x00000002   Code   RO         2868    .ARM.Collect$$libinit$$00000033  c_w.l(libinit2.o)
    0x0800021c   0x0800021c   0x00000002   Code   RO         3016    .ARM.Collect$$libshutdown$$00000000  c_w.l(libshutdown.o)
    0x0800021e   0x0800021e   0x00000000   Code   RO         2870    .ARM.Collect$$libshutdown$$00000002  c_w.l(libshutdown2.o)
    0x0800021e   0x0800021e   0x00000000   Code   RO         2872    .ARM.Collect$$libshutdown$$00000004  c_w.l(libshutdown2.o)
    0x0800021e   0x0800021e   0x00000004   Code   RO         2873    .ARM.Collect$$libshutdown$$00000005  c_w.l(libshutdown2.o)
    0x08000222   0x08000222   0x00000000   Code   RO         2874    .ARM.Collect$$libshutdown$$00000006  c_w.l(libshutdown2.o)
    0x08000222   0x08000222   0x00000000   Code   RO         2877    .ARM.Collect$$libshutdown$$00000009  c_w.l(libshutdown2.o)
    0x08000222   0x08000222   0x00000000   Code   RO         2880    .ARM.Collect$$libshutdown$$0000000C  c_w.l(libshutdown2.o)
    0x08000222   0x08000222   0x00000000   Code   RO         2882    .ARM.Collect$$libshutdown$$0000000E  c_w.l(libshutdown2.o)
    0x08000222   0x08000222   0x00000000   Code   RO         2885    .ARM.Collect$$libshutdown$$00000011  c_w.l(libshutdown2.o)
    0x08000222   0x08000222   0x00000002   Code   RO         2886    .ARM.Collect$$libshutdown$$00000012  c_w.l(libshutdown2.o)
    0x08000224   0x08000224   0x00000000   Code   RO         2521    .ARM.Collect$$rtentry$$00000000  c_w.l(__rtentry.o)
    0x08000224   0x08000224   0x00000000   Code   RO         2644    .ARM.Collect$$rtentry$$00000002  c_w.l(__rtentry2.o)
    0x08000224   0x08000224   0x00000006   Code   RO         2656    .ARM.Collect$$rtentry$$00000004  c_w.l(__rtentry4.o)
    0x0800022a   0x0800022a   0x00000000   Code   RO         2646    .ARM.Collect$$rtentry$$00000009  c_w.l(__rtentry2.o)
    0x0800022a   0x0800022a   0x00000004   Code   RO         2647    .ARM.Collect$$rtentry$$0000000A  c_w.l(__rtentry2.o)
    0x0800022e   0x0800022e   0x00000000   Code   RO         2649    .ARM.Collect$$rtentry$$0000000C  c_w.l(__rtentry2.o)
    0x0800022e   0x0800022e   0x00000008   Code   RO         2650    .ARM.Collect$$rtentry$$0000000D  c_w.l(__rtentry2.o)
    0x08000236   0x08000236   0x00000002   Code   RO         2898    .ARM.Collect$$rtexit$$00000000  c_w.l(rtexit.o)
    0x08000238   0x08000238   0x00000000   Code   RO         2959    .ARM.Collect$$rtexit$$00000002  c_w.l(rtexit2.o)
    0x08000238   0x08000238   0x00000004   Code   RO         2960    .ARM.Collect$$rtexit$$00000003  c_w.l(rtexit2.o)
    0x0800023c   0x0800023c   0x00000006   Code   RO         2961    .ARM.Collect$$rtexit$$00000004  c_w.l(rtexit2.o)
    0x08000242   0x08000242   0x00000002   PAD
    0x08000244   0x08000244   0x00000000   Code   RO         2965    .emb_text           c_w.l(maybetermalloc1.o)
    0x08000244   0x08000244   0x00000040   Code   RO            4    .text               startup_stm32f103xb.o
    0x08000284   0x08000284   0x00000034   Code   RO         2419    .text               c_w.l(vsnprintf.o)
    0x080002b8   0x080002b8   0x00000018   Code   RO         2421    .text               c_w.l(__2printf.o)
    0x080002d0   0x080002d0   0x00000078   Code   RO         2427    .text               c_w.l(_printf_dec.o)
    0x08000348   0x08000348   0x00000188   Code   RO         2446    .text               c_w.l(__printf_flags_ss_wp.o)
    0x080004d0   0x080004d0   0x00000024   Code   RO         2451    .text               c_w.l(strstr.o)
    0x080004f4   0x080004f4   0x0000008a   Code   RO         2453    .text               c_w.l(rt_memcpy_v6.o)
    0x0800057e   0x0800057e   0x00000064   Code   RO         2455    .text               c_w.l(rt_memcpy_w.o)
    0x080005e2   0x080005e2   0x0000004e   Code   RO         2457    .text               c_w.l(rt_memclr_w.o)
    0x08000630   0x08000630   0x00000006   Code   RO         2459    .text               c_w.l(heapauxi.o)
    0x08000636   0x08000636   0x0000004e   Code   RO         2524    .text               c_w.l(_printf_pad.o)
    0x08000684   0x08000684   0x00000024   Code   RO         2526    .text               c_w.l(_printf_truncate.o)
    0x080006a8   0x080006a8   0x00000052   Code   RO         2528    .text               c_w.l(_printf_str.o)
    0x080006fa   0x080006fa   0x000000b2   Code   RO         2530    .text               c_w.l(_printf_intcommon.o)
    0x080007ac   0x080007ac   0x00000028   Code   RO         2532    .text               c_w.l(_printf_charcount.o)
    0x080007d4   0x080007d4   0x00000030   Code   RO         2534    .text               c_w.l(_printf_char_common.o)
    0x08000804   0x08000804   0x0000000a   Code   RO         2536    .text               c_w.l(_sputc.o)
    0x0800080e   0x0800080e   0x00000010   Code   RO         2538    .text               c_w.l(_snputc.o)
    0x0800081e   0x0800081e   0x00000002   PAD
    0x08000820   0x08000820   0x00000024   Code   RO         2540    .text               c_w.l(_printf_char_file.o)
    0x08000844   0x08000844   0x000000bc   Code   RO         2542    .text               c_w.l(_printf_wctomb.o)
    0x08000900   0x08000900   0x0000007c   Code   RO         2545    .text               c_w.l(_printf_longlong_dec.o)
    0x0800097c   0x0800097c   0x00000070   Code   RO         2551    .text               c_w.l(_printf_oct_int_ll.o)
    0x080009ec   0x080009ec   0x00000094   Code   RO         2571    .text               c_w.l(_printf_hex_int_ll_ptr.o)
    0x08000a80   0x08000a80   0x00000008   Code   RO         2661    .text               c_w.l(rt_errno_addr_intlibspace.o)
    0x08000a88   0x08000a88   0x0000008a   Code   RO         2663    .text               c_w.l(lludiv10.o)
    0x08000b12   0x08000b12   0x0000041e   Code   RO         2665    .text               c_w.l(_printf_fp_dec.o)
    0x08000f30   0x08000f30   0x000002fc   Code   RO         2667    .text               c_w.l(_printf_fp_hex.o)
    0x0800122c   0x0800122c   0x0000002c   Code   RO         2672    .text               c_w.l(_printf_char.o)
    0x08001258   0x08001258   0x0000002c   Code   RO         2674    .text               c_w.l(_printf_wchar.o)
    0x08001284   0x08001284   0x00000008   Code   RO         2676    .text               c_w.l(ferror.o)
    0x0800128c   0x0800128c   0x00000138   Code   RO         2682    .text               c_w.l(initio.o)
    0x080013c4   0x080013c4   0x00000040   Code   RO         2690    .text               c_w.l(_wcrtomb.o)
    0x08001404   0x08001404   0x00000066   Code   RO         2694    .text               c_w.l(sys_io.o)
    0x0800146a   0x0800146a   0x00000002   PAD
    0x0800146c   0x0800146c   0x00000008   Code   RO         2699    .text               c_w.l(libspace.o)
    0x08001474   0x08001474   0x0000004a   Code   RO         2704    .text               c_w.l(sys_stackheap_outer.o)
    0x080014be   0x080014be   0x00000002   PAD
    0x080014c0   0x080014c0   0x00000010   Code   RO         2706    .text               c_w.l(rt_ctype_table.o)
    0x080014d0   0x080014d0   0x00000008   Code   RO         2711    .text               c_w.l(rt_locale_intlibspace.o)
    0x080014d8   0x080014d8   0x0000004e   Code   RO         2715    .text               c_w.l(h1_free.o)
    0x08001526   0x08001526   0x00000002   PAD
    0x08001528   0x08001528   0x00000080   Code   RO         2769    .text               c_w.l(_printf_fp_infnan.o)
    0x080015a8   0x080015a8   0x000000e4   Code   RO         2771    .text               c_w.l(bigflt0.o)
    0x0800168c   0x0800168c   0x000001d6   Code   RO         2796    .text               c_w.l(flsbuf.o)
    0x08001862   0x08001862   0x00000046   Code   RO         2798    .text               c_w.l(setvbuf.o)
    0x080018a8   0x080018a8   0x000000ec   Code   RO         2801    .text               c_w.l(fopen.o)
    0x08001994   0x08001994   0x0000004c   Code   RO         2803    .text               c_w.l(fclose.o)
    0x080019e0   0x080019e0   0x00000012   Code   RO         2812    .text               c_w.l(exit.o)
    0x080019f2   0x080019f2   0x0000000e   Code   RO         2814    .text               c_w.l(defsig_rtred_outer.o)
    0x08001a00   0x08001a00   0x00000002   Code   RO         2895    .text               c_w.l(use_no_semi.o)
    0x08001a02   0x08001a02   0x00000000   Code   RO         2897    .text               c_w.l(indicate_semi.o)
    0x08001a02   0x08001a02   0x00000002   PAD
    0x08001a04   0x08001a04   0x00000008   Code   RO         2905    .text               c_w.l(rt_heap_descriptor_intlibspace.o)
    0x08001a0c   0x08001a0c   0x00000004   Code   RO         2907    .text               c_w.l(hguard.o)
    0x08001a10   0x08001a10   0x0000008a   Code   RO         2909    .text               c_w.l(init_alloc.o)
    0x08001a9a   0x08001a9a   0x0000005e   Code   RO         2915    .text               c_w.l(h1_alloc.o)
    0x08001af8   0x08001af8   0x000000f8   Code   RO         2931    .text               c_w.l(fseek.o)
    0x08001bf0   0x08001bf0   0x000000f0   Code   RO         2933    .text               c_w.l(stdio.o)
    0x08001ce0   0x08001ce0   0x0000000a   Code   RO         2942    .text               c_w.l(defsig_exit.o)
    0x08001cea   0x08001cea   0x00000002   PAD
    0x08001cec   0x08001cec   0x00000034   Code   RO         2944    .text               c_w.l(defsig_rtred_inner.o)
    0x08001d20   0x08001d20   0x0000003e   Code   RO         2948    .text               c_w.l(strlen.o)
    0x08001d5e   0x08001d5e   0x00000002   PAD
    0x08001d60   0x08001d60   0x00000080   Code   RO         2950    .text               c_w.l(strcmpv7m.o)
    0x08001de0   0x08001de0   0x0000000c   Code   RO         2956    .text               c_w.l(sys_exit.o)
    0x08001dec   0x08001dec   0x0000000e   Code   RO         2967    .text               c_w.l(h1_init.o)
    0x08001dfa   0x08001dfa   0x00000034   Code   RO         2969    .text               c_w.l(h1_extend.o)
    0x08001e2e   0x08001e2e   0x00000042   Code   RO         2979    .text               c_w.l(ftell.o)
    0x08001e70   0x08001e70   0x00000032   Code   RO         2987    .text               c_w.l(defsig_general.o)
    0x08001ea2   0x08001ea2   0x0000000e   Code   RO         2989    .text               c_w.l(defsig_rtmem_outer.o)
    0x08001eb0   0x08001eb0   0x0000000e   Code   RO         3002    .text               c_w.l(sys_wrch.o)
    0x08001ebe   0x08001ebe   0x00000002   PAD
    0x08001ec0   0x08001ec0   0x00000050   Code   RO         3010    .text               c_w.l(defsig_rtmem_inner.o)
    0x08001f10   0x08001f10   0x0000003e   Code   RO         2774    CL$$btod_d2e        c_w.l(btod.o)
    0x08001f4e   0x08001f4e   0x00000046   Code   RO         2776    CL$$btod_d2e_denorm_low  c_w.l(btod.o)
    0x08001f94   0x08001f94   0x00000060   Code   RO         2775    CL$$btod_d2e_norm_op1  c_w.l(btod.o)
    0x08001ff4   0x08001ff4   0x00000338   Code   RO         2784    CL$$btod_div_common  c_w.l(btod.o)
    0x0800232c   0x0800232c   0x000000dc   Code   RO         2781    CL$$btod_e2e        c_w.l(btod.o)
    0x08002408   0x08002408   0x0000002a   Code   RO         2778    CL$$btod_ediv       c_w.l(btod.o)
    0x08002432   0x08002432   0x0000002a   Code   RO         2777    CL$$btod_emul       c_w.l(btod.o)
    0x0800245c   0x0800245c   0x00000244   Code   RO         2783    CL$$btod_mult_common  c_w.l(btod.o)
    0x080026a0   0x080026a0   0x00000002   Code   RO          438    i.BusFault_Handler  stm32f1xx_it.o
    0x080026a2   0x080026a2   0x00000002   Code   RO          439    i.DebugMon_Handler  stm32f1xx_it.o
    0x080026a4   0x080026a4   0x00000004   Code   RO          126    i.Error_Handler     main.o
    0x080026a8   0x080026a8   0x00000046   Code   RO         1391    i.HAL_DMA_Abort     stm32f1xx_hal_dma.o
    0x080026ee   0x080026ee   0x00000002   PAD
    0x080026f0   0x080026f0   0x00000098   Code   RO         1392    i.HAL_DMA_Abort_IT  stm32f1xx_hal_dma.o
    0x08002788   0x08002788   0x00000024   Code   RO         1019    i.HAL_Delay         stm32f1xx_hal.o
    0x080027ac   0x080027ac   0x000001e0   Code   RO         1327    i.HAL_GPIO_Init     stm32f1xx_hal_gpio.o
    0x0800298c   0x0800298c   0x0000000c   Code   RO         1023    i.HAL_GetTick       stm32f1xx_hal.o
    0x08002998   0x08002998   0x00000188   Code   RO          591    i.HAL_I2C_Init      stm32f1xx_hal_i2c.o
    0x08002b20   0x08002b20   0x00000250   Code   RO          609    i.HAL_I2C_Mem_Read  stm32f1xx_hal_i2c.o
    0x08002d70   0x08002d70   0x00000130   Code   RO          612    i.HAL_I2C_Mem_Write  stm32f1xx_hal_i2c.o
    0x08002ea0   0x08002ea0   0x0000005c   Code   RO          249    i.HAL_I2C_MspInit   i2c.o
    0x08002efc   0x08002efc   0x00000010   Code   RO         1029    i.HAL_IncTick       stm32f1xx_hal.o
    0x08002f0c   0x08002f0c   0x00000024   Code   RO         1030    i.HAL_Init          stm32f1xx_hal.o
    0x08002f30   0x08002f30   0x00000040   Code   RO         1031    i.HAL_InitTick      stm32f1xx_hal.o
    0x08002f70   0x08002f70   0x0000003c   Code   RO          520    i.HAL_MspInit       stm32f1xx_hal_msp.o
    0x08002fac   0x08002fac   0x0000001a   Code   RO         1487    i.HAL_NVIC_EnableIRQ  stm32f1xx_hal_cortex.o
    0x08002fc6   0x08002fc6   0x00000002   PAD
    0x08002fc8   0x08002fc8   0x00000040   Code   RO         1493    i.HAL_NVIC_SetPriority  stm32f1xx_hal_cortex.o
    0x08003008   0x08003008   0x00000024   Code   RO         1494    i.HAL_NVIC_SetPriorityGrouping  stm32f1xx_hal_cortex.o
    0x0800302c   0x0800302c   0x0000012c   Code   RO         1187    i.HAL_RCC_ClockConfig  stm32f1xx_hal_rcc.o
    0x08003158   0x08003158   0x00000020   Code   RO         1194    i.HAL_RCC_GetPCLK1Freq  stm32f1xx_hal_rcc.o
    0x08003178   0x08003178   0x00000020   Code   RO         1195    i.HAL_RCC_GetPCLK2Freq  stm32f1xx_hal_rcc.o
    0x08003198   0x08003198   0x0000006c   Code   RO         1196    i.HAL_RCC_GetSysClockFreq  stm32f1xx_hal_rcc.o
    0x08003204   0x08003204   0x00000320   Code   RO         1199    i.HAL_RCC_OscConfig  stm32f1xx_hal_rcc.o
    0x08003524   0x08003524   0x00000028   Code   RO         1498    i.HAL_SYSTICK_Config  stm32f1xx_hal_cortex.o
    0x0800354c   0x0800354c   0x00000002   Code   RO         2034    i.HAL_UARTEx_RxEventCallback  stm32f1xx_hal_uart.o
    0x0800354e   0x0800354e   0x00000002   Code   RO         2048    i.HAL_UART_ErrorCallback  stm32f1xx_hal_uart.o
    0x08003550   0x08003550   0x0000020c   Code   RO         2051    i.HAL_UART_IRQHandler  stm32f1xx_hal_uart.o
    0x0800375c   0x0800375c   0x00000062   Code   RO         2052    i.HAL_UART_Init     stm32f1xx_hal_uart.o
    0x080037be   0x080037be   0x00000002   PAD
    0x080037c0   0x080037c0   0x000000cc   Code   RO          291    i.HAL_UART_MspInit  usart.o
    0x0800388c   0x0800388c   0x0000002a   Code   RO         2057    i.HAL_UART_Receive_IT  stm32f1xx_hal_uart.o
    0x080038b6   0x080038b6   0x00000002   PAD
    0x080038b8   0x080038b8   0x000000cc   Code   RO          292    i.HAL_UART_RxCpltCallback  usart.o
    0x08003984   0x08003984   0x000000b2   Code   RO         2060    i.HAL_UART_Transmit  stm32f1xx_hal_uart.o
    0x08003a36   0x08003a36   0x00000002   Code   RO         2063    i.HAL_UART_TxCpltCallback  stm32f1xx_hal_uart.o
    0x08003a38   0x08003a38   0x00000002   Code   RO          440    i.HardFault_Handler  stm32f1xx_it.o
    0x08003a3a   0x08003a3a   0x0000002e   Code   RO          633    i.I2C_IsAcknowledgeFailed  stm32f1xx_hal_i2c.o
    0x08003a68   0x08003a68   0x000000fc   Code   RO          643    i.I2C_RequestMemoryRead  stm32f1xx_hal_i2c.o
    0x08003b64   0x08003b64   0x000000a8   Code   RO          644    i.I2C_RequestMemoryWrite  stm32f1xx_hal_i2c.o
    0x08003c0c   0x08003c0c   0x0000004c   Code   RO          648    i.I2C_WaitOnBTFFlagUntilTimeout  stm32f1xx_hal_i2c.o
    0x08003c58   0x08003c58   0x00000068   Code   RO          649    i.I2C_WaitOnFlagUntilTimeout  stm32f1xx_hal_i2c.o
    0x08003cc0   0x08003cc0   0x00000096   Code   RO          650    i.I2C_WaitOnMasterAddressFlagUntilTimeout  stm32f1xx_hal_i2c.o
    0x08003d56   0x08003d56   0x00000066   Code   RO          651    i.I2C_WaitOnRXNEFlagUntilTimeout  stm32f1xx_hal_i2c.o
    0x08003dbc   0x08003dbc   0x0000004c   Code   RO          652    i.I2C_WaitOnTXEFlagUntilTimeout  stm32f1xx_hal_i2c.o
    0x08003e08   0x08003e08   0x0000008c   Code   RO           13    i.MPU6050_Init      mpu6050.o
    0x08003e94   0x08003e94   0x0000003c   Code   RO          224    i.MX_GPIO_Init      gpio.o
    0x08003ed0   0x08003ed0   0x00000040   Code   RO          250    i.MX_I2C1_Init      i2c.o
    0x08003f10   0x08003f10   0x00000044   Code   RO          293    i.MX_USART1_UART_Init  usart.o
    0x08003f54   0x08003f54   0x00000038   Code   RO          294    i.MX_USART2_UART_Init  usart.o
    0x08003f8c   0x08003f8c   0x00000002   Code   RO          441    i.MemManage_Handler  stm32f1xx_it.o
    0x08003f8e   0x08003f8e   0x00000002   Code   RO          442    i.NMI_Handler       stm32f1xx_it.o
    0x08003f90   0x08003f90   0x00000002   Code   RO          443    i.PendSV_Handler    stm32f1xx_it.o
    0x08003f92   0x08003f92   0x00000002   Code   RO          444    i.SVC_Handler       stm32f1xx_it.o
    0x08003f94   0x08003f94   0x00000004   Code   RO          445    i.SysTick_Handler   stm32f1xx_it.o
    0x08003f98   0x08003f98   0x0000005e   Code   RO          130    i.SystemClock_Config  main.o
    0x08003ff6   0x08003ff6   0x00000002   Code   RO         2381    i.SystemInit        system_stm32f1xx.o
    0x08003ff8   0x08003ff8   0x00000010   Code   RO         2065    i.UART_DMAAbortOnError  stm32f1xx_hal_uart.o
    0x08004008   0x08004008   0x00000030   Code   RO         2075    i.UART_EndRxTransfer  stm32f1xx_hal_uart.o
    0x08004038   0x08004038   0x000000b6   Code   RO         2077    i.UART_Receive_IT   stm32f1xx_hal_uart.o
    0x080040ee   0x080040ee   0x00000002   PAD
    0x080040f0   0x080040f0   0x000000b8   Code   RO         2078    i.UART_SetConfig    stm32f1xx_hal_uart.o
    0x080041a8   0x080041a8   0x00000036   Code   RO         2080    i.UART_Start_Receive_IT  stm32f1xx_hal_uart.o
    0x080041de   0x080041de   0x00000064   Code   RO         2081    i.UART_WaitOnFlagUntilTimeout  stm32f1xx_hal_uart.o
    0x08004242   0x08004242   0x00000002   PAD
    0x08004244   0x08004244   0x0000000c   Code   RO          446    i.USART1_IRQHandler  stm32f1xx_it.o
    0x08004250   0x08004250   0x00000002   Code   RO          447    i.UsageFault_Handler  stm32f1xx_it.o
    0x08004252   0x08004252   0x00000028   Code   RO         2893    i.__ARM_fpclassify  m_ws.l(fpclassify.o)
    0x0800427a   0x0800427a   0x00000020   Code   RO         1500    i.__NVIC_SetPriority  stm32f1xx_hal_cortex.o
    0x0800429a   0x0800429a   0x0000000e   Code   RO         2439    i._is_digit         c_w.l(__printf_wp.o)
    0x080042a8   0x080042a8   0x00000018   Code   RO          132    i.errorLog          main.o
    0x080042c0   0x080042c0   0x0000001a   Code   RO         2679    i.fputc             c_w.l(fputc.o)
    0x080042da   0x080042da   0x00000002   PAD
    0x080042dc   0x080042dc   0x00000054   Code   RO          133    i.main              main.o
    0x08004330   0x08004330   0x0000010c   Code   RO          134    i.parseGpsBuffer    main.o
    0x0800443c   0x0800443c   0x0000003c   Code   RO          295    i.usart2_printf     usart.o
    0x08004478   0x08004478   0x0000002c   Code   RO         2810    locale$$code        c_w.l(lc_numeric_c.o)
    0x080044a4   0x080044a4   0x0000002c   Code   RO         2940    locale$$code        c_w.l(lc_ctype_c.o)
    0x080044d0   0x080044d0   0x00000004   Code   RO         2618    x$fpl$printf1       fz_ws.l(printf1.o)
    0x080044d4   0x080044d4   0x00000004   Code   RO         2620    x$fpl$printf2       fz_ws.l(printf2.o)
    0x080044d8   0x080044d8   0x00000000   Code   RO         2626    x$fpl$usenofp       fz_ws.l(usenofp.o)
    0x080044d8   0x080044d8   0x00000010   Data   RO         2382    .constdata          system_stm32f1xx.o
    0x080044e8   0x080044e8   0x00000008   Data   RO         2383    .constdata          system_stm32f1xx.o
    0x080044f0   0x080044f0   0x00000011   Data   RO         2447    .constdata          c_w.l(__printf_flags_ss_wp.o)
    0x08004501   0x08004501   0x00000003   PAD
    0x08004504   0x08004504   0x00000008   Data   RO         2543    .constdata          c_w.l(_printf_wctomb.o)
    0x0800450c   0x0800450c   0x00000028   Data   RO         2572    .constdata          c_w.l(_printf_hex_int_ll_ptr.o)
    0x08004534   0x08004534   0x00000026   Data   RO         2668    .constdata          c_w.l(_printf_fp_hex.o)
    0x0800455a   0x0800455a   0x00000004   Data   RO         2695    .constdata          c_w.l(sys_io.o)
    0x0800455e   0x0800455e   0x00000004   Data   RO         2696    .constdata          c_w.l(sys_io.o)
    0x08004562   0x08004562   0x00000004   Data   RO         2697    .constdata          c_w.l(sys_io.o)
    0x08004566   0x08004566   0x00000002   PAD
    0x08004568   0x08004568   0x00000094   Data   RO         2772    .constdata          c_w.l(bigflt0.o)
    0x080045fc   0x080045fc   0x00000020   Data   RO         3035    Region$$Table       anon$$obj.o
    0x0800461c   0x0800461c   0x0000001c   Data   RO         2809    locale$$data        c_w.l(lc_numeric_c.o)
    0x08004638   0x08004638   0x00000110   Data   RO         2939    locale$$data        c_w.l(lc_ctype_c.o)


    Execution Region RW_IRAM1 (Exec base: 0x20000000, Load base: 0x08004748, Size: 0x00000a68, Max: 0x00005000, ABSOLUTE)

    Exec Addr    Load Addr    Size         Type   Attr      Idx    E Section Name        Object

    0x20000000   0x08004748   0x00000006   Data   RW          297    .data               usart.o
    0x20000006   0x0800474e   0x00000002   PAD
    0x20000008   0x08004750   0x0000000c   Data   RW         1037    .data               stm32f1xx_hal.o
    0x20000014   0x0800475c   0x00000004   Data   RW         2384    .data               system_stm32f1xx.o
    0x20000018   0x08004760   0x00000004   Data   RW         2599    .data               c_w.l(stdio_streams.o)
    0x2000001c   0x08004764   0x00000004   Data   RW         2600    .data               c_w.l(stdio_streams.o)
    0x20000020   0x08004768   0x00000004   Data   RW         2601    .data               c_w.l(stdio_streams.o)
    0x20000024        -       0x00000054   Zero   RW          251    .bss                i2c.o
    0x20000078        -       0x00000294   Zero   RW          296    .bss                usart.o
    0x2000030c        -       0x00000054   Zero   RW         2596    .bss                c_w.l(stdio_streams.o)
    0x20000360        -       0x00000054   Zero   RW         2597    .bss                c_w.l(stdio_streams.o)
    0x200003b4        -       0x00000054   Zero   RW         2598    .bss                c_w.l(stdio_streams.o)
    0x20000408        -       0x00000060   Zero   RW         2700    .bss                c_w.l(libspace.o)
    0x20000468        -       0x00000200   Zero   RW            2    HEAP                startup_stm32f103xb.o
    0x20000668        -       0x00000400   Zero   RW            1    STACK               startup_stm32f103xb.o


==============================================================================

Image component sizes


      Code (inc. data)   RO Data    RW Data    ZI Data      Debug   Object Name

        60          6          0          0          0        759   gpio.o
       156         26          0          0         84       1533   i2c.o
       474         74          0          0          0       3106   main.o
       140          4          0          0          0     401511   mpu6050.o
        64         26        236          0       1536        796   startup_stm32f103xb.o
       164         28          0         12          0       5773   stm32f1xx_hal.o
       198         14          0          0          0      28851   stm32f1xx_hal_cortex.o
       222          4          0          0          0       1723   stm32f1xx_hal_dma.o
       480         34          0          0          0       2232   stm32f1xx_hal_gpio.o
      2262         56          0          0          0      12590   stm32f1xx_hal_i2c.o
        60          8          0          0          0        814   stm32f1xx_hal_msp.o
      1272        100          0          0          0       5100   stm32f1xx_hal_rcc.o
      1432         10          0          0          0      10320   stm32f1xx_hal_uart.o
        32          6          0          0          0       4062   stm32f1xx_it.o
         2          0         24          4          0       1051   system_stm32f1xx.o
       592         64          0          6        660     359646   usart.o

    ----------------------------------------------------------------------
      7622        460        292         24       2280     839867   Object Totals
         0          0         32          0          0          0   (incl. Generated)
        12          0          0          2          0          0   (incl. Padding)

    ----------------------------------------------------------------------

      Code (inc. data)   RO Data    RW Data    ZI Data      Debug   Library Member Name

        24          4          0          0          0         84   __2printf.o
         8          0          0          0          0         68   __main.o
       392          4         17          0          0         92   __printf_flags_ss_wp.o
        14          0          0          0          0         68   __printf_wp.o
         0          0          0          0          0          0   __rtentry.o
        12          0          0          0          0          0   __rtentry2.o
         6          0          0          0          0          0   __rtentry4.o
        52          8          0          0          0          0   __scatter.o
        26          0          0          0          0          0   __scatter_copy.o
        28          0          0          0          0          0   __scatter_zi.o
         6          0          0          0          0          0   _printf_a.o
         6          0          0          0          0          0   _printf_c.o
        44          0          0          0          0        108   _printf_char.o
        48          6          0          0          0         96   _printf_char_common.o
        36          4          0          0          0         80   _printf_char_file.o
        40          0          0          0          0         68   _printf_charcount.o
         6          0          0          0          0          0   _printf_d.o
       120         16          0          0          0         92   _printf_dec.o
         6          0          0          0          0          0   _printf_e.o
         6          0          0          0          0          0   _printf_f.o
      1054          0          0          0          0        216   _printf_fp_dec.o
       764          8         38          0          0        100   _printf_fp_hex.o
       128         16          0          0          0         84   _printf_fp_infnan.o
         6          0          0          0          0          0   _printf_g.o
       148          4         40          0          0        160   _printf_hex_int_ll_ptr.o
         6          0          0          0          0          0   _printf_i.o
       178          0          0          0          0         88   _printf_intcommon.o
        10          0          0          0          0          0   _printf_l.o
         6          0          0          0          0          0   _printf_lc.o
        10          0          0          0          0          0   _printf_ll.o
         6          0          0          0          0          0   _printf_lld.o
         6          0          0          0          0          0   _printf_lli.o
         6          0          0          0          0          0   _printf_llo.o
         6          0          0          0          0          0   _printf_llu.o
         6          0          0          0          0          0   _printf_llx.o
       124         16          0          0          0         92   _printf_longlong_dec.o
         6          0          0          0          0          0   _printf_ls.o
         6          0          0          0          0          0   _printf_n.o
         6          0          0          0          0          0   _printf_o.o
       112         10          0          0          0        124   _printf_oct_int_ll.o
         6          0          0          0          0          0   _printf_p.o
        78          0          0          0          0        108   _printf_pad.o
         0          0          0          0          0          0   _printf_percent.o
         4          0          0          0          0          0   _printf_percent_end.o
         6          0          0          0          0          0   _printf_s.o
        82          0          0          0          0         80   _printf_str.o
        36          0          0          0          0         84   _printf_truncate.o
         6          0          0          0          0          0   _printf_u.o
        44          0          0          0          0        108   _printf_wchar.o
       188          6          8          0          0         92   _printf_wctomb.o
         6          0          0          0          0          0   _printf_x.o
        16          0          0          0          0         68   _snputc.o
        10          0          0          0          0         68   _sputc.o
        64          0          0          0          0         92   _wcrtomb.o
       228          4        148          0          0         96   bigflt0.o
      1936        128          0          0          0        672   btod.o
        10          0          0          0          0         68   defsig_exit.o
        50          0          0          0          0         88   defsig_general.o
        80         58          0          0          0         76   defsig_rtmem_inner.o
        14          0          0          0          0         80   defsig_rtmem_outer.o
        52         38          0          0          0         76   defsig_rtred_inner.o
        14          0          0          0          0         80   defsig_rtred_outer.o
        18          0          0          0          0         80   exit.o
        76          0          0          0          0         88   fclose.o
         8          0          0          0          0         68   ferror.o
       470          0          0          0          0         88   flsbuf.o
       236          4          0          0          0        128   fopen.o
        26          0          0          0          0         68   fputc.o
       248          6          0          0          0         84   fseek.o
        66          0          0          0          0         76   ftell.o
        94          0          0          0          0         80   h1_alloc.o
        52          0          0          0          0         68   h1_extend.o
        78          0          0          0          0         80   h1_free.o
        14          0          0          0          0         84   h1_init.o
         6          0          0          0          0        152   heapauxi.o
         4          0          0          0          0        136   hguard.o
         0          0          0          0          0          0   indicate_semi.o
       138          0          0          0          0        168   init_alloc.o
       312         46          0          0          0        112   initio.o
        44         10        272          0          0         76   lc_ctype_c.o
        44         10         28          0          0         76   lc_numeric_c.o
         2          0          0          0          0          0   libinit.o
        42          0          0          0          0          0   libinit2.o
         2          0          0          0          0          0   libshutdown.o
         6          0          0          0          0          0   libshutdown2.o
         8          4          0          0         96         68   libspace.o
       138          0          0          0          0         80   lludiv10.o
         0          0          0          0          0          0   maybetermalloc1.o
        16          4          0          0          0         76   rt_ctype_table.o
         8          4          0          0          0         68   rt_errno_addr_intlibspace.o
         8          4          0          0          0         68   rt_heap_descriptor_intlibspace.o
         8          4          0          0          0         68   rt_locale_intlibspace.o
        78          0          0          0          0         80   rt_memclr_w.o
       138          0          0          0          0         68   rt_memcpy_v6.o
       100          0          0          0          0         80   rt_memcpy_w.o
         2          0          0          0          0          0   rtexit.o
        10          0          0          0          0          0   rtexit2.o
        70          0          0          0          0         80   setvbuf.o
       240          6          0          0          0        156   stdio.o
         0          0          0         12        252          0   stdio_streams.o
       128          0          0          0          0         68   strcmpv7m.o
        62          0          0          0          0         76   strlen.o
        36          0          0          0          0         80   strstr.o
        12          4          0          0          0         68   sys_exit.o
       102          0         12          0          0        240   sys_io.o
        74          0          0          0          0         80   sys_stackheap_outer.o
        14          0          0          0          0         76   sys_wrch.o
         2          0          0          0          0         68   use_no_semi.o
        52          4          0          0          0         80   vsnprintf.o
         4          0          0          0          0         68   printf1.o
         4          0          0          0          0         68   printf2.o
         0          0          0          0          0          0   usenofp.o
        40          0          0          0          0         68   fpclassify.o

    ----------------------------------------------------------------------
      9766        440        568         12        348       7200   Library Totals
        22          0          5          0          0          0   (incl. Padding)

    ----------------------------------------------------------------------

      Code (inc. data)   RO Data    RW Data    ZI Data      Debug   Library Name

      9696        440        563         12        348       6996   c_w.l
         8          0          0          0          0        136   fz_ws.l
        40          0          0          0          0         68   m_ws.l

    ----------------------------------------------------------------------
      9766        440        568         12        348       7200   Library Totals

    ----------------------------------------------------------------------

==============================================================================


      Code (inc. data)   RO Data    RW Data    ZI Data      Debug   

     17388        900        860         36       2628     839679   Grand Totals
     17388        900        860         36       2628     839679   ELF Image Totals
     17388        900        860         36          0          0   ROM Totals

==============================================================================

    Total RO  Size (Code + RO Data)                18248 (  17.82kB)
    Total RW  Size (RW Data + ZI Data)              2664 (   2.60kB)
    Total ROM Size (Code + RO Data + RW Data)      18284 (  17.86kB)

==============================================================================

