<html>
<body>
<pre>
<h1>礦ision Build Log</h1>
<h2>Tool Versions:</h2>
IDE-Version: μVision V5.36.0.0
Copyright (C) 2021 ARM Ltd and ARM Germany GmbH. All rights reserved.
License Information: 1 2676915624@qq.com, 1, LIC=----
 
Tool Versions:
Toolchain:       MDK-Lite  Version: 5.36.0.0
Toolchain Path:  C:\Keil_v5\ARM\ARMCC\Bin
C Compiler:      Armcc.exe V5.06 update 7 (build 960)
Assembler:       Armasm.exe V5.06 update 7 (build 960)
Linker/Locator:  ArmLink.exe V5.06 update 7 (build 960)
Library Manager: ArmAr.exe V5.06 update 7 (build 960)
Hex Converter:   FromElf.exe V5.06 update 7 (build 960)
CPU DLL:         SARMCM3.DLL V5.36.0.0
Dialog DLL:      DCM.DLL V1.17.3.0
Target DLL:      UL2CM3.DLL V1.164.0.0
Dialog DLL:      TCM.DLL V1.53.0.0
 
<h2>Project:</h2>
D:\stm32 cubmx\stm_project\光照故障检测系统\USER\USART.uvprojx
Project File Date:  04/17/2022

<h2>Output:</h2>
*** Using Compiler 'V5.06 update 7 (build 960)', folder: 'C:\Keil_v5\ARM\ARMCC\Bin'
Build target 'USART'
Clean started - Project: 'USART'
   deleting intermediate output files for target 'USART'
compiling main.c...
main.c(21): warning:  #1295-D: Deprecated declaration Clock_Init - give arg types
  void Clock_Init();
main.c(22): warning:  #1295-D: Deprecated declaration time - give arg types
  void time();
main.c(26): warning:  #177-D: variable "value"  was declared but never referenced
        u16 value=0;
main.c(27): warning:  #177-D: variable "vol"  was declared but never referenced
        float vol;
main.c(29): warning:  #177-D: variable "strbuf"  was declared but never referenced
        char strbuf[100],a[100];
main.c(29): warning:  #177-D: variable "a"  was declared but never referenced
        char strbuf[100],a[100];
main.c(31): warning:  #177-D: variable "t"  was declared but never referenced
        u8 t,h;
main.c(31): warning:  #177-D: variable "h"  was declared but never referenced
        u8 t,h;
main.c: 8 warnings, 0 errors
compiling stm32f10x_it.c...
compiling system_stm32f10x.c...
compiling esp8266.c...
compiling timer.c...
compiling usart3.c...
compiling led.c...
compiling adc.c...
compiling rtc.c...
..\HARDWARE\RTC\rtc.c(256): warning:  #177-D: function "USART_GetString"  was declared but never referenced
  char *USART_GetString(char *s)//从串口阻塞等待一个字符串，遇到0x0d或者0x0a结束
..\HARDWARE\RTC\rtc.c: 1 warning, 0 errors
compiling DHT11.C...
compiling delay.c...
compiling sys.c...
compiling usart.c...
compiling core_cm3.c...
assembling startup_stm32f10x_hd.s...
compiling misc.c...
compiling stm32f10x_gpio.c...
compiling stm32f10x_rcc.c...
compiling stm32f10x_usart.c...
compiling stm32f10x_tim.c...
compiling stm32f10x_adc.c...
compiling stm32f10x_rtc.c...
compiling stm32f10x_bkp.c...
compiling stm32f10x_pwr.c...
compiling stm32f10x_flash.c...
linking...
Program Size: Code=16072 RO-data=852 RW-data=56 ZI-data=3032  
"..\OBJ\USART.axf" - 0 Error(s), 9 Warning(s).

*** Performing Cross-Module-Optimization:
compiling system_stm32f10x.c...
compiling esp8266.c...
compiling adc.c...
compiling rtc.c...
..\HARDWARE\RTC\rtc.c(256): warning:  #177-D: function "USART_GetString"  was declared but never referenced
  char *USART_GetString(char *s)//从串口阻塞等待一个字符串，遇到0x0d或者0x0a结束
..\HARDWARE\RTC\rtc.c: 1 warning, 0 errors
compiling DHT11.C...
compiling delay.c...
compiling sys.c...
compiling core_cm3.c...
compiling misc.c...
compiling stm32f10x_gpio.c...
compiling stm32f10x_rcc.c...
compiling stm32f10x_usart.c...
compiling stm32f10x_tim.c...
compiling stm32f10x_adc.c...
compiling stm32f10x_rtc.c...
compiling stm32f10x_bkp.c...
compiling stm32f10x_pwr.c...
compiling stm32f10x_flash.c...
linking...
Program Size: Code=10864 RO-data=852 RW-data=56 ZI-data=3032  
compiling system_stm32f10x.c...
compiling esp8266.c...
compiling adc.c...
compiling rtc.c...
..\HARDWARE\RTC\rtc.c(256): warning:  #177-D: function "USART_GetString"  was declared but never referenced
  char *USART_GetString(char *s)//从串口阻塞等待一个字符串，遇到0x0d或者0x0a结束
..\HARDWARE\RTC\rtc.c: 1 warning, 0 errors
compiling DHT11.C...
compiling delay.c...
compiling sys.c...
compiling core_cm3.c...
compiling misc.c...
compiling stm32f10x_gpio.c...
compiling stm32f10x_rcc.c...
compiling stm32f10x_usart.c...
compiling stm32f10x_tim.c...
compiling stm32f10x_adc.c...
compiling stm32f10x_rtc.c...
compiling stm32f10x_bkp.c...
compiling stm32f10x_pwr.c...
compiling stm32f10x_flash.c...
linking...
Program Size: Code=10864 RO-data=852 RW-data=56 ZI-data=3032  
FromELF: creating hex file...
"..\OBJ\USART.axf" - 0 Error(s), 1 Warning(s).
*** Completed Cross-Module-Optimization after 3 iteration(s).

<h2>Software Packages used:</h2>

Package Vendor: Keil
                http://www.keil.com/pack/Keil.STM32F1xx_DFP.2.1.0.pack
                Keil.STM32F1xx_DFP.2.1.0
                STMicroelectronics STM32F1 Series Device Support, Drivers and Examples

<h2>Collection of Component include folders:</h2>
  D:\Program Files\keil5\Keil\STM32F1xx_DFP\2.1.0\Device\Include

<h2>Collection of Component Files used:</h2>
Build Time Elapsed:  00:00:18
</pre>
</body>
</html>
